Archive member included to satisfy reference by file (symbol)

c:/st/stm32cubeide_1.3.0/stm32cubeide/plugins/com.st.stm32cube.ide.mcu.externaltools.gnu-tools-for-stm32.7-2018-q2-update.win32_1.0.0.201904181610/tools/bin/../lib/gcc/arm-none-eabi/7.3.1/../../../../arm-none-eabi/lib/thumb/v7-m\libc_nano.a(lib_a-errno.o)
                              Core/Src/syscalls.o (__errno)
c:/st/stm32cubeide_1.3.0/stm32cubeide/plugins/com.st.stm32cube.ide.mcu.externaltools.gnu-tools-for-stm32.7-2018-q2-update.win32_1.0.0.201904181610/tools/bin/../lib/gcc/arm-none-eabi/7.3.1/../../../../arm-none-eabi/lib/thumb/v7-m\libc_nano.a(lib_a-exit.o)
                              c:/st/stm32cubeide_1.3.0/stm32cubeide/plugins/com.st.stm32cube.ide.mcu.externaltools.gnu-tools-for-stm32.7-2018-q2-update.win32_1.0.0.201904181610/tools/bin/../lib/gcc/arm-none-eabi/7.3.1/../../../../arm-none-eabi/lib/thumb/v7-m/crt0.o (exit)
c:/st/stm32cubeide_1.3.0/stm32cubeide/plugins/com.st.stm32cube.ide.mcu.externaltools.gnu-tools-for-stm32.7-2018-q2-update.win32_1.0.0.201904181610/tools/bin/../lib/gcc/arm-none-eabi/7.3.1/../../../../arm-none-eabi/lib/thumb/v7-m\libc_nano.a(lib_a-impure.o)
                              c:/st/stm32cubeide_1.3.0/stm32cubeide/plugins/com.st.stm32cube.ide.mcu.externaltools.gnu-tools-for-stm32.7-2018-q2-update.win32_1.0.0.201904181610/tools/bin/../lib/gcc/arm-none-eabi/7.3.1/../../../../arm-none-eabi/lib/thumb/v7-m\libc_nano.a(lib_a-exit.o) (_global_impure_ptr)
c:/st/stm32cubeide_1.3.0/stm32cubeide/plugins/com.st.stm32cube.ide.mcu.externaltools.gnu-tools-for-stm32.7-2018-q2-update.win32_1.0.0.201904181610/tools/bin/../lib/gcc/arm-none-eabi/7.3.1/../../../../arm-none-eabi/lib/thumb/v7-m\libc_nano.a(lib_a-init.o)
                              c:/st/stm32cubeide_1.3.0/stm32cubeide/plugins/com.st.stm32cube.ide.mcu.externaltools.gnu-tools-for-stm32.7-2018-q2-update.win32_1.0.0.201904181610/tools/bin/../lib/gcc/arm-none-eabi/7.3.1/../../../../arm-none-eabi/lib/thumb/v7-m/crt0.o (__libc_init_array)
c:/st/stm32cubeide_1.3.0/stm32cubeide/plugins/com.st.stm32cube.ide.mcu.externaltools.gnu-tools-for-stm32.7-2018-q2-update.win32_1.0.0.201904181610/tools/bin/../lib/gcc/arm-none-eabi/7.3.1/../../../../arm-none-eabi/lib/thumb/v7-m\libc_nano.a(lib_a-memcpy-stub.o)
                              Core/Src/MY_NRF24.o (memcpy)
c:/st/stm32cubeide_1.3.0/stm32cubeide/plugins/com.st.stm32cube.ide.mcu.externaltools.gnu-tools-for-stm32.7-2018-q2-update.win32_1.0.0.201904181610/tools/bin/../lib/gcc/arm-none-eabi/7.3.1/../../../../arm-none-eabi/lib/thumb/v7-m\libc_nano.a(lib_a-memset.o)
                              c:/st/stm32cubeide_1.3.0/stm32cubeide/plugins/com.st.stm32cube.ide.mcu.externaltools.gnu-tools-for-stm32.7-2018-q2-update.win32_1.0.0.201904181610/tools/bin/../lib/gcc/arm-none-eabi/7.3.1/../../../../arm-none-eabi/lib/thumb/v7-m/crt0.o (memset)
c:/st/stm32cubeide_1.3.0/stm32cubeide/plugins/com.st.stm32cube.ide.mcu.externaltools.gnu-tools-for-stm32.7-2018-q2-update.win32_1.0.0.201904181610/tools/bin/../lib/gcc/arm-none-eabi/7.3.1/../../../../arm-none-eabi/lib/thumb/v7-m\libc_nano.a(lib_a-sprintf.o)
                              Core/Src/MY_NRF24.o (sprintf)
c:/st/stm32cubeide_1.3.0/stm32cubeide/plugins/com.st.stm32cube.ide.mcu.externaltools.gnu-tools-for-stm32.7-2018-q2-update.win32_1.0.0.201904181610/tools/bin/../lib/gcc/arm-none-eabi/7.3.1/../../../../arm-none-eabi/lib/thumb/v7-m\libc_nano.a(lib_a-strlen.o)
                              Core/Src/MY_NRF24.o (strlen)
c:/st/stm32cubeide_1.3.0/stm32cubeide/plugins/com.st.stm32cube.ide.mcu.externaltools.gnu-tools-for-stm32.7-2018-q2-update.win32_1.0.0.201904181610/tools/bin/../lib/gcc/arm-none-eabi/7.3.1/../../../../arm-none-eabi/lib/thumb/v7-m\libc_nano.a(lib_a-nano-svfprintf.o)
                              c:/st/stm32cubeide_1.3.0/stm32cubeide/plugins/com.st.stm32cube.ide.mcu.externaltools.gnu-tools-for-stm32.7-2018-q2-update.win32_1.0.0.201904181610/tools/bin/../lib/gcc/arm-none-eabi/7.3.1/../../../../arm-none-eabi/lib/thumb/v7-m\libc_nano.a(lib_a-sprintf.o) (_svfprintf_r)
c:/st/stm32cubeide_1.3.0/stm32cubeide/plugins/com.st.stm32cube.ide.mcu.externaltools.gnu-tools-for-stm32.7-2018-q2-update.win32_1.0.0.201904181610/tools/bin/../lib/gcc/arm-none-eabi/7.3.1/../../../../arm-none-eabi/lib/thumb/v7-m\libc_nano.a(lib_a-nano-vfprintf_i.o)
                              c:/st/stm32cubeide_1.3.0/stm32cubeide/plugins/com.st.stm32cube.ide.mcu.externaltools.gnu-tools-for-stm32.7-2018-q2-update.win32_1.0.0.201904181610/tools/bin/../lib/gcc/arm-none-eabi/7.3.1/../../../../arm-none-eabi/lib/thumb/v7-m\libc_nano.a(lib_a-nano-svfprintf.o) (_printf_i)
c:/st/stm32cubeide_1.3.0/stm32cubeide/plugins/com.st.stm32cube.ide.mcu.externaltools.gnu-tools-for-stm32.7-2018-q2-update.win32_1.0.0.201904181610/tools/bin/../lib/gcc/arm-none-eabi/7.3.1/../../../../arm-none-eabi/lib/thumb/v7-m\libc_nano.a(lib_a-memchr-stub.o)
[...]
Memory Configuration

Name             Origin             Length             Attributes
RAM              0x0000000020000000 0x0000000000005000 xrw
FLASH            0x0000000008000000 0x0000000000020000 xr
*default*        0x0000000000000000 0xffffffffffffffff

Linker script and memory map

LOAD c:/st/stm32cubeide_1.3.0/stm32cubeide/plugins/com.st.stm32cube.ide.mcu.externaltools.gnu-tools-for-stm32.7-2018-q2-update.win32_1.0.0.201904181610/tools/bin/../lib/gcc/arm-none-eabi/7.3.1/thumb/v7-m/crti.o
LOAD c:/st/stm32cubeide_1.3.0/stm32cubeide/plugins/com.st.stm32cube.ide.mcu.externaltools.gnu-tools-for-stm32.7-2018-q2-update.win32_1.0.0.201904181610/tools/bin/../lib/gcc/arm-none-eabi/7.3.1/thumb/v7-m/crtbegin.o
LOAD c:/st/stm32cubeide_1.3.0/stm32cubeide/plugins/com.st.stm32cube.ide.mcu.externaltools.gnu-tools-for-stm32.7-2018-q2-update.win32_1.0.0.201904181610/tools/bin/../lib/gcc/arm-none-eabi/7.3.1/../../../../arm-none-eabi/lib/thumb/v7-m/crt0.o
LOAD Core/Src/MY_NRF24.o
LOAD Core/Src/TJ_MPU6050.o
LOAD Core/Src/fonts.o
LOAD Core/Src/i2c-lcd.o
LOAD Core/Src/main.o
LOAD Core/Src/my_usbd_custom_hid_if.o
LOAD Core/Src/my_usbd_customhid.o
LOAD Core/Src/ssd1306.o
LOAD Core/Src/stm32f1xx_hal_msp.o
LOAD Core/Src/stm32f1xx_it.o
LOAD Core/Src/syscalls.o
LOAD Core/Src/sysmem.o
LOAD Core/Src/system_stm32f1xx.o
LOAD Core/Startup/startup_stm32f103cbtx.o
LOAD Drivers/STM32F1xx_HAL_Driver/Src/stm32f1xx_hal.o
LOAD Drivers/STM32F1xx_HAL_Driver/Src/stm32f1xx_hal_adc.o
LOAD Drivers/STM32F1xx_HAL_Driver/Src/stm32f1xx_hal_adc_ex.o
LOAD Drivers/STM32F1xx_HAL_Driver/Src/stm32f1xx_hal_cortex.o
LOAD Drivers/STM32F1xx_HAL_Driver/Src/stm32f1xx_hal_dma.o
LOAD Drivers/STM32F1xx_HAL_Driver/Src/stm32f1xx_hal_exti.o
LOAD Drivers/STM32F1xx_HAL_Driver/Src/stm32f1xx_hal_flash.o
LOAD Drivers/STM32F1xx_HAL_Driver/Src/stm32f1xx_hal_flash_ex.o
LOAD Drivers/STM32F1xx_HAL_Driver/Src/stm32f1xx_hal_gpio.o
LOAD Drivers/STM32F1xx_HAL_Driver/Src/stm32f1xx_hal_gpio_ex.o
LOAD Drivers/STM32F1xx_HAL_Driver/Src/stm32f1xx_hal_i2c.o
LOAD Drivers/STM32F1xx_HAL_Driver/Src/stm32f1xx_hal_pcd.o
LOAD Drivers/STM32F1xx_HAL_Driver/Src/stm32f1xx_hal_pcd_ex.o
LOAD Drivers/STM32F1xx_HAL_Driver/Src/stm32f1xx_hal_pwr.o
LOAD Drivers/STM32F1xx_HAL_Driver/Src/stm32f1xx_hal_rcc.o
LOAD Drivers/STM32F1xx_HAL_Driver/Src/stm32f1xx_hal_rcc_ex.o
LOAD Drivers/STM32F1xx_HAL_Driver/Src/stm32f1xx_hal_spi.o
LOAD Drivers/STM32F1xx_HAL_Driver/Src/stm32f1xx_hal_tim.o
LOAD Drivers/STM32F1xx_HAL_Driver/Src/stm32f1xx_hal_tim_ex.o
LOAD Drivers/STM32F1xx_HAL_Driver/Src/stm32f1xx_hal_uart.o
LOAD Drivers/STM32F1xx_HAL_Driver/Src/stm32f1xx_ll_usb.o
LOAD Middlewares/ST/STM32_USB_Device_Library/Class/CDC/Src/usbd_cdc.o
LOAD Middlewares/ST/STM32_USB_Device_Library/Core/Src/usbd_core.o
LOAD Middlewares/ST/STM32_USB_Device_Library/Core/Src/usbd_ctlreq.o
LOAD Middlewares/ST/STM32_USB_Device_Library/Core/Src/usbd_ioreq.o
LOAD USB_DEVICE/App/usb_device.o
LOAD USB_DEVICE/App/usbd_cdc_if.o
LOAD USB_DEVICE/App/usbd_desc.o
LOAD USB_DEVICE/Target/usbd_conf.o
START GROUP
LOAD c:/st/stm32cubeide_1.3.0/stm32cubeide/plugins/com.st.stm32cube.ide.mcu.externaltools.gnu-tools-for-stm32.7-2018-q2-update.win32_1.0.0.201904181610/tools/bin/../lib/gcc/arm-none-eabi/7.3.1/../../../../arm-none-eabi/lib/thumb/v7-m\libc_nano.a
LOAD c:/st/stm32cubeide_1.3.0/stm32cubeide/plugins/com.st.stm32cube.ide.mcu.externaltools.gnu-tools-for-stm32.7-2018-q2-update.win32_1.0.0.201904181610/tools/bin/../lib/gcc/arm-none-eabi/7.3.1/../../../../arm-none-eabi/lib/thumb/v7-m\libm.a
END GROUP
START GROUP
LOAD c:/st/stm32cubeide_1.3.0/stm32cubeide/plugins/com.st.stm32cube.ide.mcu.externaltools.gnu-tools-for-stm32.7-2018-q2-update.win32_1.0.0.201904181610/tools/bin/../lib/gcc/arm-none-eabi/7.3.1/thumb/v7-m\libgcc.a
LOAD c:/st/stm32cubeide_1.3.0/stm32cubeide/plugins/com.st.stm32cube.ide.mcu.externaltools.gnu-tools-for-stm32.7-2018-q2-update.win32_1.0.0.201904181610/tools/bin/../lib/gcc/arm-none-eabi/7.3.1/../../../../arm-none-eabi/lib/thumb/v7-m\libc_nano.a
END GROUP
START GROUP
LOAD c:/st/stm32cubeide_1.3.0/stm32cubeide/plugins/com.st.stm32cube.ide.mcu.externaltools.gnu-tools-for-stm32.7-2018-q2-update.win32_1.0.0.201904181610/tools/bin/../lib/gcc/arm-none-eabi/7.3.1/thumb/v7-m\libgcc.a
LOAD c:/st/stm32cubeide_1.3.0/stm32cubeide/plugins/com.st.stm32cube.ide.mcu.externaltools.gnu-tools-for-stm32.7-2018-q2-update.win32_1.0.0.201904181610/tools/bin/../lib/gcc/arm-none-eabi/7.3.1/../../../../arm-none-eabi/lib/thumb/v7-m\libc_nano.a
LOAD c:/st/stm32cubeide_1.3.0/stm32cubeide/plugins/com.st.stm32cube.ide.mcu.externaltools.gnu-tools-for-stm32.7-2018-q2-update.win32_1.0.0.201904181610/tools/bin/../lib/gcc/arm-none-eabi/7.3.1/../../../../arm-none-eabi/lib/thumb/v7-m\libnosys.a
END GROUP
START GROUP
LOAD c:/st/stm32cubeide_1.3.0/stm32cubeide/plugins/com.st.stm32cube.ide.mcu.externaltools.gnu-tools-for-stm32.7-2018-q2-update.win32_1.0.0.201904181610/tools/bin/../lib/gcc/arm-none-eabi/7.3.1/thumb/v7-m\libgcc.a
LOAD c:/st/stm32cubeide_1.3.0/stm32cubeide/plugins/com.st.stm32cube.ide.mcu.externaltools.gnu-tools-for-stm32.7-2018-q2-update.win32_1.0.0.201904181610/tools/bin/../lib/gcc/arm-none-eabi/7.3.1/../../../../arm-none-eabi/lib/thumb/v7-m\libc_nano.a
LOAD c:/st/stm32cubeide_1.3.0/stm32cubeide/plugins/com.st.stm32cube.ide.mcu.externaltools.gnu-tools-for-stm32.7-2018-q2-update.win32_1.0.0.201904181610/tools/bin/../lib/gcc/arm-none-eabi/7.3.1/../../../../arm-none-eabi/lib/thumb/v7-m\libnosys.a
END GROUP
LOAD c:/st/stm32cubeide_1.3.0/stm32cubeide/plugins/com.st.stm32cube.ide.mcu.externaltools.gnu-tools-for-stm32.7-2018-q2-update.win32_1.0.0.201904181610/tools/bin/../lib/gcc/arm-none-eabi/7.3.1/thumb/v7-m/crtend.o
LOAD c:/st/stm32cubeide_1.3.0/stm32cubeide/plugins/com.st.stm32cube.ide.mcu.externaltools.gnu-tools-for-stm32.7-2018-q2-update.win32_1.0.0.201904181610/tools/bin/../lib/gcc/arm-none-eabi/7.3.1/thumb/v7-m/crtn.o
                0x0000000020005000                _estack = (ORIGIN (RAM) + LENGTH (RAM))
                0x0000000000000200                _Min_Heap_Size = 0x200
                0x0000000000000400                _Min_Stack_Size = 0x400

.isr_vector     0x0000000008000000      0x10c
                0x0000000008000000                . = ALIGN (0x4)
 *(.isr_vector)
 .isr_vector    0x0000000008000000      0x10c Core/Startup/startup_stm32f103cbtx.o
                0x0000000008000000                g_pfnVectors
                0x000000000800010c                . = ALIGN (0x4)

.text           0x0000000008000110     0xc9d8
                0x0000000008000110                . = ALIGN (0x4)
 *(.text)
 .text          0x0000000008000110       0x40 c:/st/stm32cubeide_1.3.0/stm32cubeide/plugins/com.st.stm32cube.ide.mcu.externaltools.gnu-tools-for-stm32.7-2018-q2-update.win32_1.0.0.201904181610/tools/bin/../lib/gcc/arm-none-eabi/7.3.1/thumb/v7-m/crtbegin.o
 .text          0x0000000008000150       0x10 c:/st/stm32cubeide_1.3.0/stm32cubeide/plugins/com.st.stm32cube.ide.mcu.externaltools.gnu-tools-for-stm32.7-2018-q2-update.win32_1.0.0.201904181610/tools/bin/../lib/gcc/arm-none-eabi/7.3.1/../../../../arm-none-eabi/lib/thumb/v7-m\libc_nano.a(lib_a-strlen.o)
                0x0000000008000150                strlen
 .text          0x0000000008000160      0x378 c:/st/stm32cubeide_1.3.0/stm32cubeide/plugins/com.st.stm32cube.ide.mcu.externaltools.gnu-tools-for-stm32.7-2018-q2-update.win32_1.0.0.201904181610/tools/bin/../lib/gcc/arm-none-eabi/7.3.1/thumb/v7-m\libgcc.a(_arm_addsubdf3.o)
                0x0000000008000160                __aeabi_drsub
                0x0000000008000168                __aeabi_dsub
                0x0000000008000168                __subdf3
                0x000000000800016c                __aeabi_dadd
                0x000000000800016c                __adddf3
                0x00000000080003e4                __floatunsidf
                0x00000000080003e4                __aeabi_ui2d
                0x0000000008000404                __floatsidf
                0x0000000008000404                __aeabi_i2d
                0x0000000008000428                __aeabi_f2d
                0x0000000008000428                __extendsfdf2
                0x000000000800046c                __floatundidf
                0x000000000800046c                __aeabi_ul2d
                0x000000000800047c                __floatdidf
                0x000000000800047c                __aeabi_l2d
 .text          0x00000000080004d8      0x424 c:/st/stm32cubeide_1.3.0/stm32cubeide/plugins/com.st.stm32cube.ide.mcu.externaltools.gnu-tools-for-stm32.7-2018-q2-update.win32_1.0.0.201904181610/tools/bin/../lib/gcc/arm-none-eabi/7.3.1/thumb/v7-m\libgcc.a(_arm_muldivdf3.o)
                0x00000000080004d8                __aeabi_dmul
                0x00000000080004d8                __muldf3
                0x000000000800072c                __divdf3
                0x000000000800072c                __aeabi_ddiv
 .text          0x00000000080008fc      0x110 c:/st/stm32cubeide_1.3.0/stm32cubeide/plugins/com.st.stm32cube.ide.mcu.externaltools.gnu-tools-for-stm32.7-2018-q2-update.win32_1.0.0.201904181610/tools/bin/../lib/gcc/arm-none-eabi/7.3.1/thumb/v7-m\libgcc.a(_arm_cmpdf2.o)
                0x00000000080008fc                __gtdf2
                0x00000000080008fc                __gedf2
                0x0000000008000904                __ltdf2
                0x0000000008000904                __ledf2
                0x000000000800090c                __nedf2
                0x000000000800090c                __eqdf2
                0x000000000800090c                __cmpdf2
                0x0000000008000988                __aeabi_cdrcmple
                0x0000000008000998                __aeabi_cdcmpeq
                0x0000000008000998                __aeabi_cdcmple
                0x00000000080009a8                __aeabi_dcmpeq
                0x00000000080009bc                __aeabi_dcmplt
                0x00000000080009d0                __aeabi_dcmple
                0x00000000080009e4                __aeabi_dcmpge
                0x00000000080009f8                __aeabi_dcmpgt
 .text          0x0000000008000a0c       0x50 c:/st/stm32cubeide_1.3.0/stm32cubeide/plugins/com.st.stm32cube.ide.mcu.externaltools.gnu-tools-for-stm32.7-2018-q2-update.win32_1.0.0.201904181610/tools/bin/../lib/gcc/arm-none-eabi/7.3.1/thumb/v7-m\libgcc.a(_arm_fixdfsi.o)
                0x0000000008000a0c                __aeabi_d2iz
                0x0000000008000a0c                __fixdfsi
 *(.text*)
 .text.NRF24_DelayMicroSeconds
                0x0000000008000a5c       0x40 Core/Src/MY_NRF24.o
                0x0000000008000a5c                NRF24_DelayMicroSeconds
 .text.NRF24_csn
                0x0000000008000a9c       0x40 Core/Src/MY_NRF24.o
                0x0000000008000a9c                NRF24_csn
 .text.NRF24_ce
                0x0000000008000adc       0x40 Core/Src/MY_NRF24.o
                0x0000000008000adc                NRF24_ce
 .text.NRF24_read_register
                0x0000000008000b1c       0x50 Core/Src/MY_NRF24.o
                0x0000000008000b1c                NRF24_read_register
 .text.NRF24_read_registerN
                0x0000000008000b6c       0x50 Core/Src/MY_NRF24.o
                0x0000000008000b6c                NRF24_read_registerN
 .text.NRF24_write_register
                0x0000000008000bbc       0x44 Core/Src/MY_NRF24.o
                0x0000000008000bbc                NRF24_write_register
 .text.NRF24_write_registerN
                0x0000000008000c00       0x50 Core/Src/MY_NRF24.o
                0x0000000008000c00                NRF24_write_registerN
 .text.NRF24_read_payload
                0x0000000008000c50       0x60 Core/Src/MY_NRF24.o
                0x0000000008000c50                NRF24_read_payload
 .text.NRF24_flush_tx
                0x0000000008000cb0       0x10 Core/Src/MY_NRF24.o
                0x0000000008000cb0                NRF24_flush_tx
 .text.NRF24_flush_rx
                0x0000000008000cc0       0x10 Core/Src/MY_NRF24.o
                0x0000000008000cc0                NRF24_flush_rx
 .text.NRF24_get_status
                0x0000000008000cd0       0x1a Core/Src/MY_NRF24.o
                0x0000000008000cd0                NRF24_get_status
 *fill*         0x0000000008000cea        0x2 
 .text.NRF24_begin
                0x0000000008000cec      0x1c0 Core/Src/MY_NRF24.o
                0x0000000008000cec                NRF24_begin
 .text.NRF24_startListening
                0x0000000008000eac       0x48 Core/Src/MY_NRF24.o
                0x0000000008000eac                NRF24_startListening
 .text.NRF24_available
                0x0000000008000ef4       0x10 Core/Src/MY_NRF24.o
                0x0000000008000ef4                NRF24_available
 .text.NRF24_read
                0x0000000008000f04       0x40 Core/Src/MY_NRF24.o
                0x0000000008000f04                NRF24_read
 .text.NRF24_openReadingPipe
                0x0000000008000f44       0x9c Core/Src/MY_NRF24.o
                0x0000000008000f44                NRF24_openReadingPipe
 .text.NRF24_setRetries
                0x0000000008000fe0       0x36 Core/Src/MY_NRF24.o
                0x0000000008000fe0                NRF24_setRetries
 .text.NRF24_setChannel
                0x0000000008001016       0x2a Core/Src/MY_NRF24.o
                0x0000000008001016                NRF24_setChannel
 .text.NRF24_setPayloadSize
                0x0000000008001040       0x2c Core/Src/MY_NRF24.o
                0x0000000008001040                NRF24_setPayloadSize
 .text.NRF24_getPayloadSize
                0x000000000800106c       0x14 Core/Src/MY_NRF24.o
                0x000000000800106c                NRF24_getPayloadSize
 .text.NRF24_getDynamicPayloadSize
                0x0000000008001080       0x10 Core/Src/MY_NRF24.o
                0x0000000008001080                NRF24_getDynamicPayloadSize
 .text.NRF24_enableAckPayload
                0x0000000008001090       0x5a Core/Src/MY_NRF24.o
                0x0000000008001090                NRF24_enableAckPayload
 *fill*         0x00000000080010ea        0x2 
 .text.NRF24_enableDynamicPayloads
                0x00000000080010ec       0x64 Core/Src/MY_NRF24.o
                0x00000000080010ec                NRF24_enableDynamicPayloads
 .text.NRF24_disableDynamicPayloads
                0x0000000008001150       0x30 Core/Src/MY_NRF24.o
                0x0000000008001150                NRF24_disableDynamicPayloads
 .text.NRF24_setAutoAck
                0x0000000008001180       0x2a Core/Src/MY_NRF24.o
                0x0000000008001180                NRF24_setAutoAck
 .text.NRF24_setPALevel
                0x00000000080011aa       0x72 Core/Src/MY_NRF24.o
                0x00000000080011aa                NRF24_setPALevel
 .text.NRF24_setDataRate
                0x000000000800121c       0x8c Core/Src/MY_NRF24.o
                0x000000000800121c                NRF24_setDataRate
 .text.NRF24_setCRCLength
                0x00000000080012a8       0x50 Core/Src/MY_NRF24.o
                0x00000000080012a8                NRF24_setCRCLength
 .text.NRF24_powerDown
                0x00000000080012f8       0x1e Core/Src/MY_NRF24.o
                0x00000000080012f8                NRF24_powerDown
 .text.NRF24_availablePipe
                0x0000000008001316       0x60 Core/Src/MY_NRF24.o
                0x0000000008001316                NRF24_availablePipe
 .text.NRF24_writeAckPayload
                0x0000000008001376       0x54 Core/Src/MY_NRF24.o
                0x0000000008001376                NRF24_writeAckPayload
 .text.NRF24_resetStatus
                0x00000000080013ca       0x10 Core/Src/MY_NRF24.o
                0x00000000080013ca                NRF24_resetStatus
 *fill*         0x00000000080013da        0x2 
 .text.NRF24_ACTIVATE_cmd
                0x00000000080013dc       0x34 Core/Src/MY_NRF24.o
                0x00000000080013dc                NRF24_ACTIVATE_cmd
 .text.printRadioSettings
                0x0000000008001410      0x924 Core/Src/MY_NRF24.o
                0x0000000008001410                printRadioSettings
 .text.MPU6050_Init
                0x0000000008001d34       0x20 Core/Src/TJ_MPU6050.o
                0x0000000008001d34                MPU6050_Init
 .text.I2C_Read
                0x0000000008001d54       0x50 Core/Src/TJ_MPU6050.o
                0x0000000008001d54                I2C_Read
 .text.I2C_Write8
                0x0000000008001da4       0x3c Core/Src/TJ_MPU6050.o
                0x0000000008001da4                I2C_Write8
 .text.MPU6050_Config
                0x0000000008001de0      0x150 Core/Src/TJ_MPU6050.o
                0x0000000008001de0                MPU6050_Config
 .text.MPU6050_Set_SMPRT_DIV
                0x0000000008001f30       0x1c Core/Src/TJ_MPU6050.o
                0x0000000008001f30                MPU6050_Set_SMPRT_DIV
 .text.MPU6050_Get_Accel_RawData
                0x0000000008001f4c       0xcc Core/Src/TJ_MPU6050.o
                0x0000000008001f4c                MPU6050_Get_Accel_RawData
 .text.MPU6050_Get_Gyro_RawData
                0x0000000008002018       0x34 Core/Src/TJ_MPU6050.o
                0x0000000008002018                MPU6050_Get_Gyro_RawData
 .text.lcd_send_cmd
                0x000000000800204c       0x60 Core/Src/i2c-lcd.o
                0x000000000800204c                lcd_send_cmd
 .text.lcd_init
                0x00000000080020ac       0x20 Core/Src/i2c-lcd.o
                0x00000000080020ac                lcd_init
 .text.Serial_Send
                0x00000000080020cc       0x1e Core/Src/main.o
                0x00000000080020cc                Serial_Send
 .text.wait_for_gpio_state_timeout
                0x00000000080020ea       0x66 Core/Src/main.o
 .text.I2C_ClearBusyFlagErratum
                0x0000000008002150      0x138 Core/Src/main.o
 .text.MapValue
                0x0000000008002288       0x9a Core/Src/main.o
                0x0000000008002288                MapValue
 *fill*         0x0000000008002322        0x2 
 .text.AdsRead  0x0000000008002324       0xcc Core/Src/main.o
                0x0000000008002324                AdsRead
 .text.AdcRead  0x00000000080023f0       0x80 Core/Src/main.o
                0x00000000080023f0                AdcRead
 .text.updateButtons
                0x0000000008002470      0x410 Core/Src/main.o
                0x0000000008002470                updateButtons
 .text.UlToStr  0x0000000008002880       0x68 Core/Src/main.o
                0x0000000008002880                UlToStr
 .text.main     0x00000000080028e8      0x9fc Core/Src/main.o
                0x00000000080028e8                main
 .text.SystemClock_Config
                0x00000000080032e4       0xbc Core/Src/main.o
                0x00000000080032e4                SystemClock_Config
 .text.MX_ADC1_Init
                0x00000000080033a0       0xc0 Core/Src/main.o
 .text.MX_I2C1_Init
                0x0000000008003460       0x5c Core/Src/main.o
 .text.MX_I2C2_Init
                0x00000000080034bc       0x5c Core/Src/main.o
 .text.MX_SPI1_Init
                0x0000000008003518       0x6c Core/Src/main.o
 .text.MX_TIM3_Init
                0x0000000008003584       0xb0 Core/Src/main.o
 .text.MX_USART1_UART_Init
                0x0000000008003634       0x54 Core/Src/main.o
 .text.MX_USART2_UART_Init
                0x0000000008003688       0x54 Core/Src/main.o
 .text.MX_GPIO_Init
                0x00000000080036dc      0x114 Core/Src/main.o
 .text.Error_Handler
                0x00000000080037f0        0xc Core/Src/main.o
                0x00000000080037f0                Error_Handler
 .text.CUSTOM_HID_Init_FS
                0x00000000080037fc        0xe Core/Src/my_usbd_custom_hid_if.o
 .text.CUSTOM_HID_DeInit_FS
                0x000000000800380a        0xe Core/Src/my_usbd_custom_hid_if.o
 .text.CUSTOM_HID_OutEvent_FS
                0x0000000008003818       0x1c Core/Src/my_usbd_custom_hid_if.o
 .text.USBD_CUSTOM_HID_Init
                0x0000000008003834       0x76 Core/Src/my_usbd_customhid.o
 .text.USBD_CUSTOM_HID_DeInit
                0x00000000080038aa       0x4e Core/Src/my_usbd_customhid.o
 .text.USBD_CUSTOM_HID_Setup
                0x00000000080038f8      0x158 Core/Src/my_usbd_customhid.o
 .text.USBD_CUSTOM_HID_SendReport
                0x0000000008003a50       0x48 Core/Src/my_usbd_customhid.o
                0x0000000008003a50                USBD_CUSTOM_HID_SendReport
 .text.USBD_CUSTOM_HID_GetCfgDesc
                0x0000000008003a98       0x20 Core/Src/my_usbd_customhid.o
 .text.USBD_CUSTOM_HID_DataIn
                0x0000000008003ab8       0x24 Core/Src/my_usbd_customhid.o
 .text.USBD_CUSTOM_HID_DataOut
                0x0000000008003adc       0x3e Core/Src/my_usbd_customhid.o
 .text.USBD_CUSTOM_HID_EP0_RxReady
                0x0000000008003b1a       0x3c Core/Src/my_usbd_customhid.o
 *fill*         0x0000000008003b56        0x2 
 .text.USBD_CUSTOM_HID_GetDeviceQualifierDesc
                0x0000000008003b58       0x20 Core/Src/my_usbd_customhid.o
 .text.USBD_CUSTOM_HID_RegisterInterface
                0x0000000008003b78       0x2c Core/Src/my_usbd_customhid.o
                0x0000000008003b78                USBD_CUSTOM_HID_RegisterInterface
 .text.SSD1306_Init
                0x0000000008003ba4      0x17c Core/Src/ssd1306.o
                0x0000000008003ba4                SSD1306_Init
 .text.SSD1306_UpdateScreen
                0x0000000008003d20       0x5c Core/Src/ssd1306.o
                0x0000000008003d20                SSD1306_UpdateScreen
 .text.SSD1306_Fill
                0x0000000008003d7c       0x30 Core/Src/ssd1306.o
                0x0000000008003d7c                SSD1306_Fill
 .text.SSD1306_DrawPixel
                0x0000000008003dac       0xbc Core/Src/ssd1306.o
                0x0000000008003dac                SSD1306_DrawPixel
 .text.SSD1306_GotoXY
                0x0000000008003e68       0x2c Core/Src/ssd1306.o
                0x0000000008003e68                SSD1306_GotoXY
 .text.SSD1306_Putc
                0x0000000008003e94      0x100 Core/Src/ssd1306.o
                0x0000000008003e94                SSD1306_Putc
 .text.SSD1306_Puts
                0x0000000008003f94       0x4a Core/Src/ssd1306.o
                0x0000000008003f94                SSD1306_Puts
 *fill*         0x0000000008003fde        0x2 
 .text.ssd1306_I2C_Init
                0x0000000008003fe0       0x28 Core/Src/ssd1306.o
                0x0000000008003fe0                ssd1306_I2C_Init
 .text.ssd1306_I2C_WriteMulti
                0x0000000008004008       0xb4 Core/Src/ssd1306.o
                0x0000000008004008                ssd1306_I2C_WriteMulti
 .text.ssd1306_I2C_Write
                0x00000000080040bc       0x3c Core/Src/ssd1306.o
                0x00000000080040bc                ssd1306_I2C_Write
 .text.HAL_MspInit
                0x00000000080040f8       0x64 Core/Src/stm32f1xx_hal_msp.o
                0x00000000080040f8                HAL_MspInit
 .text.HAL_ADC_MspInit
                0x000000000800415c       0x78 Core/Src/stm32f1xx_hal_msp.o
                0x000000000800415c                HAL_ADC_MspInit
 .text.HAL_I2C_MspInit
                0x00000000080041d4       0xd8 Core/Src/stm32f1xx_hal_msp.o
                0x00000000080041d4                HAL_I2C_MspInit
 .text.HAL_I2C_MspDeInit
                0x00000000080042ac       0x60 Core/Src/stm32f1xx_hal_msp.o
                0x00000000080042ac                HAL_I2C_MspDeInit
 .text.HAL_SPI_MspInit
                0x000000000800430c       0x94 Core/Src/stm32f1xx_hal_msp.o
                0x000000000800430c                HAL_SPI_MspInit
 .text.HAL_TIM_PWM_MspInit
                0x00000000080043a0       0x3c Core/Src/stm32f1xx_hal_msp.o
                0x00000000080043a0                HAL_TIM_PWM_MspInit
 .text.HAL_TIM_MspPostInit
                0x00000000080043dc       0x64 Core/Src/stm32f1xx_hal_msp.o
                0x00000000080043dc                HAL_TIM_MspPostInit
 .text.HAL_UART_MspInit
                0x0000000008004440      0x108 Core/Src/stm32f1xx_hal_msp.o
                0x0000000008004440                HAL_UART_MspInit
 .text.NMI_Handler
                0x0000000008004548        0xc Core/Src/stm32f1xx_it.o
                0x0000000008004548                NMI_Handler
 .text.HardFault_Handler
                0x0000000008004554        0x6 Core/Src/stm32f1xx_it.o
                0x0000000008004554                HardFault_Handler
 .text.MemManage_Handler
                0x000000000800455a        0x6 Core/Src/stm32f1xx_it.o
                0x000000000800455a                MemManage_Handler
 .text.BusFault_Handler
                0x0000000008004560        0x6 Core/Src/stm32f1xx_it.o
                0x0000000008004560                BusFault_Handler
 .text.UsageFault_Handler
                0x0000000008004566        0x6 Core/Src/stm32f1xx_it.o
                0x0000000008004566                UsageFault_Handler
 .text.SVC_Handler
                0x000000000800456c        0xc Core/Src/stm32f1xx_it.o
                0x000000000800456c                SVC_Handler
 .text.DebugMon_Handler
                0x0000000008004578        0xc Core/Src/stm32f1xx_it.o
                0x0000000008004578                DebugMon_Handler
 .text.PendSV_Handler
                0x0000000008004584        0xc Core/Src/stm32f1xx_it.o
                0x0000000008004584                PendSV_Handler
 .text.SysTick_Handler
                0x0000000008004590        0xc Core/Src/stm32f1xx_it.o
                0x0000000008004590                SysTick_Handler
 .text.USB_LP_CAN1_RX0_IRQHandler
                0x000000000800459c       0x14 Core/Src/stm32f1xx_it.o
                0x000000000800459c                USB_LP_CAN1_RX0_IRQHandler
 .text._sbrk    0x00000000080045b0       0x58 Core/Src/sysmem.o
                0x00000000080045b0                _sbrk
 .text.SystemInit
                0x0000000008004608       0x68 Core/Src/system_stm32f1xx.o
                0x0000000008004608                SystemInit
 .text.Reset_Handler
                0x0000000008004670       0x48 Core/Startup/startup_stm32f103cbtx.o
                0x0000000008004670                Reset_Handler
 .text.Default_Handler
                0x00000000080046b8        0x2 Core/Startup/startup_stm32f103cbtx.o
                0x00000000080046b8                RTC_Alarm_IRQHandler
                0x00000000080046b8                EXTI2_IRQHandler
                0x00000000080046b8                TIM1_CC_IRQHandler
                0x00000000080046b8                PVD_IRQHandler
                0x00000000080046b8                EXTI3_IRQHandler
                0x00000000080046b8                EXTI0_IRQHandler
                0x00000000080046b8                I2C2_EV_IRQHandler
                0x00000000080046b8                ADC1_2_IRQHandler
                0x00000000080046b8                SPI1_IRQHandler
                0x00000000080046b8                TAMPER_IRQHandler
                0x00000000080046b8                DMA1_Channel4_IRQHandler
                0x00000000080046b8                USART3_IRQHandler
                0x00000000080046b8                RTC_IRQHandler
                0x00000000080046b8                DMA1_Channel7_IRQHandler
                0x00000000080046b8                CAN1_RX1_IRQHandler
                0x00000000080046b8                TIM4_IRQHandler
                0x00000000080046b8                I2C1_EV_IRQHandler
                0x00000000080046b8                DMA1_Channel6_IRQHandler
                0x00000000080046b8                TIM3_IRQHandler
                0x00000000080046b8                RCC_IRQHandler
                0x00000000080046b8                TIM1_TRG_COM_IRQHandler
                0x00000000080046b8                DMA1_Channel1_IRQHandler
                0x00000000080046b8                Default_Handler
                0x00000000080046b8                EXTI15_10_IRQHandler
                0x00000000080046b8                EXTI9_5_IRQHandler
                0x00000000080046b8                SPI2_IRQHandler
                0x00000000080046b8                DMA1_Channel5_IRQHandler
                0x00000000080046b8                EXTI4_IRQHandler
                0x00000000080046b8                USB_HP_CAN1_TX_IRQHandler
                0x00000000080046b8                DMA1_Channel3_IRQHandler
                0x00000000080046b8                TIM1_UP_IRQHandler
                0x00000000080046b8                WWDG_IRQHandler
                0x00000000080046b8                TIM2_IRQHandler
                0x00000000080046b8                TIM1_BRK_IRQHandler
                0x00000000080046b8                EXTI1_IRQHandler
                0x00000000080046b8                USART2_IRQHandler
                0x00000000080046b8                I2C2_ER_IRQHandler
                0x00000000080046b8                DMA1_Channel2_IRQHandler
                0x00000000080046b8                CAN1_SCE_IRQHandler
                0x00000000080046b8                FLASH_IRQHandler
                0x00000000080046b8                USART1_IRQHandler
                0x00000000080046b8                I2C1_ER_IRQHandler
                0x00000000080046b8                USBWakeUp_IRQHandler
 *fill*         0x00000000080046ba        0x2 
 .text.HAL_Init
                0x00000000080046bc       0x2c Drivers/STM32F1xx_HAL_Driver/Src/stm32f1xx_hal.o
                0x00000000080046bc                HAL_Init
 .text.HAL_InitTick
                0x00000000080046e8       0x60 Drivers/STM32F1xx_HAL_Driver/Src/stm32f1xx_hal.o
                0x00000000080046e8                HAL_InitTick
 .text.HAL_IncTick
                0x0000000008004748       0x24 Drivers/STM32F1xx_HAL_Driver/Src/stm32f1xx_hal.o
                0x0000000008004748                HAL_IncTick
 .text.HAL_GetTick
                0x000000000800476c       0x14 Drivers/STM32F1xx_HAL_Driver/Src/stm32f1xx_hal.o
                0x000000000800476c                HAL_GetTick
 .text.HAL_Delay
                0x0000000008004780       0x44 Drivers/STM32F1xx_HAL_Driver/Src/stm32f1xx_hal.o
                0x0000000008004780                HAL_Delay
 .text.HAL_ADC_Init
                0x00000000080047c4      0x1b0 Drivers/STM32F1xx_HAL_Driver/Src/stm32f1xx_hal_adc.o
                0x00000000080047c4                HAL_ADC_Init
 .text.HAL_ADC_Start
                0x0000000008004974      0x15c Drivers/STM32F1xx_HAL_Driver/Src/stm32f1xx_hal_adc.o
                0x0000000008004974                HAL_ADC_Start
 .text.HAL_ADC_Stop
                0x0000000008004ad0       0x58 Drivers/STM32F1xx_HAL_Driver/Src/stm32f1xx_hal_adc.o
                0x0000000008004ad0                HAL_ADC_Stop
 .text.HAL_ADC_PollForConversion
                0x0000000008004b28      0x1f4 Drivers/STM32F1xx_HAL_Driver/Src/stm32f1xx_hal_adc.o
                0x0000000008004b28                HAL_ADC_PollForConversion
 .text.HAL_ADC_GetValue
                0x0000000008004d1c       0x18 Drivers/STM32F1xx_HAL_Driver/Src/stm32f1xx_hal_adc.o
                0x0000000008004d1c                HAL_ADC_GetValue
 .text.HAL_ADC_ConfigChannel
                0x0000000008004d34      0x1f0 Drivers/STM32F1xx_HAL_Driver/Src/stm32f1xx_hal_adc.o
                0x0000000008004d34                HAL_ADC_ConfigChannel
 .text.ADC_Enable
                0x0000000008004f24       0xa4 Drivers/STM32F1xx_HAL_Driver/Src/stm32f1xx_hal_adc.o
                0x0000000008004f24                ADC_Enable
 .text.ADC_ConversionStop_Disable
                0x0000000008004fc8       0x74 Drivers/STM32F1xx_HAL_Driver/Src/stm32f1xx_hal_adc.o
                0x0000000008004fc8                ADC_ConversionStop_Disable
 .text.__NVIC_SetPriorityGrouping
                0x000000000800503c       0x48 Drivers/STM32F1xx_HAL_Driver/Src/stm32f1xx_hal_cortex.o
 .text.__NVIC_GetPriorityGrouping
                0x0000000008005084       0x1c Drivers/STM32F1xx_HAL_Driver/Src/stm32f1xx_hal_cortex.o
 .text.__NVIC_EnableIRQ
                0x00000000080050a0       0x38 Drivers/STM32F1xx_HAL_Driver/Src/stm32f1xx_hal_cortex.o
 .text.__NVIC_SetPriority
                0x00000000080050d8       0x54 Drivers/STM32F1xx_HAL_Driver/Src/stm32f1xx_hal_cortex.o
 .text.NVIC_EncodePriority
                0x000000000800512c       0x64 Drivers/STM32F1xx_HAL_Driver/Src/stm32f1xx_hal_cortex.o
 .text.SysTick_Config
                0x0000000008005190       0x44 Drivers/STM32F1xx_HAL_Driver/Src/stm32f1xx_hal_cortex.o
 .text.HAL_NVIC_SetPriorityGrouping
                0x00000000080051d4       0x16 Drivers/STM32F1xx_HAL_Driver/Src/stm32f1xx_hal_cortex.o
                0x00000000080051d4                HAL_NVIC_SetPriorityGrouping
 .text.HAL_NVIC_SetPriority
                0x00000000080051ea       0x38 Drivers/STM32F1xx_HAL_Driver/Src/stm32f1xx_hal_cortex.o
                0x00000000080051ea                HAL_NVIC_SetPriority
 .text.HAL_NVIC_EnableIRQ
                0x0000000008005222       0x1c Drivers/STM32F1xx_HAL_Driver/Src/stm32f1xx_hal_cortex.o
                0x0000000008005222                HAL_NVIC_EnableIRQ
 .text.HAL_SYSTICK_Config
                0x000000000800523e       0x18 Drivers/STM32F1xx_HAL_Driver/Src/stm32f1xx_hal_cortex.o
                0x000000000800523e                HAL_SYSTICK_Config
 *fill*         0x0000000008005256        0x2 
 .text.HAL_GPIO_Init
                0x0000000008005258      0x2b4 Drivers/STM32F1xx_HAL_Driver/Src/stm32f1xx_hal_gpio.o
                0x0000000008005258                HAL_GPIO_Init
 .text.HAL_GPIO_DeInit
                0x000000000800550c      0x178 Drivers/STM32F1xx_HAL_Driver/Src/stm32f1xx_hal_gpio.o
                0x000000000800550c                HAL_GPIO_DeInit
 .text.HAL_GPIO_ReadPin
                0x0000000008005684       0x2e Drivers/STM32F1xx_HAL_Driver/Src/stm32f1xx_hal_gpio.o
                0x0000000008005684                HAL_GPIO_ReadPin
 .text.HAL_GPIO_WritePin
                0x00000000080056b2       0x30 Drivers/STM32F1xx_HAL_Driver/Src/stm32f1xx_hal_gpio.o
                0x00000000080056b2                HAL_GPIO_WritePin
 .text.HAL_GPIO_TogglePin
                0x00000000080056e2       0x30 Drivers/STM32F1xx_HAL_Driver/Src/stm32f1xx_hal_gpio.o
                0x00000000080056e2                HAL_GPIO_TogglePin
 *fill*         0x0000000008005712        0x2 
 .text.HAL_I2C_Init
                0x0000000008005714      0x250 Drivers/STM32F1xx_HAL_Driver/Src/stm32f1xx_hal_i2c.o
                0x0000000008005714                HAL_I2C_Init
 .text.HAL_I2C_DeInit
                0x0000000008005964       0x5e Drivers/STM32F1xx_HAL_Driver/Src/stm32f1xx_hal_i2c.o
                0x0000000008005964                HAL_I2C_DeInit
 *fill*         0x00000000080059c2        0x2 
 .text.HAL_I2C_Master_Transmit
                0x00000000080059c4      0x1fc Drivers/STM32F1xx_HAL_Driver/Src/stm32f1xx_hal_i2c.o
                0x00000000080059c4                HAL_I2C_Master_Transmit
 .text.HAL_I2C_Master_Receive
                0x0000000008005bc0      0x45c Drivers/STM32F1xx_HAL_Driver/Src/stm32f1xx_hal_i2c.o
                0x0000000008005bc0                HAL_I2C_Master_Receive
 .text.HAL_I2C_IsDeviceReady
                0x000000000800601c      0x244 Drivers/STM32F1xx_HAL_Driver/Src/stm32f1xx_hal_i2c.o
                0x000000000800601c                HAL_I2C_IsDeviceReady
 .text.I2C_MasterRequestWrite
                0x0000000008006260       0xec Drivers/STM32F1xx_HAL_Driver/Src/stm32f1xx_hal_i2c.o
 .text.I2C_MasterRequestRead
                0x000000000800634c      0x16c Drivers/STM32F1xx_HAL_Driver/Src/stm32f1xx_hal_i2c.o
 .text.I2C_WaitOnFlagUntilTimeout
                0x00000000080064b8       0xae Drivers/STM32F1xx_HAL_Driver/Src/stm32f1xx_hal_i2c.o
 .text.I2C_WaitOnMasterAddressFlagUntilTimeout
                0x0000000008006566       0xfe Drivers/STM32F1xx_HAL_Driver/Src/stm32f1xx_hal_i2c.o
 .text.I2C_WaitOnTXEFlagUntilTimeout
                0x0000000008006664       0x82 Drivers/STM32F1xx_HAL_Driver/Src/stm32f1xx_hal_i2c.o
 .text.I2C_WaitOnBTFFlagUntilTimeout
                0x00000000080066e6       0x82 Drivers/STM32F1xx_HAL_Driver/Src/stm32f1xx_hal_i2c.o
 .text.I2C_WaitOnRXNEFlagUntilTimeout
                0x0000000008006768       0xac Drivers/STM32F1xx_HAL_Driver/Src/stm32f1xx_hal_i2c.o
 .text.I2C_IsAcknowledgeFailed
                0x0000000008006814       0x5c Drivers/STM32F1xx_HAL_Driver/Src/stm32f1xx_hal_i2c.o
 .text.HAL_PCD_Init
                0x0000000008006870      0x1c2 Drivers/STM32F1xx_HAL_Driver/Src/stm32f1xx_hal_pcd.o
                0x0000000008006870                HAL_PCD_Init
 .text.HAL_PCD_Start
                0x0000000008006a32       0x4c Drivers/STM32F1xx_HAL_Driver/Src/stm32f1xx_hal_pcd.o
                0x0000000008006a32                HAL_PCD_Start
 .text.HAL_PCD_IRQHandler
                0x0000000008006a7e      0x21c Drivers/STM32F1xx_HAL_Driver/Src/stm32f1xx_hal_pcd.o
                0x0000000008006a7e                HAL_PCD_IRQHandler
 .text.HAL_PCD_SetAddress
                0x0000000008006c9a       0x4a Drivers/STM32F1xx_HAL_Driver/Src/stm32f1xx_hal_pcd.o
                0x0000000008006c9a                HAL_PCD_SetAddress
 .text.HAL_PCD_EP_Open
                0x0000000008006ce4       0xc0 Drivers/STM32F1xx_HAL_Driver/Src/stm32f1xx_hal_pcd.o
                0x0000000008006ce4                HAL_PCD_EP_Open
 .text.HAL_PCD_EP_Close
                0x0000000008006da4       0x84 Drivers/STM32F1xx_HAL_Driver/Src/stm32f1xx_hal_pcd.o
                0x0000000008006da4                HAL_PCD_EP_Close
 .text.HAL_PCD_EP_Receive
                0x0000000008006e28       0x74 Drivers/STM32F1xx_HAL_Driver/Src/stm32f1xx_hal_pcd.o
                0x0000000008006e28                HAL_PCD_EP_Receive
 .text.HAL_PCD_EP_Transmit
                0x0000000008006e9c       0x72 Drivers/STM32F1xx_HAL_Driver/Src/stm32f1xx_hal_pcd.o
                0x0000000008006e9c                HAL_PCD_EP_Transmit
 .text.HAL_PCD_EP_SetStall
                0x0000000008006f0e       0xb4 Drivers/STM32F1xx_HAL_Driver/Src/stm32f1xx_hal_pcd.o
                0x0000000008006f0e                HAL_PCD_EP_SetStall
 .text.HAL_PCD_EP_ClrStall
                0x0000000008006fc2       0x9c Drivers/STM32F1xx_HAL_Driver/Src/stm32f1xx_hal_pcd.o
                0x0000000008006fc2                HAL_PCD_EP_ClrStall
 *fill*         0x000000000800705e        0x2 
 .text.PCD_EP_ISR_Handler
                0x0000000008007060      0x534 Drivers/STM32F1xx_HAL_Driver/Src/stm32f1xx_hal_pcd.o
 .text.HAL_PCDEx_PMAConfig
                0x0000000008007594       0x78 Drivers/STM32F1xx_HAL_Driver/Src/stm32f1xx_hal_pcd_ex.o
                0x0000000008007594                HAL_PCDEx_PMAConfig
 .text.HAL_RCC_OscConfig
                0x000000000800760c      0x500 Drivers/STM32F1xx_HAL_Driver/Src/stm32f1xx_hal_rcc.o
                0x000000000800760c                HAL_RCC_OscConfig
 .text.HAL_RCC_ClockConfig
                0x0000000008007b0c      0x1d4 Drivers/STM32F1xx_HAL_Driver/Src/stm32f1xx_hal_rcc.o
                0x0000000008007b0c                HAL_RCC_ClockConfig
 .text.HAL_RCC_GetSysClockFreq
                0x0000000008007ce0       0xc4 Drivers/STM32F1xx_HAL_Driver/Src/stm32f1xx_hal_rcc.o
                0x0000000008007ce0                HAL_RCC_GetSysClockFreq
 .text.HAL_RCC_GetHCLKFreq
                0x0000000008007da4       0x14 Drivers/STM32F1xx_HAL_Driver/Src/stm32f1xx_hal_rcc.o
                0x0000000008007da4                HAL_RCC_GetHCLKFreq
 .text.HAL_RCC_GetPCLK1Freq
                0x0000000008007db8       0x28 Drivers/STM32F1xx_HAL_Driver/Src/stm32f1xx_hal_rcc.o
                0x0000000008007db8                HAL_RCC_GetPCLK1Freq
 .text.HAL_RCC_GetPCLK2Freq
                0x0000000008007de0       0x28 Drivers/STM32F1xx_HAL_Driver/Src/stm32f1xx_hal_rcc.o
                0x0000000008007de0                HAL_RCC_GetPCLK2Freq
 .text.RCC_Delay
                0x0000000008007e08       0x3c Drivers/STM32F1xx_HAL_Driver/Src/stm32f1xx_hal_rcc.o
 .text.HAL_RCCEx_PeriphCLKConfig
                0x0000000008007e44      0x16c Drivers/STM32F1xx_HAL_Driver/Src/stm32f1xx_hal_rcc_ex.o
                0x0000000008007e44                HAL_RCCEx_PeriphCLKConfig
 .text.HAL_RCCEx_GetPeriphCLKFreq
                0x0000000008007fb0      0x178 Drivers/STM32F1xx_HAL_Driver/Src/stm32f1xx_hal_rcc_ex.o
                0x0000000008007fb0                HAL_RCCEx_GetPeriphCLKFreq
 .text.HAL_SPI_Init
                0x0000000008008128       0xc2 Drivers/STM32F1xx_HAL_Driver/Src/stm32f1xx_hal_spi.o
                0x0000000008008128                HAL_SPI_Init
 .text.HAL_SPI_Transmit
                0x00000000080081ea      0x268 Drivers/STM32F1xx_HAL_Driver/Src/stm32f1xx_hal_spi.o
                0x00000000080081ea                HAL_SPI_Transmit
 .text.HAL_SPI_Receive
                0x0000000008008452      0x212 Drivers/STM32F1xx_HAL_Driver/Src/stm32f1xx_hal_spi.o
                0x0000000008008452                HAL_SPI_Receive
 .text.HAL_SPI_TransmitReceive
                0x0000000008008664      0x344 Drivers/STM32F1xx_HAL_Driver/Src/stm32f1xx_hal_spi.o
                0x0000000008008664                HAL_SPI_TransmitReceive
 .text.SPI_WaitFlagStateUntilTimeout
                0x00000000080089a8       0xd4 Drivers/STM32F1xx_HAL_Driver/Src/stm32f1xx_hal_spi.o
 .text.SPI_EndRxTransaction
                0x0000000008008a7c       0xa4 Drivers/STM32F1xx_HAL_Driver/Src/stm32f1xx_hal_spi.o
 .text.SPI_EndRxTxTransaction
                0x0000000008008b20       0x3c Drivers/STM32F1xx_HAL_Driver/Src/stm32f1xx_hal_spi.o
 .text.HAL_TIM_PWM_Init
                0x0000000008008b5c       0x56 Drivers/STM32F1xx_HAL_Driver/Src/stm32f1xx_hal_tim.o
                0x0000000008008b5c                HAL_TIM_PWM_Init
 *fill*         0x0000000008008bb2        0x2 
 .text.HAL_TIM_PWM_ConfigChannel
                0x0000000008008bb4      0x18c Drivers/STM32F1xx_HAL_Driver/Src/stm32f1xx_hal_tim.o
                0x0000000008008bb4                HAL_TIM_PWM_ConfigChannel
 .text.TIM_Base_SetConfig
                0x0000000008008d40       0xc4 Drivers/STM32F1xx_HAL_Driver/Src/stm32f1xx_hal_tim.o
                0x0000000008008d40                TIM_Base_SetConfig
 .text.TIM_OC1_SetConfig
                0x0000000008008e04       0xcc Drivers/STM32F1xx_HAL_Driver/Src/stm32f1xx_hal_tim.o
 .text.TIM_OC2_SetConfig
                0x0000000008008ed0       0xd4 Drivers/STM32F1xx_HAL_Driver/Src/stm32f1xx_hal_tim.o
                0x0000000008008ed0                TIM_OC2_SetConfig
 .text.TIM_OC3_SetConfig
                0x0000000008008fa4       0xd4 Drivers/STM32F1xx_HAL_Driver/Src/stm32f1xx_hal_tim.o
 .text.TIM_OC4_SetConfig
                0x0000000008009078       0x9c Drivers/STM32F1xx_HAL_Driver/Src/stm32f1xx_hal_tim.o
 .text.HAL_TIMEx_MasterConfigSynchronization
                0x0000000008009114       0x88 Drivers/STM32F1xx_HAL_Driver/Src/stm32f1xx_hal_tim_ex.o
                0x0000000008009114                HAL_TIMEx_MasterConfigSynchronization
 .text.HAL_UART_Init
                0x000000000800919c       0x9a Drivers/STM32F1xx_HAL_Driver/Src/stm32f1xx_hal_uart.o
                0x000000000800919c                HAL_UART_Init
 .text.HAL_UART_Transmit
                0x0000000008009236      0x132 Drivers/STM32F1xx_HAL_Driver/Src/stm32f1xx_hal_uart.o
                0x0000000008009236                HAL_UART_Transmit
 .text.UART_WaitOnFlagUntilTimeout
                0x0000000008009368       0x94 Drivers/STM32F1xx_HAL_Driver/Src/stm32f1xx_hal_uart.o
 .text.UART_SetConfig
                0x00000000080093fc      0x1b4 Drivers/STM32F1xx_HAL_Driver/Src/stm32f1xx_hal_uart.o
 .text.USB_CoreInit
                0x00000000080095b0       0x20 Drivers/STM32F1xx_HAL_Driver/Src/stm32f1xx_ll_usb.o
                0x00000000080095b0                USB_CoreInit
 .text.USB_EnableGlobalInt
                0x00000000080095d0       0x2e Drivers/STM32F1xx_HAL_Driver/Src/stm32f1xx_ll_usb.o
                0x00000000080095d0                USB_EnableGlobalInt
 .text.USB_DisableGlobalInt
                0x00000000080095fe       0x38 Drivers/STM32F1xx_HAL_Driver/Src/stm32f1xx_ll_usb.o
                0x00000000080095fe                USB_DisableGlobalInt
 .text.USB_SetCurrentMode
                0x0000000008009636       0x18 Drivers/STM32F1xx_HAL_Driver/Src/stm32f1xx_ll_usb.o
                0x0000000008009636                USB_SetCurrentMode
 .text.USB_DevInit
                0x000000000800964e       0x48 Drivers/STM32F1xx_HAL_Driver/Src/stm32f1xx_ll_usb.o
                0x000000000800964e                USB_DevInit
 *fill*         0x0000000008009696        0x2 
 .text.USB_ActivateEndpoint
                0x0000000008009698      0x5dc Drivers/STM32F1xx_HAL_Driver/Src/stm32f1xx_ll_usb.o
                0x0000000008009698                USB_ActivateEndpoint
 .text.USB_DeactivateEndpoint
                0x0000000008009c74      0x32c Drivers/STM32F1xx_HAL_Driver/Src/stm32f1xx_ll_usb.o
                0x0000000008009c74                USB_DeactivateEndpoint
 .text.USB_EPStartXfer
                0x0000000008009fa0      0x570 Drivers/STM32F1xx_HAL_Driver/Src/stm32f1xx_ll_usb.o
                0x0000000008009fa0                USB_EPStartXfer
 .text.USB_EPSetStall
                0x000000000800a510       0x84 Drivers/STM32F1xx_HAL_Driver/Src/stm32f1xx_ll_usb.o
                0x000000000800a510                USB_EPSetStall
 .text.USB_EPClearStall
                0x000000000800a594      0x128 Drivers/STM32F1xx_HAL_Driver/Src/stm32f1xx_ll_usb.o
                0x000000000800a594                USB_EPClearStall
 .text.USB_SetDevAddress
                0x000000000800a6bc       0x26 Drivers/STM32F1xx_HAL_Driver/Src/stm32f1xx_ll_usb.o
                0x000000000800a6bc                USB_SetDevAddress
 .text.USB_DevConnect
                0x000000000800a6e2       0x14 Drivers/STM32F1xx_HAL_Driver/Src/stm32f1xx_ll_usb.o
                0x000000000800a6e2                USB_DevConnect
 .text.USB_DevDisconnect
                0x000000000800a6f6       0x14 Drivers/STM32F1xx_HAL_Driver/Src/stm32f1xx_ll_usb.o
                0x000000000800a6f6                USB_DevDisconnect
 .text.USB_ReadInterrupts
                0x000000000800a70a       0x1e Drivers/STM32F1xx_HAL_Driver/Src/stm32f1xx_ll_usb.o
                0x000000000800a70a                USB_ReadInterrupts
 .text.USB_EP0_OutStart
                0x000000000800a728       0x16 Drivers/STM32F1xx_HAL_Driver/Src/stm32f1xx_ll_usb.o
                0x000000000800a728                USB_EP0_OutStart
 .text.USB_WritePMA
                0x000000000800a73e       0x88 Drivers/STM32F1xx_HAL_Driver/Src/stm32f1xx_ll_usb.o
                0x000000000800a73e                USB_WritePMA
 .text.USB_ReadPMA
                0x000000000800a7c6       0x9e Drivers/STM32F1xx_HAL_Driver/Src/stm32f1xx_ll_usb.o
                0x000000000800a7c6                USB_ReadPMA
 .text.USBD_CDC_SetTxBuffer
                0x000000000800a864       0x32 Middlewares/ST/STM32_USB_Device_Library/Class/CDC/Src/usbd_cdc.o
                0x000000000800a864                USBD_CDC_SetTxBuffer
 .text.USBD_CDC_TransmitPacket
                0x000000000800a896       0x5e Middlewares/ST/STM32_USB_Device_Library/Class/CDC/Src/usbd_cdc.o
                0x000000000800a896                USBD_CDC_TransmitPacket
 .text.USBD_Init
                0x000000000800a8f4       0x56 Middlewares/ST/STM32_USB_Device_Library/Core/Src/usbd_core.o
                0x000000000800a8f4                USBD_Init
 .text.USBD_RegisterClass
                0x000000000800a94a       0x32 Middlewares/ST/STM32_USB_Device_Library/Core/Src/usbd_core.o
                0x000000000800a94a                USBD_RegisterClass
 .text.USBD_Start
                0x000000000800a97c       0x18 Middlewares/ST/STM32_USB_Device_Library/Core/Src/usbd_core.o
                0x000000000800a97c                USBD_Start
 .text.USBD_RunTestMode
                0x000000000800a994       0x14 Middlewares/ST/STM32_USB_Device_Library/Core/Src/usbd_core.o
                0x000000000800a994                USBD_RunTestMode
 .text.USBD_SetClassConfig
                0x000000000800a9a8       0x3e Middlewares/ST/STM32_USB_Device_Library/Core/Src/usbd_core.o
                0x000000000800a9a8                USBD_SetClassConfig
 .text.USBD_ClrClassConfig
                0x000000000800a9e6       0x26 Middlewares/ST/STM32_USB_Device_Library/Core/Src/usbd_core.o
                0x000000000800a9e6                USBD_ClrClassConfig
 .text.USBD_LL_SetupStage
                0x000000000800aa0c       0x96 Middlewares/ST/STM32_USB_Device_Library/Core/Src/usbd_core.o
                0x000000000800aa0c                USBD_LL_SetupStage
 .text.USBD_LL_DataOutStage
                0x000000000800aaa2       0xe2 Middlewares/ST/STM32_USB_Device_Library/Core/Src/usbd_core.o
                0x000000000800aaa2                USBD_LL_DataOutStage
 .text.USBD_LL_DataInStage
                0x000000000800ab84      0x14a Middlewares/ST/STM32_USB_Device_Library/Core/Src/usbd_core.o
                0x000000000800ab84                USBD_LL_DataInStage
 .text.USBD_LL_Reset
                0x000000000800acce       0x82 Middlewares/ST/STM32_USB_Device_Library/Core/Src/usbd_core.o
                0x000000000800acce                USBD_LL_Reset
 .text.USBD_LL_SetSpeed
                0x000000000800ad50       0x1e Middlewares/ST/STM32_USB_Device_Library/Core/Src/usbd_core.o
                0x000000000800ad50                USBD_LL_SetSpeed
 .text.USBD_LL_Suspend
                0x000000000800ad6e       0x28 Middlewares/ST/STM32_USB_Device_Library/Core/Src/usbd_core.o
                0x000000000800ad6e                USBD_LL_Suspend
 .text.USBD_LL_Resume
                0x000000000800ad96       0x2a Middlewares/ST/STM32_USB_Device_Library/Core/Src/usbd_core.o
                0x000000000800ad96                USBD_LL_Resume
 .text.USBD_LL_SOF
                0x000000000800adc0       0x34 Middlewares/ST/STM32_USB_Device_Library/Core/Src/usbd_core.o
                0x000000000800adc0                USBD_LL_SOF
 .text.USBD_StdDevReq
                0x000000000800adf4       0xd4 Middlewares/ST/STM32_USB_Device_Library/Core/Src/usbd_ctlreq.o
                0x000000000800adf4                USBD_StdDevReq
 .text.USBD_StdItfReq
                0x000000000800aec8       0x8c Middlewares/ST/STM32_USB_Device_Library/Core/Src/usbd_ctlreq.o
                0x000000000800aec8                USBD_StdItfReq
 .text.USBD_StdEPReq
                0x000000000800af54      0x2ba Middlewares/ST/STM32_USB_Device_Library/Core/Src/usbd_ctlreq.o
                0x000000000800af54                USBD_StdEPReq
 *fill*         0x000000000800b20e        0x2 
 .text.USBD_GetDescriptor
                0x000000000800b210      0x2d0 Middlewares/ST/STM32_USB_Device_Library/Core/Src/usbd_ctlreq.o
 .text.USBD_SetAddress
                0x000000000800b4e0       0x84 Middlewares/ST/STM32_USB_Device_Library/Core/Src/usbd_ctlreq.o
 .text.USBD_SetConfig
                0x000000000800b564      0x11c Middlewares/ST/STM32_USB_Device_Library/Core/Src/usbd_ctlreq.o
 .text.USBD_GetConfig
                0x000000000800b680       0x68 Middlewares/ST/STM32_USB_Device_Library/Core/Src/usbd_ctlreq.o
 .text.USBD_GetStatus
                0x000000000800b6e8       0x66 Middlewares/ST/STM32_USB_Device_Library/Core/Src/usbd_ctlreq.o
 .text.USBD_SetFeature
                0x000000000800b74e       0x28 Middlewares/ST/STM32_USB_Device_Library/Core/Src/usbd_ctlreq.o
 .text.USBD_ClrFeature
                0x000000000800b776       0x42 Middlewares/ST/STM32_USB_Device_Library/Core/Src/usbd_ctlreq.o
 .text.USBD_ParseSetupRequest
                0x000000000800b7b8       0x78 Middlewares/ST/STM32_USB_Device_Library/Core/Src/usbd_ctlreq.o
                0x000000000800b7b8                USBD_ParseSetupRequest
 .text.USBD_CtlError
                0x000000000800b830       0x22 Middlewares/ST/STM32_USB_Device_Library/Core/Src/usbd_ctlreq.o
                0x000000000800b830                USBD_CtlError
 .text.USBD_GetString
                0x000000000800b852       0x84 Middlewares/ST/STM32_USB_Device_Library/Core/Src/usbd_ctlreq.o
                0x000000000800b852                USBD_GetString
 .text.USBD_GetLen
                0x000000000800b8d6       0x2e Middlewares/ST/STM32_USB_Device_Library/Core/Src/usbd_ctlreq.o
 .text.USBD_CtlSendData
                0x000000000800b904       0x38 Middlewares/ST/STM32_USB_Device_Library/Core/Src/usbd_ioreq.o
                0x000000000800b904                USBD_CtlSendData
 .text.USBD_CtlContinueSendData
                0x000000000800b93c       0x24 Middlewares/ST/STM32_USB_Device_Library/Core/Src/usbd_ioreq.o
                0x000000000800b93c                USBD_CtlContinueSendData
 .text.USBD_CtlPrepareRx
                0x000000000800b960       0x3c Middlewares/ST/STM32_USB_Device_Library/Core/Src/usbd_ioreq.o
                0x000000000800b960                USBD_CtlPrepareRx
 .text.USBD_CtlContinueRx
                0x000000000800b99c       0x24 Middlewares/ST/STM32_USB_Device_Library/Core/Src/usbd_ioreq.o
                0x000000000800b99c                USBD_CtlContinueRx
 .text.USBD_CtlSendStatus
                0x000000000800b9c0       0x26 Middlewares/ST/STM32_USB_Device_Library/Core/Src/usbd_ioreq.o
                0x000000000800b9c0                USBD_CtlSendStatus
 .text.USBD_CtlReceiveStatus
                0x000000000800b9e6       0x26 Middlewares/ST/STM32_USB_Device_Library/Core/Src/usbd_ioreq.o
                0x000000000800b9e6                USBD_CtlReceiveStatus
 .text.my_MX_USB_DEVICE_Init
                0x000000000800ba0c       0x44 USB_DEVICE/App/usb_device.o
                0x000000000800ba0c                my_MX_USB_DEVICE_Init
 .text.CDC_Transmit_FS
                0x000000000800ba50       0x4c USB_DEVICE/App/usbd_cdc_if.o
                0x000000000800ba50                CDC_Transmit_FS
 .text.USBD_FS_DeviceDescriptor
                0x000000000800ba9c       0x3c USB_DEVICE/App/usbd_desc.o
                0x000000000800ba9c                USBD_FS_DeviceDescriptor
 .text.USBD_FS_LangIDStrDescriptor
                0x000000000800bad8       0x24 USB_DEVICE/App/usbd_desc.o
                0x000000000800bad8                USBD_FS_LangIDStrDescriptor
 .text.USBD_FS_ProductStrDescriptor
                0x000000000800bafc       0x3c USB_DEVICE/App/usbd_desc.o
                0x000000000800bafc                USBD_FS_ProductStrDescriptor
 .text.USBD_FS_ManufacturerStrDescriptor
                0x000000000800bb38       0x28 USB_DEVICE/App/usbd_desc.o
                0x000000000800bb38                USBD_FS_ManufacturerStrDescriptor
 .text.USBD_FS_SerialStrDescriptor
                0x000000000800bb60       0x24 USB_DEVICE/App/usbd_desc.o
                0x000000000800bb60                USBD_FS_SerialStrDescriptor
 .text.USBD_FS_ConfigStrDescriptor
                0x000000000800bb84       0x6c USB_DEVICE/App/usbd_desc.o
                0x000000000800bb84                USBD_FS_ConfigStrDescriptor
 .text.USBD_FS_InterfaceStrDescriptor
                0x000000000800bbf0       0x6c USB_DEVICE/App/usbd_desc.o
                0x000000000800bbf0                USBD_FS_InterfaceStrDescriptor
 .text.Get_SerialNum
                0x000000000800bc5c       0x58 USB_DEVICE/App/usbd_desc.o
 .text.IntToUnicode
                0x000000000800bcb4       0x7a USB_DEVICE/App/usbd_desc.o
 *fill*         0x000000000800bd2e        0x2 
 .text.HAL_PCD_MspInit
                0x000000000800bd30       0x4c USB_DEVICE/Target/usbd_conf.o
                0x000000000800bd30                HAL_PCD_MspInit
 .text.HAL_PCD_SetupStageCallback
                0x000000000800bd7c       0x24 USB_DEVICE/Target/usbd_conf.o
                0x000000000800bd7c                HAL_PCD_SetupStageCallback
 .text.HAL_PCD_DataOutStageCallback
                0x000000000800bda0       0x30 USB_DEVICE/Target/usbd_conf.o
                0x000000000800bda0                HAL_PCD_DataOutStageCallback
 .text.HAL_PCD_DataInStageCallback
                0x000000000800bdd0       0x2e USB_DEVICE/Target/usbd_conf.o
                0x000000000800bdd0                HAL_PCD_DataInStageCallback
 .text.HAL_PCD_SOFCallback
                0x000000000800bdfe       0x1c USB_DEVICE/Target/usbd_conf.o
                0x000000000800bdfe                HAL_PCD_SOFCallback
 .text.HAL_PCD_ResetCallback
                0x000000000800be1a       0x3c USB_DEVICE/Target/usbd_conf.o
                0x000000000800be1a                HAL_PCD_ResetCallback
 *fill*         0x000000000800be56        0x2 
 .text.HAL_PCD_SuspendCallback
                0x000000000800be58       0x34 USB_DEVICE/Target/usbd_conf.o
                0x000000000800be58                HAL_PCD_SuspendCallback
 .text.HAL_PCD_ResumeCallback
                0x000000000800be8c       0x1c USB_DEVICE/Target/usbd_conf.o
                0x000000000800be8c                HAL_PCD_ResumeCallback
 .text.USBD_LL_Init
                0x000000000800bea8       0xb4 USB_DEVICE/Target/usbd_conf.o
                0x000000000800bea8                USBD_LL_Init
 .text.USBD_LL_Start
                0x000000000800bf5c       0x36 USB_DEVICE/Target/usbd_conf.o
                0x000000000800bf5c                USBD_LL_Start
 .text.USBD_LL_OpenEP
                0x000000000800bf92       0x4c USB_DEVICE/Target/usbd_conf.o
                0x000000000800bf92                USBD_LL_OpenEP
 .text.USBD_LL_CloseEP
                0x000000000800bfde       0x3e USB_DEVICE/Target/usbd_conf.o
                0x000000000800bfde                USBD_LL_CloseEP
 .text.USBD_LL_StallEP
                0x000000000800c01c       0x3e USB_DEVICE/Target/usbd_conf.o
                0x000000000800c01c                USBD_LL_StallEP
 .text.USBD_LL_ClearStallEP
                0x000000000800c05a       0x3e USB_DEVICE/Target/usbd_conf.o
                0x000000000800c05a                USBD_LL_ClearStallEP
 .text.USBD_LL_IsStallEP
                0x000000000800c098       0x4a USB_DEVICE/Target/usbd_conf.o
                0x000000000800c098                USBD_LL_IsStallEP
 .text.USBD_LL_SetUSBAddress
                0x000000000800c0e2       0x3e USB_DEVICE/Target/usbd_conf.o
                0x000000000800c0e2                USBD_LL_SetUSBAddress
 .text.USBD_LL_Transmit
                0x000000000800c120       0x46 USB_DEVICE/Target/usbd_conf.o
                0x000000000800c120                USBD_LL_Transmit
 .text.USBD_LL_PrepareReceive
                0x000000000800c166       0x46 USB_DEVICE/Target/usbd_conf.o
                0x000000000800c166                USBD_LL_PrepareReceive
 .text.USBD_static_malloc
                0x000000000800c1ac       0x18 USB_DEVICE/Target/usbd_conf.o
                0x000000000800c1ac                USBD_static_malloc
 .text.USBD_static_free
                0x000000000800c1c4       0x12 USB_DEVICE/Target/usbd_conf.o
                0x000000000800c1c4                USBD_static_free
 .text.HAL_PCDEx_SetConnectionState
                0x000000000800c1d6       0x16 USB_DEVICE/Target/usbd_conf.o
                0x000000000800c1d6                HAL_PCDEx_SetConnectionState
 .text.USBD_Get_USB_Status
                0x000000000800c1ec       0x58 USB_DEVICE/Target/usbd_conf.o
 .text.__errno  0x000000000800c244        0xc c:/st/stm32cubeide_1.3.0/stm32cubeide/plugins/com.st.stm32cube.ide.mcu.externaltools.gnu-tools-for-stm32.7-2018-q2-update.win32_1.0.0.201904181610/tools/bin/../lib/gcc/arm-none-eabi/7.3.1/../../../../arm-none-eabi/lib/thumb/v7-m\libc_nano.a(lib_a-errno.o)
                0x000000000800c244                __errno
 .text.__libc_init_array
                0x000000000800c250       0x48 c:/st/stm32cubeide_1.3.0/stm32cubeide/plugins/com.st.stm32cube.ide.mcu.externaltools.gnu-tools-for-stm32.7-2018-q2-update.win32_1.0.0.201904181610/tools/bin/../lib/gcc/arm-none-eabi/7.3.1/../../../../arm-none-eabi/lib/thumb/v7-m\libc_nano.a(lib_a-init.o)
                0x000000000800c250                __libc_init_array
 .text.memcpy   0x000000000800c298       0x16 c:/st/stm32cubeide_1.3.0/stm32cubeide/plugins/com.st.stm32cube.ide.mcu.externaltools.gnu-tools-for-stm32.7-2018-q2-update.win32_1.0.0.201904181610/tools/bin/../lib/gcc/arm-none-eabi/7.3.1/../../../../arm-none-eabi/lib/thumb/v7-m\libc_nano.a(lib_a-memcpy-stub.o)
                0x000000000800c298                memcpy
 .text.memset   0x000000000800c2ae       0x10 c:/st/stm32cubeide_1.3.0/stm32cubeide/plugins/com.st.stm32cube.ide.mcu.externaltools.gnu-tools-for-stm32.7-2018-q2-update.win32_1.0.0.201904181610/tools/bin/../lib/gcc/arm-none-eabi/7.3.1/../../../../arm-none-eabi/lib/thumb/v7-m\libc_nano.a(lib_a-memset.o)
                0x000000000800c2ae                memset
 *fill*         0x000000000800c2be        0x2 
 .text.sprintf  0x000000000800c2c0       0x40 c:/st/stm32cubeide_1.3.0/stm32cubeide/plugins/com.st.stm32cube.ide.mcu.externaltools.gnu-tools-for-stm32.7-2018-q2-update.win32_1.0.0.201904181610/tools/bin/../lib/gcc/arm-none-eabi/7.3.1/../../../../arm-none-eabi/lib/thumb/v7-m\libc_nano.a(lib_a-sprintf.o)
                0x000000000800c2c0                siprintf
                0x000000000800c2c0                sprintf
 .text.__ssputs_r
                0x000000000800c300       0xb4 c:/st/stm32cubeide_1.3.0/stm32cubeide/plugins/com.st.stm32cube.ide.mcu.externaltools.gnu-tools-for-stm32.7-2018-q2-update.win32_1.0.0.201904181610/tools/bin/../lib/gcc/arm-none-eabi/7.3.1/../../../../arm-none-eabi/lib/thumb/v7-m\libc_nano.a(lib_a-nano-svfprintf.o)
                0x000000000800c300                __ssputs_r
 .text._svfprintf_r
                0x000000000800c3b4      0x1f0 c:/st/stm32cubeide_1.3.0/stm32cubeide/plugins/com.st.stm32cube.ide.mcu.externaltools.gnu-tools-for-stm32.7-2018-q2-update.win32_1.0.0.201904181610/tools/bin/../lib/gcc/arm-none-eabi/7.3.1/../../../../arm-none-eabi/lib/thumb/v7-m\libc_nano.a(lib_a-nano-svfprintf.o)
                0x000000000800c3b4                _svfiprintf_r
                0x000000000800c3b4                _svfprintf_r
 .text._printf_common
                0x000000000800c5a4       0xec c:/st/stm32cubeide_1.3.0/stm32cubeide/plugins/com.st.stm32cube.ide.mcu.externaltools.gnu-tools-for-stm32.7-2018-q2-update.win32_1.0.0.201904181610/tools/bin/../lib/gcc/arm-none-eabi/7.3.1/../../../../arm-none-eabi/lib/thumb/v7-m\libc_nano.a(lib_a-nano-vfprintf_i.o)
                0x000000000800c5a4                _printf_common
 .text._printf_i
                0x000000000800c690      0x224 c:/st/stm32cubeide_1.3.0/stm32cubeide/plugins/com.st.stm32cube.ide.mcu.externaltools.gnu-tools-for-stm32.7-2018-q2-update.win32_1.0.0.201904181610/tools/bin/../lib/gcc/arm-none-eabi/7.3.1/../../../../arm-none-eabi/lib/thumb/v7-m\libc_nano.a(lib_a-nano-vfprintf_i.o)
                0x000000000800c690                _printf_i
 .text.memchr   0x000000000800c8b4       0x1c c:/st/stm32cubeide_1.3.0/stm32cubeide/plugins/com.st.stm32cube.ide.mcu.externaltools.gnu-tools-for-stm32.7-2018-q2-update.win32_1.0.0.201904181610/tools/bin/../lib/gcc/arm-none-eabi/7.3.1/../../../../arm-none-eabi/lib/thumb/v7-m\libc_nano.a(lib_a-memchr-stub.o)
                0x000000000800c8b4                memchr
 .text.memmove  0x000000000800c8d0       0x32 c:/st/stm32cubeide_1.3.0/stm32cubeide/plugins/com.st.stm32cube.ide.mcu.externaltools.gnu-tools-for-stm32.7-2018-q2-update.win32_1.0.0.201904181610/tools/bin/../lib/gcc/arm-none-eabi/7.3.1/../../../../arm-none-eabi/lib/thumb/v7-m\libc_nano.a(lib_a-memmove.o)
                0x000000000800c8d0                memmove
 *fill*         0x000000000800c902        0x2 
 .text._free_r  0x000000000800c904       0x98 c:/st/stm32cubeide_1.3.0/stm32cubeide/plugins/com.st.stm32cube.ide.mcu.externaltools.gnu-tools-for-stm32.7-2018-q2-update.win32_1.0.0.201904181610/tools/bin/../lib/gcc/arm-none-eabi/7.3.1/../../../../arm-none-eabi/lib/thumb/v7-m\libc_nano.a(lib_a-nano-freer.o)
                0x000000000800c904                _free_r
 .text._malloc_r
                0x000000000800c99c       0xb4 c:/st/stm32cubeide_1.3.0/stm32cubeide/plugins/com.st.stm32cube.ide.mcu.externaltools.gnu-tools-for-stm32.7-2018-q2-update.win32_1.0.0.201904181610/tools/bin/../lib/gcc/arm-none-eabi/7.3.1/../../../../arm-none-eabi/lib/thumb/v7-m\libc_nano.a(lib_a-nano-mallocr.o)
                0x000000000800c99c                _malloc_r
 .text._realloc_r
                0x000000000800ca50       0x4c c:/st/stm32cubeide_1.3.0/stm32cubeide/plugins/com.st.stm32cube.ide.mcu.externaltools.gnu-tools-for-stm32.7-2018-q2-update.win32_1.0.0.201904181610/tools/bin/../lib/gcc/arm-none-eabi/7.3.1/../../../../arm-none-eabi/lib/thumb/v7-m\libc_nano.a(lib_a-nano-reallocr.o)
                0x000000000800ca50                _realloc_r
 .text._sbrk_r  0x000000000800ca9c       0x20 c:/st/stm32cubeide_1.3.0/stm32cubeide/plugins/com.st.stm32cube.ide.mcu.externaltools.gnu-tools-for-stm32.7-2018-q2-update.win32_1.0.0.201904181610/tools/bin/../lib/gcc/arm-none-eabi/7.3.1/../../../../arm-none-eabi/lib/thumb/v7-m\libc_nano.a(lib_a-sbrkr.o)
                0x000000000800ca9c                _sbrk_r
 .text.__malloc_lock
                0x000000000800cabc        0x2 c:/st/stm32cubeide_1.3.0/stm32cubeide/plugins/com.st.stm32cube.ide.mcu.externaltools.gnu-tools-for-stm32.7-2018-q2-update.win32_1.0.0.201904181610/tools/bin/../lib/gcc/arm-none-eabi/7.3.1/../../../../arm-none-eabi/lib/thumb/v7-m\libc_nano.a(lib_a-mlock.o)
                0x000000000800cabc                __malloc_lock
 .text.__malloc_unlock
                0x000000000800cabe        0x2 c:/st/stm32cubeide_1.3.0/stm32cubeide/plugins/com.st.stm32cube.ide.mcu.externaltools.gnu-tools-for-stm32.7-2018-q2-update.win32_1.0.0.201904181610/tools/bin/../lib/gcc/arm-none-eabi/7.3.1/../../../../arm-none-eabi/lib/thumb/v7-m\libc_nano.a(lib_a-mlock.o)
                0x000000000800cabe                __malloc_unlock
 .text._malloc_usable_size_r
                0x000000000800cac0       0x10 c:/st/stm32cubeide_1.3.0/stm32cubeide/plugins/com.st.stm32cube.ide.mcu.externaltools.gnu-tools-for-stm32.7-2018-q2-update.win32_1.0.0.201904181610/tools/bin/../lib/gcc/arm-none-eabi/7.3.1/../../../../arm-none-eabi/lib/thumb/v7-m\libc_nano.a(lib_a-nano-msizer.o)
                0x000000000800cac0                _malloc_usable_size_r
 *(.glue_7)
 .glue_7        0x000000000800cad0        0x0 linker stubs
 *(.glue_7t)
 .glue_7t       0x000000000800cad0        0x0 linker stubs
 *(.eh_frame)
 .eh_frame      0x000000000800cad0        0x0 c:/st/stm32cubeide_1.3.0/stm32cubeide/plugins/com.st.stm32cube.ide.mcu.externaltools.gnu-tools-for-stm32.7-2018-q2-update.win32_1.0.0.201904181610/tools/bin/../lib/gcc/arm-none-eabi/7.3.1/thumb/v7-m/crtbegin.o
 *(.init)
 .init          0x000000000800cad0        0x4 c:/st/stm32cubeide_1.3.0/stm32cubeide/plugins/com.st.stm32cube.ide.mcu.externaltools.gnu-tools-for-stm32.7-2018-q2-update.win32_1.0.0.201904181610/tools/bin/../lib/gcc/arm-none-eabi/7.3.1/thumb/v7-m/crti.o
                0x000000000800cad0                _init
 .init          0x000000000800cad4        0x8 c:/st/stm32cubeide_1.3.0/stm32cubeide/plugins/com.st.stm32cube.ide.mcu.externaltools.gnu-tools-for-stm32.7-2018-q2-update.win32_1.0.0.201904181610/tools/bin/../lib/gcc/arm-none-eabi/7.3.1/thumb/v7-m/crtn.o
 *(.fini)
 .fini          0x000000000800cadc        0x4 c:/st/stm32cubeide_1.3.0/stm32cubeide/plugins/com.st.stm32cube.ide.mcu.externaltools.gnu-tools-for-stm32.7-2018-q2-update.win32_1.0.0.201904181610/tools/bin/../lib/gcc/arm-none-eabi/7.3.1/thumb/v7-m/crti.o
                0x000000000800cadc                _fini
 .fini          0x000000000800cae0        0x8 c:/st/stm32cubeide_1.3.0/stm32cubeide/plugins/com.st.stm32cube.ide.mcu.externaltools.gnu-tools-for-stm32.7-2018-q2-update.win32_1.0.0.201904181610/tools/bin/../lib/gcc/arm-none-eabi/7.3.1/thumb/v7-m/crtn.o
                0x000000000800cae8                . = ALIGN (0x4)
                0x000000000800cae8                _etext = .

.vfp11_veneer   0x000000000800cae8        0x0
 .vfp11_veneer  0x000000000800cae8        0x0 linker stubs

.v4_bx          0x000000000800cae8        0x0
 .v4_bx         0x000000000800cae8        0x0 linker stubs

.iplt           0x000000000800cae8        0x0
 .iplt          0x000000000800cae8        0x0 c:/st/stm32cubeide_1.3.0/stm32cubeide/plugins/com.st.stm32cube.ide.mcu.externaltools.gnu-tools-for-stm32.7-2018-q2-update.win32_1.0.0.201904181610/tools/bin/../lib/gcc/arm-none-eabi/7.3.1/thumb/v7-m/crtbegin.o

.rodata         0x000000000800cae8     0x1430
                0x000000000800cae8                . = ALIGN (0x4)
 *(.rodata)
 .rodata        0x000000000800cae8      0x541 Core/Src/MY_NRF24.o
 *fill*         0x000000000800d029        0x3 
 .rodata        0x000000000800d02c       0x11 Core/Src/main.o
 *fill*         0x000000000800d03d        0x3 
 .rodata        0x000000000800d040       0x12 Drivers/STM32F1xx_HAL_Driver/Src/stm32f1xx_hal_rcc.o
 *fill*         0x000000000800d052        0x2 
 .rodata        0x000000000800d054       0x12 Drivers/STM32F1xx_HAL_Driver/Src/stm32f1xx_hal_rcc_ex.o
 *fill*         0x000000000800d066        0x2 
 .rodata        0x000000000800d068       0xf6 USB_DEVICE/App/usbd_desc.o
 *(.rodata*)
 *fill*         0x000000000800d15e        0x2 
 .rodata.NRF24_ADDR_REGS
                0x000000000800d160        0x7 Core/Src/MY_NRF24.o
 *fill*         0x000000000800d167        0x1 
 .rodata.RF24_RX_PW_PIPE
                0x000000000800d168        0x6 Core/Src/MY_NRF24.o
 *fill*         0x000000000800d16e        0x2 
 .rodata.Font11x18
                0x000000000800d170      0xd5c Core/Src/fonts.o
                0x000000000800d170                Font11x18
 .rodata.AHBPrescTable
                0x000000000800decc       0x10 Core/Src/system_stm32f1xx.o
                0x000000000800decc                AHBPrescTable
 .rodata.APBPrescTable
                0x000000000800dedc        0x8 Core/Src/system_stm32f1xx.o
                0x000000000800dedc                APBPrescTable
 .rodata._svfprintf_r.str1.1
                0x000000000800dee4       0x11 c:/st/stm32cubeide_1.3.0/stm32cubeide/plugins/com.st.stm32cube.ide.mcu.externaltools.gnu-tools-for-stm32.7-2018-q2-update.win32_1.0.0.201904181610/tools/bin/../lib/gcc/arm-none-eabi/7.3.1/../../../../arm-none-eabi/lib/thumb/v7-m\libc_nano.a(lib_a-nano-svfprintf.o)
 .rodata._printf_i.str1.1
                0x000000000800def5       0x22 c:/st/stm32cubeide_1.3.0/stm32cubeide/plugins/com.st.stm32cube.ide.mcu.externaltools.gnu-tools-for-stm32.7-2018-q2-update.win32_1.0.0.201904181610/tools/bin/../lib/gcc/arm-none-eabi/7.3.1/../../../../arm-none-eabi/lib/thumb/v7-m\libc_nano.a(lib_a-nano-vfprintf_i.o)
                0x000000000800df18                . = ALIGN (0x4)
 *fill*         0x000000000800df17        0x1 

.rel.dyn        0x000000000800df18        0x0
 .rel.iplt      0x000000000800df18        0x0 c:/st/stm32cubeide_1.3.0/stm32cubeide/plugins/com.st.stm32cube.ide.mcu.externaltools.gnu-tools-for-stm32.7-2018-q2-update.win32_1.0.0.201904181610/tools/bin/../lib/gcc/arm-none-eabi/7.3.1/thumb/v7-m/crtbegin.o

.ARM.extab      0x000000000800df18        0x0
                0x000000000800df18                . = ALIGN (0x4)
 *(.ARM.extab* .gnu.linkonce.armextab.*)
                0x000000000800df18                . = ALIGN (0x4)

.ARM            0x000000000800df18        0x0
                0x000000000800df18                . = ALIGN (0x4)
                0x000000000800df18                __exidx_start = .
 *(.ARM.exidx*)
                0x000000000800df18                __exidx_end = .
                0x000000000800df18                . = ALIGN (0x4)

.preinit_array  0x000000000800df18        0x0
                0x000000000800df18                . = ALIGN (0x4)
                0x000000000800df18                PROVIDE (__preinit_array_start = .)
 *(.preinit_array*)
                0x000000000800df18                PROVIDE (__preinit_array_end = .)
                0x000000000800df18                . = ALIGN (0x4)

.init_array     0x000000000800df18        0x4
                0x000000000800df18                . = ALIGN (0x4)
                0x000000000800df18                PROVIDE (__init_array_start = .)
 *(SORT_BY_NAME(.init_array.*))
 *(.init_array*)
 .init_array    0x000000000800df18        0x4 c:/st/stm32cubeide_1.3.0/stm32cubeide/plugins/com.st.stm32cube.ide.mcu.externaltools.gnu-tools-for-stm32.7-2018-q2-update.win32_1.0.0.201904181610/tools/bin/../lib/gcc/arm-none-eabi/7.3.1/thumb/v7-m/crtbegin.o
                0x000000000800df1c                PROVIDE (__init_array_end = .)
                0x000000000800df1c                . = ALIGN (0x4)

.fini_array     0x000000000800df1c        0x4
                0x000000000800df1c                . = ALIGN (0x4)
                [!provide]                        PROVIDE (__fini_array_start = .)
 *(SORT_BY_NAME(.fini_array.*))
 *(.fini_array*)
 .fini_array    0x000000000800df1c        0x4 c:/st/stm32cubeide_1.3.0/stm32cubeide/plugins/com.st.stm32cube.ide.mcu.externaltools.gnu-tools-for-stm32.7-2018-q2-update.win32_1.0.0.201904181610/tools/bin/../lib/gcc/arm-none-eabi/7.3.1/thumb/v7-m/crtbegin.o
                [!provide]                        PROVIDE (__fini_array_end = .)
                0x000000000800df20                . = ALIGN (0x4)
                0x000000000800df20                _sidata = LOADADDR (.data)

.data           0x0000000020000000      0x208 load address 0x000000000800df20
                0x0000000020000000                . = ALIGN (0x4)
                0x0000000020000000                _sdata = .
 *(.data)
 *(.data*)
 .data.Font_11x18
                0x0000000020000000        0x8 Core/Src/fonts.o
                0x0000000020000000                Font_11x18
 .data.PipeAddres
                0x0000000020000008        0x8 Core/Src/main.o
                0x0000000020000008                PipeAddres
 .data.dataToSend
                0x0000000020000010       0x14 Core/Src/main.o
                0x0000000020000010                dataToSend
 .data.CUSTOM_HID_ReportDesc_FS
                0x0000000020000024       0x14 Core/Src/my_usbd_custom_hid_if.o
 .data.USBD_CustomHID_fops_FS
                0x0000000020000038       0x10 Core/Src/my_usbd_custom_hid_if.o
                0x0000000020000038                USBD_CustomHID_fops_FS
 .data.USBD_CUSTOM_HID
                0x0000000020000048       0x38 Core/Src/my_usbd_customhid.o
                0x0000000020000048                USBD_CUSTOM_HID
 .data.USBD_CUSTOM_HID_CfgDesc
                0x0000000020000080       0x99 Core/Src/my_usbd_customhid.o
 *fill*         0x0000000020000119        0x3 
 .data.USBD_CUSTOM_HID_Desc
                0x000000002000011c        0x9 Core/Src/my_usbd_customhid.o
 *fill*         0x0000000020000125        0x3 
 .data.USBD_CUSTOM_HID_DeviceQualifierDesc
                0x0000000020000128        0xa Core/Src/my_usbd_customhid.o
 *fill*         0x0000000020000132        0x2 
 .data.SystemCoreClock
                0x0000000020000134        0x4 Core/Src/system_stm32f1xx.o
                0x0000000020000134                SystemCoreClock
 .data.uwTickPrio
                0x0000000020000138        0x4 Drivers/STM32F1xx_HAL_Driver/Src/stm32f1xx_hal.o
                0x0000000020000138                uwTickPrio
 .data.uwTickFreq
                0x000000002000013c        0x1 Drivers/STM32F1xx_HAL_Driver/Src/stm32f1xx_hal.o
                0x000000002000013c                uwTickFreq
 *fill*         0x000000002000013d        0x3 
 .data.FS_Desc  0x0000000020000140       0x1c USB_DEVICE/App/usbd_desc.o
                0x0000000020000140                FS_Desc
 .data.MY_USBD_FS_DeviceDesc
                0x000000002000015c       0x12 USB_DEVICE/App/usbd_desc.o
                0x000000002000015c                MY_USBD_FS_DeviceDesc
 *fill*         0x000000002000016e        0x2 
 .data.USBD_FS_DeviceDesc
                0x0000000020000170       0x12 USB_DEVICE/App/usbd_desc.o
                0x0000000020000170                USBD_FS_DeviceDesc
 *fill*         0x0000000020000182        0x2 
 .data.USBD_LangIDDesc
                0x0000000020000184        0x4 USB_DEVICE/App/usbd_desc.o
                0x0000000020000184                USBD_LangIDDesc
 .data.USBD_StringSerial
                0x0000000020000188       0x1a USB_DEVICE/App/usbd_desc.o
                0x0000000020000188                USBD_StringSerial
 *fill*         0x00000000200001a2        0x2 
 .data._impure_ptr
                0x00000000200001a4        0x4 c:/st/stm32cubeide_1.3.0/stm32cubeide/plugins/com.st.stm32cube.ide.mcu.externaltools.gnu-tools-for-stm32.7-2018-q2-update.win32_1.0.0.201904181610/tools/bin/../lib/gcc/arm-none-eabi/7.3.1/../../../../arm-none-eabi/lib/thumb/v7-m\libc_nano.a(lib_a-impure.o)
                0x00000000200001a4                _impure_ptr
 .data.impure_data
                0x00000000200001a8       0x60 c:/st/stm32cubeide_1.3.0/stm32cubeide/plugins/com.st.stm32cube.ide.mcu.externaltools.gnu-tools-for-stm32.7-2018-q2-update.win32_1.0.0.201904181610/tools/bin/../lib/gcc/arm-none-eabi/7.3.1/../../../../arm-none-eabi/lib/thumb/v7-m\libc_nano.a(lib_a-impure.o)
                0x0000000020000208                . = ALIGN (0x4)
                0x0000000020000208                _edata = .

.igot.plt       0x0000000020000208        0x0 load address 0x000000000800e128
 .igot.plt      0x0000000020000208        0x0 c:/st/stm32cubeide_1.3.0/stm32cubeide/plugins/com.st.stm32cube.ide.mcu.externaltools.gnu-tools-for-stm32.7-2018-q2-update.win32_1.0.0.201904181610/tools/bin/../lib/gcc/arm-none-eabi/7.3.1/thumb/v7-m/crtbegin.o
                0x0000000020000208                . = ALIGN (0x4)

.bss            0x0000000020000208     0x110c load address 0x000000000800e128
                0x0000000020000208                _sbss = .
                0x0000000020000208                __bss_start__ = _sbss
 *(.bss)
 .bss           0x0000000020000208       0x1c c:/st/stm32cubeide_1.3.0/stm32cubeide/plugins/com.st.stm32cube.ide.mcu.externaltools.gnu-tools-for-stm32.7-2018-q2-update.win32_1.0.0.201904181610/tools/bin/../lib/gcc/arm-none-eabi/7.3.1/thumb/v7-m/crtbegin.o
 *(.bss*)
 *fill*         0x0000000020000224        0x4 
 .bss.pipe0_reading_address
                0x0000000020000228        0x8 Core/Src/MY_NRF24.o
 .bss.payload_size
                0x0000000020000230        0x1 Core/Src/MY_NRF24.o
 .bss.dynamic_payloads_enabled
                0x0000000020000231        0x1 Core/Src/MY_NRF24.o
 .bss.wide_band
                0x0000000020000232        0x1 Core/Src/MY_NRF24.o
 *fill*         0x0000000020000233        0x1 
 .bss.nrf24_PORT
                0x0000000020000234        0x4 Core/Src/MY_NRF24.o
 .bss.nrf24_CSN_PIN
                0x0000000020000238        0x2 Core/Src/MY_NRF24.o
 .bss.nrf24_CE_PIN
                0x000000002000023a        0x2 Core/Src/MY_NRF24.o
 .bss.nrf24_hspi
                0x000000002000023c       0x58 Core/Src/MY_NRF24.o
 .bss.nrf24_huart
                0x0000000020000294       0x40 Core/Src/MY_NRF24.o
 .bss.i2cHandler
                0x00000000200002d4       0x54 Core/Src/TJ_MPU6050.o
 .bss.accelScalingFactor
                0x0000000020000328        0x4 Core/Src/TJ_MPU6050.o
 .bss.gyroScalingFactor
                0x000000002000032c        0x4 Core/Src/TJ_MPU6050.o
 .bss.GyroRW    0x0000000020000330        0x6 Core/Src/TJ_MPU6050.o
 *fill*         0x0000000020000336        0x2 
 .bss.Flag      0x0000000020000338        0x8 Core/Src/main.o
                0x0000000020000338                Flag
 .bss.IsHID     0x0000000020000340        0x4 Core/Src/main.o
                0x0000000020000340                IsHID
 .bss.SSD1306_Buffer
                0x0000000020000344      0x400 Core/Src/ssd1306.o
 .bss.SSD1306   0x0000000020000744        0x6 Core/Src/ssd1306.o
 *fill*         0x000000002000074a        0x2 
 .bss.heap_end.5149
                0x000000002000074c        0x4 Core/Src/sysmem.o
 .bss.cfgidx.8760
                0x0000000020000750        0x1 Middlewares/ST/STM32_USB_Device_Library/Core/Src/usbd_ctlreq.o
 *fill*         0x0000000020000751        0x3 
 .bss.mem.8825  0x0000000020000754      0x220 USB_DEVICE/Target/usbd_conf.o
 .bss.__malloc_free_list
                0x0000000020000974        0x4 c:/st/stm32cubeide_1.3.0/stm32cubeide/plugins/com.st.stm32cube.ide.mcu.externaltools.gnu-tools-for-stm32.7-2018-q2-update.win32_1.0.0.201904181610/tools/bin/../lib/gcc/arm-none-eabi/7.3.1/../../../../arm-none-eabi/lib/thumb/v7-m\libc_nano.a(lib_a-nano-mallocr.o)
                0x0000000020000974                __malloc_free_list
 .bss.__malloc_sbrk_start
                0x0000000020000978        0x4 c:/st/stm32cubeide_1.3.0/stm32cubeide/plugins/com.st.stm32cube.ide.mcu.externaltools.gnu-tools-for-stm32.7-2018-q2-update.win32_1.0.0.201904181610/tools/bin/../lib/gcc/arm-none-eabi/7.3.1/../../../../arm-none-eabi/lib/thumb/v7-m\libc_nano.a(lib_a-nano-mallocr.o)
                0x0000000020000978                __malloc_sbrk_start
 *(COMMON)
 COMMON         0x000000002000097c      0x259 Core/Src/main.o
                0x000000002000097c                Msg
                0x000000002000098c                hi2c1
                0x00000000200009e0                hi2c2
                0x0000000020000a34                AccelData
                0x0000000020000a3c                htim3
                0x0000000020000a7c                RF_TxData
                0x0000000020000a9c                hadc1
                0x0000000020000acc                RF_RxData
                0x0000000020000aec                huart1
                0x0000000020000b2c                ADSwrite
                0x0000000020000b34                GyroData
                0x0000000020000b3c                hspi1
                0x0000000020000b94                huart2
                0x0000000020000bd4                BadFunc
 *fill*         0x0000000020000bd5        0x3 
 COMMON         0x0000000020000bd8        0x4 Core/Src/my_usbd_customhid.o
                0x0000000020000bd8                DecTrigger
 COMMON         0x0000000020000bdc        0x4 Drivers/STM32F1xx_HAL_Driver/Src/stm32f1xx_hal.o
                0x0000000020000bdc                uwTick
 COMMON         0x0000000020000be0      0x2c4 USB_DEVICE/App/usb_device.o
                0x0000000020000be0                hUsbDeviceFS
 COMMON         0x0000000020000ea4      0x200 USB_DEVICE/App/usbd_desc.o
                0x0000000020000ea4                USBD_StrDesc
 COMMON         0x00000000200010a4      0x26c USB_DEVICE/Target/usbd_conf.o
                0x00000000200010a4                hpcd_USB_FS
 COMMON         0x0000000020001310        0x4 c:/st/stm32cubeide_1.3.0/stm32cubeide/plugins/com.st.stm32cube.ide.mcu.externaltools.gnu-tools-for-stm32.7-2018-q2-update.win32_1.0.0.201904181610/tools/bin/../lib/gcc/arm-none-eabi/7.3.1/../../../../arm-none-eabi/lib/thumb/v7-m\libc_nano.a(lib_a-reent.o)
                0x0000000020001310                errno
                0x0000000020001314                . = ALIGN (0x4)
                0x0000000020001314                _ebss = .
                0x0000000020001314                __bss_end__ = _ebss

._user_heap_stack
                0x0000000020001314      0x604 load address 0x000000000800e128
                0x0000000020001318                . = ALIGN (0x8)
 *fill*         0x0000000020001314        0x4 
                0x0000000020001318                PROVIDE (end = .)
                [!provide]                        PROVIDE (_end = .)
                0x0000000020001518                . = (. + _Min_Heap_Size)
 *fill*         0x0000000020001318      0x200 
                0x0000000020001918                . = (. + _Min_Stack_Size)
 *fill*         0x0000000020001518      0x400 
                0x0000000020001918                . = ALIGN (0x8)

/DISCARD/
 libc.a(*)
 libm.a(*)
 libgcc.a(*)

.ARM.attributes
                0x0000000000000000       0x29
 *(.ARM.attributes)
 .ARM.attributes
                0x0000000000000000       0x1d c:/st/stm32cubeide_1.3.0/stm32cubeide/plugins/com.st.stm32cube.ide.mcu.externaltools.gnu-tools-for-stm32.7-2018-q2-update.win32_1.0.0.201904181610/tools/bin/../lib/gcc/arm-none-eabi/7.3.1/thumb/v7-m/crti.o
 .ARM.attributes
                0x000000000000001d       0x2d c:/st/stm32cubeide_1.3.0/stm32cubeide/plugins/com.st.stm32cube.ide.mcu.externaltools.gnu-tools-for-stm32.7-2018-q2-update.win32_1.0.0.201904181610/tools/bin/../lib/gcc/arm-none-eabi/7.3.1/thumb/v7-m/crtbegin.o
 .ARM.attributes
                0x000000000000004a       0x33 Core/Src/MY_NRF24.o
 .ARM.attributes
                0x000000000000007d       0x33 Core/Src/TJ_MPU6050.o
 .ARM.attributes
                0x00000000000000b0       0x33 Core/Src/fonts.o
 .ARM.attributes
                0x00000000000000e3       0x33 Core/Src/i2c-lcd.o
 .ARM.attributes
                0x0000000000000116       0x33 Core/Src/main.o
 .ARM.attributes
                0x0000000000000149       0x33 Core/Src/my_usbd_custom_hid_if.o
 .ARM.attributes
                0x000000000000017c       0x33 Core/Src/my_usbd_customhid.o
 .ARM.attributes
                0x00000000000001af       0x33 Core/Src/ssd1306.o
 .ARM.attributes
                0x00000000000001e2       0x33 Core/Src/stm32f1xx_hal_msp.o
 .ARM.attributes
                0x0000000000000215       0x33 Core/Src/stm32f1xx_it.o
 .ARM.attributes
                0x0000000000000248       0x33 Core/Src/sysmem.o
 .ARM.attributes
                0x000000000000027b       0x33 Core/Src/system_stm32f1xx.o
 .ARM.attributes
                0x00000000000002ae       0x21 Core/Startup/startup_stm32f103cbtx.o
 .ARM.attributes
                0x00000000000002cf       0x33 Drivers/STM32F1xx_HAL_Driver/Src/stm32f1xx_hal.o
 .ARM.attributes
                0x0000000000000302       0x33 Drivers/STM32F1xx_HAL_Driver/Src/stm32f1xx_hal_adc.o
 .ARM.attributes
                0x0000000000000335       0x33 Drivers/STM32F1xx_HAL_Driver/Src/stm32f1xx_hal_cortex.o
 .ARM.attributes
                0x0000000000000368       0x33 Drivers/STM32F1xx_HAL_Driver/Src/stm32f1xx_hal_gpio.o
 .ARM.attributes
                0x000000000000039b       0x33 Drivers/STM32F1xx_HAL_Driver/Src/stm32f1xx_hal_i2c.o
 .ARM.attributes
                0x00000000000003ce       0x33 Drivers/STM32F1xx_HAL_Driver/Src/stm32f1xx_hal_pcd.o
 .ARM.attributes
                0x0000000000000401       0x33 Drivers/STM32F1xx_HAL_Driver/Src/stm32f1xx_hal_pcd_ex.o
 .ARM.attributes
                0x0000000000000434       0x33 Drivers/STM32F1xx_HAL_Driver/Src/stm32f1xx_hal_rcc.o
 .ARM.attributes
                0x0000000000000467       0x33 Drivers/STM32F1xx_HAL_Driver/Src/stm32f1xx_hal_rcc_ex.o
 .ARM.attributes
                0x000000000000049a       0x33 Drivers/STM32F1xx_HAL_Driver/Src/stm32f1xx_hal_spi.o
 .ARM.attributes
                0x00000000000004cd       0x33 Drivers/STM32F1xx_HAL_Driver/Src/stm32f1xx_hal_tim.o
 .ARM.attributes
                0x0000000000000500       0x33 Drivers/STM32F1xx_HAL_Driver/Src/stm32f1xx_hal_tim_ex.o
 .ARM.attributes
                0x0000000000000533       0x33 Drivers/STM32F1xx_HAL_Driver/Src/stm32f1xx_hal_uart.o
 .ARM.attributes
                0x0000000000000566       0x33 Drivers/STM32F1xx_HAL_Driver/Src/stm32f1xx_ll_usb.o
 .ARM.attributes
                0x0000000000000599       0x33 Middlewares/ST/STM32_USB_Device_Library/Class/CDC/Src/usbd_cdc.o
 .ARM.attributes
                0x00000000000005cc       0x33 Middlewares/ST/STM32_USB_Device_Library/Core/Src/usbd_core.o
 .ARM.attributes
                0x00000000000005ff       0x33 Middlewares/ST/STM32_USB_Device_Library/Core/Src/usbd_ctlreq.o
 .ARM.attributes
                0x0000000000000632       0x33 Middlewares/ST/STM32_USB_Device_Library/Core/Src/usbd_ioreq.o
 .ARM.attributes
                0x0000000000000665       0x33 USB_DEVICE/App/usb_device.o
 .ARM.attributes
                0x0000000000000698       0x33 USB_DEVICE/App/usbd_cdc_if.o
 .ARM.attributes
                0x00000000000006cb       0x33 USB_DEVICE/App/usbd_desc.o
 .ARM.attributes
                0x00000000000006fe       0x33 USB_DEVICE/Target/usbd_conf.o
 .ARM.attributes
                0x0000000000000731       0x2d c:/st/stm32cubeide_1.3.0/stm32cubeide/plugins/com.st.stm32cube.ide.mcu.externaltools.gnu-tools-for-stm32.7-2018-q2-update.win32_1.0.0.201904181610/tools/bin/../lib/gcc/arm-none-eabi/7.3.1/../../../../arm-none-eabi/lib/thumb/v7-m\libc_nano.a(lib_a-errno.o)
 .ARM.attributes
                0x000000000000075e       0x2d c:/st/stm32cubeide_1.3.0/stm32cubeide/plugins/com.st.stm32cube.ide.mcu.externaltools.gnu-tools-for-stm32.7-2018-q2-update.win32_1.0.0.201904181610/tools/bin/../lib/gcc/arm-none-eabi/7.3.1/../../../../arm-none-eabi/lib/thumb/v7-m\libc_nano.a(lib_a-impure.o)
 .ARM.attributes
                0x000000000000078b       0x2d c:/st/stm32cubeide_1.3.0/stm32cubeide/plugins/com.st.stm32cube.ide.mcu.externaltools.gnu-tools-for-stm32.7-2018-q2-update.win32_1.0.0.201904181610/tools/bin/../lib/gcc/arm-none-eabi/7.3.1/../../../../arm-none-eabi/lib/thumb/v7-m\libc_nano.a(lib_a-init.o)
 .ARM.attributes
                0x00000000000007b8       0x2d c:/st/stm32cubeide_1.3.0/stm32cubeide/plugins/com.st.stm32cube.ide.mcu.externaltools.gnu-tools-for-stm32.7-2018-q2-update.win32_1.0.0.201904181610/tools/bin/../lib/gcc/arm-none-eabi/7.3.1/../../../../arm-none-eabi/lib/thumb/v7-m\libc_nano.a(lib_a-memcpy-stub.o)
 .ARM.attributes
                0x00000000000007e5       0x2d c:/st/stm32cubeide_1.3.0/stm32cubeide/plugins/com.st.stm32cube.ide.mcu.externaltools.gnu-tools-for-stm32.7-2018-q2-update.win32_1.0.0.201904181610/tools/bin/../lib/gcc/arm-none-eabi/7.3.1/../../../../arm-none-eabi/lib/thumb/v7-m\libc_nano.a(lib_a-memset.o)
 .ARM.attributes
                0x0000000000000812       0x2d c:/st/stm32cubeide_1.3.0/stm32cubeide/plugins/com.st.stm32cube.ide.mcu.externaltools.gnu-tools-for-stm32.7-2018-q2-update.win32_1.0.0.201904181610/tools/bin/../lib/gcc/arm-none-eabi/7.3.1/../../../../arm-none-eabi/lib/thumb/v7-m\libc_nano.a(lib_a-sprintf.o)
 .ARM.attributes
                0x000000000000083f       0x17 c:/st/stm32cubeide_1.3.0/stm32cubeide/plugins/com.st.stm32cube.ide.mcu.externaltools.gnu-tools-for-stm32.7-2018-q2-update.win32_1.0.0.201904181610/tools/bin/../lib/gcc/arm-none-eabi/7.3.1/../../../../arm-none-eabi/lib/thumb/v7-m\libc_nano.a(lib_a-strlen.o)
 .ARM.attributes
                0x0000000000000856       0x2d c:/st/stm32cubeide_1.3.0/stm32cubeide/plugins/com.st.stm32cube.ide.mcu.externaltools.gnu-tools-for-stm32.7-2018-q2-update.win32_1.0.0.201904181610/tools/bin/../lib/gcc/arm-none-eabi/7.3.1/../../../../arm-none-eabi/lib/thumb/v7-m\libc_nano.a(lib_a-nano-svfprintf.o)
 .ARM.attributes
                0x0000000000000883       0x2d c:/st/stm32cubeide_1.3.0/stm32cubeide/plugins/com.st.stm32cube.ide.mcu.externaltools.gnu-tools-for-stm32.7-2018-q2-update.win32_1.0.0.201904181610/tools/bin/../lib/gcc/arm-none-eabi/7.3.1/../../../../arm-none-eabi/lib/thumb/v7-m\libc_nano.a(lib_a-nano-vfprintf_i.o)
 .ARM.attributes
                0x00000000000008b0       0x2d c:/st/stm32cubeide_1.3.0/stm32cubeide/plugins/com.st.stm32cube.ide.mcu.externaltools.gnu-tools-for-stm32.7-2018-q2-update.win32_1.0.0.201904181610/tools/bin/../lib/gcc/arm-none-eabi/7.3.1/../../../../arm-none-eabi/lib/thumb/v7-m\libc_nano.a(lib_a-memchr-stub.o)
 .ARM.attributes
                0x00000000000008dd       0x2d c:/st/stm32cubeide_1.3.0/stm32cubeide/plugins/com.st.stm32cube.ide.mcu.externaltools.gnu-tools-for-stm32.7-2018-q2-update.win32_1.0.0.201904181610/tools/bin/../lib/gcc/arm-none-eabi/7.3.1/../../../../arm-none-eabi/lib/thumb/v7-m\libc_nano.a(lib_a-memmove.o)
 .ARM.attributes
                0x000000000000090a       0x2d c:/st/stm32cubeide_1.3.0/stm32cubeide/plugins/com.st.stm32cube.ide.mcu.externaltools.gnu-tools-for-stm32.7-2018-q2-update.win32_1.0.0.201904181610/tools/bin/../lib/gcc/arm-none-eabi/7.3.1/../../../../arm-none-eabi/lib/thumb/v7-m\libc_nano.a(lib_a-nano-freer.o)
 .ARM.attributes
                0x0000000000000937       0x2d c:/st/stm32cubeide_1.3.0/stm32cubeide/plugins/com.st.stm32cube.ide.mcu.externaltools.gnu-tools-for-stm32.7-2018-q2-update.win32_1.0.0.201904181610/tools/bin/../lib/gcc/arm-none-eabi/7.3.1/../../../../arm-none-eabi/lib/thumb/v7-m\libc_nano.a(lib_a-nano-mallocr.o)
 .ARM.attributes
                0x0000000000000964       0x2d c:/st/stm32cubeide_1.3.0/stm32cubeide/plugins/com.st.stm32cube.ide.mcu.externaltools.gnu-tools-for-stm32.7-2018-q2-update.win32_1.0.0.201904181610/tools/bin/../lib/gcc/arm-none-eabi/7.3.1/../../../../arm-none-eabi/lib/thumb/v7-m\libc_nano.a(lib_a-nano-reallocr.o)
 .ARM.attributes
                0x0000000000000991       0x2d c:/st/stm32cubeide_1.3.0/stm32cubeide/plugins/com.st.stm32cube.ide.mcu.externaltools.gnu-tools-for-stm32.7-2018-q2-update.win32_1.0.0.201904181610/tools/bin/../lib/gcc/arm-none-eabi/7.3.1/../../../../arm-none-eabi/lib/thumb/v7-m\libc_nano.a(lib_a-sbrkr.o)
 .ARM.attributes
                0x00000000000009be       0x2d c:/st/stm32cubeide_1.3.0/stm32cubeide/plugins/com.st.stm32cube.ide.mcu.externaltools.gnu-tools-for-stm32.7-2018-q2-update.win32_1.0.0.201904181610/tools/bin/../lib/gcc/arm-none-eabi/7.3.1/../../../../arm-none-eabi/lib/thumb/v7-m\libc_nano.a(lib_a-mlock.o)
 .ARM.attributes
                0x00000000000009eb       0x2d c:/st/stm32cubeide_1.3.0/stm32cubeide/plugins/com.st.stm32cube.ide.mcu.externaltools.gnu-tools-for-stm32.7-2018-q2-update.win32_1.0.0.201904181610/tools/bin/../lib/gcc/arm-none-eabi/7.3.1/../../../../arm-none-eabi/lib/thumb/v7-m\libc_nano.a(lib_a-nano-msizer.o)
 .ARM.attributes
                0x0000000000000a18       0x2d c:/st/stm32cubeide_1.3.0/stm32cubeide/plugins/com.st.stm32cube.ide.mcu.externaltools.gnu-tools-for-stm32.7-2018-q2-update.win32_1.0.0.201904181610/tools/bin/../lib/gcc/arm-none-eabi/7.3.1/../../../../arm-none-eabi/lib/thumb/v7-m\libc_nano.a(lib_a-reent.o)
 .ARM.attributes
                0x0000000000000a45       0x1d c:/st/stm32cubeide_1.3.0/stm32cubeide/plugins/com.st.stm32cube.ide.mcu.externaltools.gnu-tools-for-stm32.7-2018-q2-update.win32_1.0.0.201904181610/tools/bin/../lib/gcc/arm-none-eabi/7.3.1/thumb/v7-m\libgcc.a(_arm_addsubdf3.o)
 .ARM.attributes
                0x0000000000000a62       0x1d c:/st/stm32cubeide_1.3.0/stm32cubeide/plugins/com.st.stm32cube.ide.mcu.externaltools.gnu-tools-for-stm32.7-2018-q2-update.win32_1.0.0.201904181610/tools/bin/../lib/gcc/arm-none-eabi/7.3.1/thumb/v7-m\libgcc.a(_arm_muldivdf3.o)
 .ARM.attributes
                0x0000000000000a7f       0x1d c:/st/stm32cubeide_1.3.0/stm32cubeide/plugins/com.st.stm32cube.ide.mcu.externaltools.gnu-tools-for-stm32.7-2018-q2-update.win32_1.0.0.201904181610/tools/bin/../lib/gcc/arm-none-eabi/7.3.1/thumb/v7-m\libgcc.a(_arm_cmpdf2.o)
 .ARM.attributes