Archive member included to satisfy reference by file (symbol)

c:/st/stm32cubeide_1.3.0/stm32cubeide/plugins/com.st.stm32cube.ide.mcu.externaltools.gnu-tools-for-stm32.7-2018-q2-update.win32_1.0.0.201904181610/tools/bin/../lib/gcc/arm-none-eabi/7.3.1/../../../../arm-none-eabi/lib/thumb/v7-m\libc_nano.a(lib_a-errno.o)
                              Core/Src/syscalls.o (__errno)
c:/st/stm32cubeide_1.3.0/stm32cubeide/plugins/com.st.stm32cube.ide.mcu.externaltools.gnu-tools-for-stm32.7-2018-q2-update.win32_1.0.0.201904181610/tools/bin/../lib/gcc/arm-none-eabi/7.3.1/../../../../arm-none-eabi/lib/thumb/v7-m\libc_nano.a(lib_a-exit.o)
                              c:/st/stm32cubeide_1.3.0/stm32cubeide/plugins/com.st.stm32cube.ide.mcu.externaltools.gnu-tools-for-stm32.7-2018-q2-update.win32_1.0.0.201904181610/tools/bin/../lib/gcc/arm-none-eabi/7.3.1/../../../../arm-none-eabi/lib/thumb/v7-m/crt0.o (exit)
c:/st/stm32cubeide_1.3.0/stm32cubeide/plugins/com.st.stm32cube.ide.mcu.externaltools.gnu-tools-for-stm32.7-2018-q2-update.win32_1.0.0.201904181610/tools/bin/../lib/gcc/arm-none-eabi/7.3.1/../../../../arm-none-eabi/lib/thumb/v7-m\libc_nano.a(lib_a-impure.o)
                              c:/st/stm32cubeide_1.3.0/stm32cubeide/plugins/com.st.stm32cube.ide.mcu.externaltools.gnu-tools-for-stm32.7-2018-q2-update.win32_1.0.0.201904181610/tools/bin/../lib/gcc/arm-none-eabi/7.3.1/../../../../arm-none-eabi/lib/thumb/v7-m\libc_nano.a(lib_a-exit.o) (_global_impure_ptr)
c:/st/stm32cubeide_1.3.0/stm32cubeide/plugins/com.st.stm32cube.ide.mcu.externaltools.gnu-tools-for-stm32.7-2018-q2-update.win32_1.0.0.201904181610/tools/bin/../lib/gcc/arm-none-eabi/7.3.1/../../../../arm-none-eabi/lib/thumb/v7-m\libc_nano.a(lib_a-init.o)
                              c:/st/stm32cubeide_1.3.0/stm32cubeide/plugins/com.st.stm32cube.ide.mcu.externaltools.gnu-tools-for-stm32.7-2018-q2-update.win32_1.0.0.201904181610/tools/bin/../lib/gcc/arm-none-eabi/7.3.1/../../../../arm-none-eabi/lib/thumb/v7-m/crt0.o (__libc_init_array)
c:/st/stm32cubeide_1.3.0/stm32cubeide/plugins/com.st.stm32cube.ide.mcu.externaltools.gnu-tools-for-stm32.7-2018-q2-update.win32_1.0.0.201904181610/tools/bin/../lib/gcc/arm-none-eabi/7.3.1/../../../../arm-none-eabi/lib/thumb/v7-m\libc_nano.a(lib_a-memcpy-stub.o)
                              Core/Src/MY_NRF24.o (memcpy)
c:/st/stm32cubeide_1.3.0/stm32cubeide/plugins/com.st.stm32cube.ide.mcu.externaltools.gnu-tools-for-stm32.7-2018-q2-update.win32_1.0.0.201904181610/tools/bin/../lib/gcc/arm-none-eabi/7.3.1/../../../../arm-none-eabi/lib/thumb/v7-m\libc_nano.a(lib_a-memset.o)
                              c:/st/stm32cubeide_1.3.0/stm32cubeide/plugins/com.st.stm32cube.ide.mcu.externaltools.gnu-tools-for-stm32.7-2018-q2-update.win32_1.0.0.201904181610/tools/bin/../lib/gcc/arm-none-eabi/7.3.1/../../../../arm-none-eabi/lib/thumb/v7-m/crt0.o (memset)
c:/st/stm32cubeide_1.3.0/stm32cubeide/plugins/com.st.stm32cube.ide.mcu.externaltools.gnu-tools-for-stm32.7-2018-q2-update.win32_1.0.0.201904181610/tools/bin/../lib/gcc/arm-none-eabi/7.3.1/../../../../arm-none-eabi/lib/thumb/v7-m\libc_nano.a(lib_a-sprintf.o)
                              Core/Src/MY_NRF24.o (sprintf)
c:/st/stm32cubeide_1.3.0/stm32cubeide/plugins/com.st.stm32cube.ide.mcu.externaltools.gnu-tools-for-stm32.7-2018-q2-update.win32_1.0.0.201904181610/tools/bin/../lib/gcc/arm-none-eabi/7.3.1/../../../../arm-none-eabi/lib/thumb/v7-m\libc_nano.a(lib_a-strlen.o)
                              Core/Src/MY_NRF24.o (strlen)
c:/st/stm32cubeide_1.3.0/stm32cubeide/plugins/com.st.stm32cube.ide.mcu.externaltools.gnu-tools-for-stm32.7-2018-q2-update.win32_1.0.0.201904181610/tools/bin/../lib/gcc/arm-none-eabi/7.3.1/../../../../arm-none-eabi/lib/thumb/v7-m\libc_nano.a(lib_a-nano-svfprintf.o)
                              c:/st/stm32cubeide_1.3.0/stm32cubeide/plugins/com.st.stm32cube.ide.mcu.externaltools.gnu-tools-for-stm32.7-2018-q2-update.win32_1.0.0.201904181610/tools/bin/../lib/gcc/arm-none-eabi/7.3.1/../../../../arm-none-eabi/lib/thumb/v7-m\libc_nano.a(lib_a-sprintf.o) (_svfprintf_r)
c:/st/stm32cubeide_1.3.0/stm32cubeide/plugins/com.st.stm32cube.ide.mcu.externaltools.gnu-tools-for-stm32.7-2018-q2-update.win32_1.0.0.201904181610/tools/bin/../lib/gcc/arm-none-eabi/7.3.1/../../../../arm-none-eabi/lib/thumb/v7-m\libc_nano.a(lib_a-nano-vfprintf_i.o)
                              c:/st/stm32cubeide_1.3.0/stm32cubeide/plugins/com.st.stm32cube.ide.mcu.externaltools.gnu-tools-for-stm32.7-2018-q2-update.win32_1.0.0.201904181610/tools/bin/../lib/gcc/arm-none-eabi/7.3.1/../../../../arm-none-eabi/lib/thumb/v7-m\libc_nano.a(lib_a-nano-svfprintf.o) (_printf_i)
c:/st/stm32cubeide_1.3.0/stm32cubeide/plugins/com.st.stm32cube.ide.mcu.externaltools.gnu-tools-for-stm32.7-2018-q2-update.win32_1.0.0.201904181610/tools/bin/../lib/gcc/arm-none-eabi/7.3.1/../../../../arm-none-eabi/lib/thumb/v7-m\libc_nano.a(lib_a-memchr-stub.o)
[...]
Memory Configuration

Name             Origin             Length             Attributes
RAM              0x0000000020000000 0x0000000000005000 xrw
FLASH            0x0000000008000000 0x0000000000020000 xr
*default*        0x0000000000000000 0xffffffffffffffff

Linker script and memory map

LOAD c:/st/stm32cubeide_1.3.0/stm32cubeide/plugins/com.st.stm32cube.ide.mcu.externaltools.gnu-tools-for-stm32.7-2018-q2-update.win32_1.0.0.201904181610/tools/bin/../lib/gcc/arm-none-eabi/7.3.1/thumb/v7-m/crti.o
LOAD c:/st/stm32cubeide_1.3.0/stm32cubeide/plugins/com.st.stm32cube.ide.mcu.externaltools.gnu-tools-for-stm32.7-2018-q2-update.win32_1.0.0.201904181610/tools/bin/../lib/gcc/arm-none-eabi/7.3.1/thumb/v7-m/crtbegin.o
LOAD c:/st/stm32cubeide_1.3.0/stm32cubeide/plugins/com.st.stm32cube.ide.mcu.externaltools.gnu-tools-for-stm32.7-2018-q2-update.win32_1.0.0.201904181610/tools/bin/../lib/gcc/arm-none-eabi/7.3.1/../../../../arm-none-eabi/lib/thumb/v7-m/crt0.o
LOAD Core/Src/MY_NRF24.o
LOAD Core/Src/TJ_MPU6050.o
LOAD Core/Src/fonts.o
LOAD Core/Src/i2c-lcd.o
LOAD Core/Src/main.o
LOAD Core/Src/my_usbd_custom_hid_if.o
LOAD Core/Src/my_usbd_customhid.o
LOAD Core/Src/ssd1306.o
LOAD Core/Src/stm32f1xx_hal_msp.o
LOAD Core/Src/stm32f1xx_it.o
LOAD Core/Src/syscalls.o
LOAD Core/Src/sysmem.o
LOAD Core/Src/system_stm32f1xx.o
LOAD Core/Startup/startup_stm32f103cbtx.o
LOAD Drivers/STM32F1xx_HAL_Driver/Src/stm32f1xx_hal.o
LOAD Drivers/STM32F1xx_HAL_Driver/Src/stm32f1xx_hal_adc.o
LOAD Drivers/STM32F1xx_HAL_Driver/Src/stm32f1xx_hal_adc_ex.o
LOAD Drivers/STM32F1xx_HAL_Driver/Src/stm32f1xx_hal_cortex.o
LOAD Drivers/STM32F1xx_HAL_Driver/Src/stm32f1xx_hal_dma.o
LOAD Drivers/STM32F1xx_HAL_Driver/Src/stm32f1xx_hal_exti.o
LOAD Drivers/STM32F1xx_HAL_Driver/Src/stm32f1xx_hal_flash.o
LOAD Drivers/STM32F1xx_HAL_Driver/Src/stm32f1xx_hal_flash_ex.o
LOAD Drivers/STM32F1xx_HAL_Driver/Src/stm32f1xx_hal_gpio.o
LOAD Drivers/STM32F1xx_HAL_Driver/Src/stm32f1xx_hal_gpio_ex.o
LOAD Drivers/STM32F1xx_HAL_Driver/Src/stm32f1xx_hal_i2c.o
LOAD Drivers/STM32F1xx_HAL_Driver/Src/stm32f1xx_hal_pcd.o
LOAD Drivers/STM32F1xx_HAL_Driver/Src/stm32f1xx_hal_pcd_ex.o
LOAD Drivers/STM32F1xx_HAL_Driver/Src/stm32f1xx_hal_pwr.o
LOAD Drivers/STM32F1xx_HAL_Driver/Src/stm32f1xx_hal_rcc.o
LOAD Drivers/STM32F1xx_HAL_Driver/Src/stm32f1xx_hal_rcc_ex.o
LOAD Drivers/STM32F1xx_HAL_Driver/Src/stm32f1xx_hal_spi.o
LOAD Drivers/STM32F1xx_HAL_Driver/Src/stm32f1xx_hal_tim.o
LOAD Drivers/STM32F1xx_HAL_Driver/Src/stm32f1xx_hal_tim_ex.o
LOAD Drivers/STM32F1xx_HAL_Driver/Src/stm32f1xx_hal_uart.o
LOAD Drivers/STM32F1xx_HAL_Driver/Src/stm32f1xx_ll_usb.o
LOAD Middlewares/ST/STM32_USB_Device_Library/Class/CDC/Src/usbd_cdc.o
LOAD Middlewares/ST/STM32_USB_Device_Library/Core/Src/usbd_core.o
LOAD Middlewares/ST/STM32_USB_Device_Library/Core/Src/usbd_ctlreq.o
LOAD Middlewares/ST/STM32_USB_Device_Library/Core/Src/usbd_ioreq.o
LOAD USB_DEVICE/App/usb_device.o
LOAD USB_DEVICE/App/usbd_cdc_if.o
LOAD USB_DEVICE/App/usbd_desc.o
LOAD USB_DEVICE/Target/usbd_conf.o
START GROUP
LOAD c:/st/stm32cubeide_1.3.0/stm32cubeide/plugins/com.st.stm32cube.ide.mcu.externaltools.gnu-tools-for-stm32.7-2018-q2-update.win32_1.0.0.201904181610/tools/bin/../lib/gcc/arm-none-eabi/7.3.1/../../../../arm-none-eabi/lib/thumb/v7-m\libc_nano.a
LOAD c:/st/stm32cubeide_1.3.0/stm32cubeide/plugins/com.st.stm32cube.ide.mcu.externaltools.gnu-tools-for-stm32.7-2018-q2-update.win32_1.0.0.201904181610/tools/bin/../lib/gcc/arm-none-eabi/7.3.1/../../../../arm-none-eabi/lib/thumb/v7-m\libm.a
END GROUP
START GROUP
LOAD c:/st/stm32cubeide_1.3.0/stm32cubeide/plugins/com.st.stm32cube.ide.mcu.externaltools.gnu-tools-for-stm32.7-2018-q2-update.win32_1.0.0.201904181610/tools/bin/../lib/gcc/arm-none-eabi/7.3.1/thumb/v7-m\libgcc.a
LOAD c:/st/stm32cubeide_1.3.0/stm32cubeide/plugins/com.st.stm32cube.ide.mcu.externaltools.gnu-tools-for-stm32.7-2018-q2-update.win32_1.0.0.201904181610/tools/bin/../lib/gcc/arm-none-eabi/7.3.1/../../../../arm-none-eabi/lib/thumb/v7-m\libc_nano.a
END GROUP
START GROUP
LOAD c:/st/stm32cubeide_1.3.0/stm32cubeide/plugins/com.st.stm32cube.ide.mcu.externaltools.gnu-tools-for-stm32.7-2018-q2-update.win32_1.0.0.201904181610/tools/bin/../lib/gcc/arm-none-eabi/7.3.1/thumb/v7-m\libgcc.a
LOAD c:/st/stm32cubeide_1.3.0/stm32cubeide/plugins/com.st.stm32cube.ide.mcu.externaltools.gnu-tools-for-stm32.7-2018-q2-update.win32_1.0.0.201904181610/tools/bin/../lib/gcc/arm-none-eabi/7.3.1/../../../../arm-none-eabi/lib/thumb/v7-m\libc_nano.a
LOAD c:/st/stm32cubeide_1.3.0/stm32cubeide/plugins/com.st.stm32cube.ide.mcu.externaltools.gnu-tools-for-stm32.7-2018-q2-update.win32_1.0.0.201904181610/tools/bin/../lib/gcc/arm-none-eabi/7.3.1/../../../../arm-none-eabi/lib/thumb/v7-m\libnosys.a
END GROUP
START GROUP
LOAD c:/st/stm32cubeide_1.3.0/stm32cubeide/plugins/com.st.stm32cube.ide.mcu.externaltools.gnu-tools-for-stm32.7-2018-q2-update.win32_1.0.0.201904181610/tools/bin/../lib/gcc/arm-none-eabi/7.3.1/thumb/v7-m\libgcc.a
LOAD c:/st/stm32cubeide_1.3.0/stm32cubeide/plugins/com.st.stm32cube.ide.mcu.externaltools.gnu-tools-for-stm32.7-2018-q2-update.win32_1.0.0.201904181610/tools/bin/../lib/gcc/arm-none-eabi/7.3.1/../../../../arm-none-eabi/lib/thumb/v7-m\libc_nano.a
LOAD c:/st/stm32cubeide_1.3.0/stm32cubeide/plugins/com.st.stm32cube.ide.mcu.externaltools.gnu-tools-for-stm32.7-2018-q2-update.win32_1.0.0.201904181610/tools/bin/../lib/gcc/arm-none-eabi/7.3.1/../../../../arm-none-eabi/lib/thumb/v7-m\libnosys.a
END GROUP
LOAD c:/st/stm32cubeide_1.3.0/stm32cubeide/plugins/com.st.stm32cube.ide.mcu.externaltools.gnu-tools-for-stm32.7-2018-q2-update.win32_1.0.0.201904181610/tools/bin/../lib/gcc/arm-none-eabi/7.3.1/thumb/v7-m/crtend.o
LOAD c:/st/stm32cubeide_1.3.0/stm32cubeide/plugins/com.st.stm32cube.ide.mcu.externaltools.gnu-tools-for-stm32.7-2018-q2-update.win32_1.0.0.201904181610/tools/bin/../lib/gcc/arm-none-eabi/7.3.1/thumb/v7-m/crtn.o
                0x0000000020005000                _estack = (ORIGIN (RAM) + LENGTH (RAM))
                0x0000000000000200                _Min_Heap_Size = 0x200
                0x0000000000000400                _Min_Stack_Size = 0x400

.isr_vector     0x0000000008000000      0x10c
                0x0000000008000000                . = ALIGN (0x4)
 *(.isr_vector)
 .isr_vector    0x0000000008000000      0x10c Core/Startup/startup_stm32f103cbtx.o
                0x0000000008000000                g_pfnVectors
                0x000000000800010c                . = ALIGN (0x4)

.text           0x0000000008000110     0xc75c
                0x0000000008000110                . = ALIGN (0x4)
 *(.text)
 .text          0x0000000008000110       0x40 c:/st/stm32cubeide_1.3.0/stm32cubeide/plugins/com.st.stm32cube.ide.mcu.externaltools.gnu-tools-for-stm32.7-2018-q2-update.win32_1.0.0.201904181610/tools/bin/../lib/gcc/arm-none-eabi/7.3.1/thumb/v7-m/crtbegin.o
 .text          0x0000000008000150       0x10 c:/st/stm32cubeide_1.3.0/stm32cubeide/plugins/com.st.stm32cube.ide.mcu.externaltools.gnu-tools-for-stm32.7-2018-q2-update.win32_1.0.0.201904181610/tools/bin/../lib/gcc/arm-none-eabi/7.3.1/../../../../arm-none-eabi/lib/thumb/v7-m\libc_nano.a(lib_a-strlen.o)
                0x0000000008000150                strlen
 .text          0x0000000008000160      0x378 c:/st/stm32cubeide_1.3.0/stm32cubeide/plugins/com.st.stm32cube.ide.mcu.externaltools.gnu-tools-for-stm32.7-2018-q2-update.win32_1.0.0.201904181610/tools/bin/../lib/gcc/arm-none-eabi/7.3.1/thumb/v7-m\libgcc.a(_arm_addsubdf3.o)
                0x0000000008000160                __aeabi_drsub
                0x0000000008000168                __aeabi_dsub
                0x0000000008000168                __subdf3
                0x000000000800016c                __aeabi_dadd
                0x000000000800016c                __adddf3
                0x00000000080003e4                __floatunsidf
                0x00000000080003e4                __aeabi_ui2d
                0x0000000008000404                __floatsidf
                0x0000000008000404                __aeabi_i2d
                0x0000000008000428                __aeabi_f2d
                0x0000000008000428                __extendsfdf2
                0x000000000800046c                __floatundidf
                0x000000000800046c                __aeabi_ul2d
                0x000000000800047c                __floatdidf
                0x000000000800047c                __aeabi_l2d
 .text          0x00000000080004d8      0x424 c:/st/stm32cubeide_1.3.0/stm32cubeide/plugins/com.st.stm32cube.ide.mcu.externaltools.gnu-tools-for-stm32.7-2018-q2-update.win32_1.0.0.201904181610/tools/bin/../lib/gcc/arm-none-eabi/7.3.1/thumb/v7-m\libgcc.a(_arm_muldivdf3.o)
                0x00000000080004d8                __aeabi_dmul
                0x00000000080004d8                __muldf3
                0x000000000800072c                __divdf3
                0x000000000800072c                __aeabi_ddiv
 .text          0x00000000080008fc       0x50 c:/st/stm32cubeide_1.3.0/stm32cubeide/plugins/com.st.stm32cube.ide.mcu.externaltools.gnu-tools-for-stm32.7-2018-q2-update.win32_1.0.0.201904181610/tools/bin/../lib/gcc/arm-none-eabi/7.3.1/thumb/v7-m\libgcc.a(_arm_fixdfsi.o)
                0x00000000080008fc                __aeabi_d2iz
                0x00000000080008fc                __fixdfsi
 *(.text*)
 .text.NRF24_DelayMicroSeconds
                0x000000000800094c       0x40 Core/Src/MY_NRF24.o
                0x000000000800094c                NRF24_DelayMicroSeconds
 .text.NRF24_csn
                0x000000000800098c       0x40 Core/Src/MY_NRF24.o
                0x000000000800098c                NRF24_csn
 .text.NRF24_ce
                0x00000000080009cc       0x40 Core/Src/MY_NRF24.o
                0x00000000080009cc                NRF24_ce
 .text.NRF24_read_register
                0x0000000008000a0c       0x50 Core/Src/MY_NRF24.o
                0x0000000008000a0c                NRF24_read_register
 .text.NRF24_read_registerN
                0x0000000008000a5c       0x50 Core/Src/MY_NRF24.o
                0x0000000008000a5c                NRF24_read_registerN
 .text.NRF24_write_register
                0x0000000008000aac       0x44 Core/Src/MY_NRF24.o
                0x0000000008000aac                NRF24_write_register
 .text.NRF24_write_registerN
                0x0000000008000af0       0x50 Core/Src/MY_NRF24.o
                0x0000000008000af0                NRF24_write_registerN
 .text.NRF24_read_payload
                0x0000000008000b40       0x60 Core/Src/MY_NRF24.o
                0x0000000008000b40                NRF24_read_payload
 .text.NRF24_flush_tx
                0x0000000008000ba0       0x10 Core/Src/MY_NRF24.o
                0x0000000008000ba0                NRF24_flush_tx
 .text.NRF24_flush_rx
                0x0000000008000bb0       0x10 Core/Src/MY_NRF24.o
                0x0000000008000bb0                NRF24_flush_rx
 .text.NRF24_get_status
                0x0000000008000bc0       0x1a Core/Src/MY_NRF24.o
                0x0000000008000bc0                NRF24_get_status
 *fill*         0x0000000008000bda        0x2 
 .text.NRF24_begin
                0x0000000008000bdc      0x1c0 Core/Src/MY_NRF24.o
                0x0000000008000bdc                NRF24_begin
 .text.NRF24_startListening
                0x0000000008000d9c       0x48 Core/Src/MY_NRF24.o
                0x0000000008000d9c                NRF24_startListening
 .text.NRF24_available
                0x0000000008000de4       0x10 Core/Src/MY_NRF24.o
                0x0000000008000de4                NRF24_available
 .text.NRF24_read
                0x0000000008000df4       0x40 Core/Src/MY_NRF24.o
                0x0000000008000df4                NRF24_read
 .text.NRF24_openReadingPipe
                0x0000000008000e34       0x9c Core/Src/MY_NRF24.o
                0x0000000008000e34                NRF24_openReadingPipe
 .text.NRF24_setRetries
                0x0000000008000ed0       0x36 Core/Src/MY_NRF24.o
                0x0000000008000ed0                NRF24_setRetries
 .text.NRF24_setChannel
                0x0000000008000f06       0x2a Core/Src/MY_NRF24.o
                0x0000000008000f06                NRF24_setChannel
 .text.NRF24_setPayloadSize
                0x0000000008000f30       0x2c Core/Src/MY_NRF24.o
                0x0000000008000f30                NRF24_setPayloadSize
 .text.NRF24_getPayloadSize
                0x0000000008000f5c       0x14 Core/Src/MY_NRF24.o
                0x0000000008000f5c                NRF24_getPayloadSize
 .text.NRF24_getDynamicPayloadSize
                0x0000000008000f70       0x10 Core/Src/MY_NRF24.o
                0x0000000008000f70                NRF24_getDynamicPayloadSize
 .text.NRF24_enableAckPayload
                0x0000000008000f80       0x5a Core/Src/MY_NRF24.o
                0x0000000008000f80                NRF24_enableAckPayload
 *fill*         0x0000000008000fda        0x2 
 .text.NRF24_enableDynamicPayloads
                0x0000000008000fdc       0x64 Core/Src/MY_NRF24.o
                0x0000000008000fdc                NRF24_enableDynamicPayloads
 .text.NRF24_disableDynamicPayloads
                0x0000000008001040       0x30 Core/Src/MY_NRF24.o
                0x0000000008001040                NRF24_disableDynamicPayloads
 .text.NRF24_setAutoAck
                0x0000000008001070       0x2a Core/Src/MY_NRF24.o
                0x0000000008001070                NRF24_setAutoAck
 .text.NRF24_setPALevel
                0x000000000800109a       0x72 Core/Src/MY_NRF24.o
                0x000000000800109a                NRF24_setPALevel
 .text.NRF24_setDataRate
                0x000000000800110c       0x8c Core/Src/MY_NRF24.o
                0x000000000800110c                NRF24_setDataRate
 .text.NRF24_setCRCLength
                0x0000000008001198       0x50 Core/Src/MY_NRF24.o
                0x0000000008001198                NRF24_setCRCLength
 .text.NRF24_powerDown
                0x00000000080011e8       0x1e Core/Src/MY_NRF24.o
                0x00000000080011e8                NRF24_powerDown
 .text.NRF24_availablePipe
                0x0000000008001206       0x60 Core/Src/MY_NRF24.o
                0x0000000008001206                NRF24_availablePipe
 .text.NRF24_writeAckPayload
                0x0000000008001266       0x54 Core/Src/MY_NRF24.o
                0x0000000008001266                NRF24_writeAckPayload
 .text.NRF24_resetStatus
                0x00000000080012ba       0x10 Core/Src/MY_NRF24.o
                0x00000000080012ba                NRF24_resetStatus
 *fill*         0x00000000080012ca        0x2 
 .text.NRF24_ACTIVATE_cmd
                0x00000000080012cc       0x34 Core/Src/MY_NRF24.o
                0x00000000080012cc                NRF24_ACTIVATE_cmd
 .text.printRadioSettings
                0x0000000008001300      0x924 Core/Src/MY_NRF24.o
                0x0000000008001300                printRadioSettings
 .text.MPU6050_Init
                0x0000000008001c24       0x20 Core/Src/TJ_MPU6050.o
                0x0000000008001c24                MPU6050_Init
 .text.I2C_Read
                0x0000000008001c44       0x50 Core/Src/TJ_MPU6050.o
                0x0000000008001c44                I2C_Read
 .text.I2C_Write8
                0x0000000008001c94       0x3c Core/Src/TJ_MPU6050.o
                0x0000000008001c94                I2C_Write8
 .text.MPU6050_Config
                0x0000000008001cd0      0x150 Core/Src/TJ_MPU6050.o
                0x0000000008001cd0                MPU6050_Config
 .text.MPU6050_Set_SMPRT_DIV
                0x0000000008001e20       0x1c Core/Src/TJ_MPU6050.o
                0x0000000008001e20                MPU6050_Set_SMPRT_DIV
 .text.MPU6050_Get_Accel_RawData
                0x0000000008001e3c       0xcc Core/Src/TJ_MPU6050.o
                0x0000000008001e3c                MPU6050_Get_Accel_RawData
 .text.MPU6050_Get_Gyro_RawData
                0x0000000008001f08       0x34 Core/Src/TJ_MPU6050.o
                0x0000000008001f08                MPU6050_Get_Gyro_RawData
 .text.lcd_send_cmd
                0x0000000008001f3c       0x60 Core/Src/i2c-lcd.o
                0x0000000008001f3c                lcd_send_cmd
 .text.lcd_init
                0x0000000008001f9c       0x20 Core/Src/i2c-lcd.o
                0x0000000008001f9c                lcd_init
 .text.Serial_Send
                0x0000000008001fbc       0x1e Core/Src/main.o
                0x0000000008001fbc                Serial_Send
 .text.wait_for_gpio_state_timeout
                0x0000000008001fda       0x66 Core/Src/main.o
 .text.I2C_ClearBusyFlagErratum
                0x0000000008002040      0x138 Core/Src/main.o
 .text.MapValue
                0x0000000008002178       0x78 Core/Src/main.o
                0x0000000008002178                MapValue
 .text.updateButtons
                0x00000000080021f0      0x474 Core/Src/main.o
                0x00000000080021f0                updateButtons
 .text.Serial_Recived
                0x0000000008002664      0x34c Core/Src/main.o
                0x0000000008002664                Serial_Recived
 .text.main     0x00000000080029b0      0x98c Core/Src/main.o
                0x00000000080029b0                main
 .text.SystemClock_Config
                0x000000000800333c       0xbc Core/Src/main.o
                0x000000000800333c                SystemClock_Config
 .text.MX_ADC1_Init
                0x00000000080033f8       0x7c Core/Src/main.o
 .text.MX_I2C1_Init
                0x0000000008003474       0x5c Core/Src/main.o
 .text.MX_I2C2_Init
                0x00000000080034d0       0x5c Core/Src/main.o
 .text.MX_SPI1_Init
                0x000000000800352c       0x6c Core/Src/main.o
 .text.MX_TIM3_Init
                0x0000000008003598       0xb0 Core/Src/main.o
 .text.MX_USART1_UART_Init
                0x0000000008003648       0x54 Core/Src/main.o
 .text.MX_USART2_UART_Init
                0x000000000800369c       0x54 Core/Src/main.o
 .text.MX_GPIO_Init
                0x00000000080036f0      0x114 Core/Src/main.o
 .text.Error_Handler
                0x0000000008003804        0xc Core/Src/main.o
                0x0000000008003804                Error_Handler
 .text.USBD_CUSTOM_HID_SendReport
                0x0000000008003810       0x48 Core/Src/my_usbd_customhid.o
                0x0000000008003810                USBD_CUSTOM_HID_SendReport
 .text.SSD1306_Init
                0x0000000008003858      0x17c Core/Src/ssd1306.o
                0x0000000008003858                SSD1306_Init
 .text.SSD1306_UpdateScreen
                0x00000000080039d4       0x5c Core/Src/ssd1306.o
                0x00000000080039d4                SSD1306_UpdateScreen
 .text.SSD1306_Fill
                0x0000000008003a30       0x30 Core/Src/ssd1306.o
                0x0000000008003a30                SSD1306_Fill
 .text.SSD1306_DrawPixel
                0x0000000008003a60       0xbc Core/Src/ssd1306.o
                0x0000000008003a60                SSD1306_DrawPixel
 .text.SSD1306_GotoXY
                0x0000000008003b1c       0x2c Core/Src/ssd1306.o
                0x0000000008003b1c                SSD1306_GotoXY
 .text.SSD1306_Putc
                0x0000000008003b48      0x100 Core/Src/ssd1306.o
                0x0000000008003b48                SSD1306_Putc
 .text.SSD1306_Puts
                0x0000000008003c48       0x4a Core/Src/ssd1306.o
                0x0000000008003c48                SSD1306_Puts
 *fill*         0x0000000008003c92        0x2 
 .text.ssd1306_I2C_Init
                0x0000000008003c94       0x28 Core/Src/ssd1306.o
                0x0000000008003c94                ssd1306_I2C_Init
 .text.ssd1306_I2C_WriteMulti
                0x0000000008003cbc       0xb4 Core/Src/ssd1306.o
                0x0000000008003cbc                ssd1306_I2C_WriteMulti
 .text.ssd1306_I2C_Write
                0x0000000008003d70       0x3c Core/Src/ssd1306.o
                0x0000000008003d70                ssd1306_I2C_Write
 .text.HAL_MspInit
                0x0000000008003dac       0x64 Core/Src/stm32f1xx_hal_msp.o
                0x0000000008003dac                HAL_MspInit
 .text.HAL_ADC_MspInit
                0x0000000008003e10       0x78 Core/Src/stm32f1xx_hal_msp.o
                0x0000000008003e10                HAL_ADC_MspInit
 .text.HAL_I2C_MspInit
                0x0000000008003e88       0xd8 Core/Src/stm32f1xx_hal_msp.o
                0x0000000008003e88                HAL_I2C_MspInit
 .text.HAL_I2C_MspDeInit
                0x0000000008003f60       0x60 Core/Src/stm32f1xx_hal_msp.o
                0x0000000008003f60                HAL_I2C_MspDeInit
 .text.HAL_SPI_MspInit
                0x0000000008003fc0       0x94 Core/Src/stm32f1xx_hal_msp.o
                0x0000000008003fc0                HAL_SPI_MspInit
 .text.HAL_TIM_PWM_MspInit
                0x0000000008004054       0x3c Core/Src/stm32f1xx_hal_msp.o
                0x0000000008004054                HAL_TIM_PWM_MspInit
 .text.HAL_TIM_MspPostInit
                0x0000000008004090       0x64 Core/Src/stm32f1xx_hal_msp.o
                0x0000000008004090                HAL_TIM_MspPostInit
 .text.HAL_UART_MspInit
                0x00000000080040f4      0x108 Core/Src/stm32f1xx_hal_msp.o
                0x00000000080040f4                HAL_UART_MspInit
 .text.NMI_Handler
                0x00000000080041fc        0xc Core/Src/stm32f1xx_it.o
                0x00000000080041fc                NMI_Handler
 .text.HardFault_Handler
                0x0000000008004208        0x6 Core/Src/stm32f1xx_it.o
                0x0000000008004208                HardFault_Handler
 .text.MemManage_Handler
                0x000000000800420e        0x6 Core/Src/stm32f1xx_it.o
                0x000000000800420e                MemManage_Handler
 .text.BusFault_Handler
                0x0000000008004214        0x6 Core/Src/stm32f1xx_it.o
                0x0000000008004214                BusFault_Handler
 .text.UsageFault_Handler
                0x000000000800421a        0x6 Core/Src/stm32f1xx_it.o
                0x000000000800421a                UsageFault_Handler
 .text.SVC_Handler
                0x0000000008004220        0xc Core/Src/stm32f1xx_it.o
                0x0000000008004220                SVC_Handler
 .text.DebugMon_Handler
                0x000000000800422c        0xc Core/Src/stm32f1xx_it.o
                0x000000000800422c                DebugMon_Handler
 .text.PendSV_Handler
                0x0000000008004238        0xc Core/Src/stm32f1xx_it.o
                0x0000000008004238                PendSV_Handler
 .text.SysTick_Handler
                0x0000000008004244        0xc Core/Src/stm32f1xx_it.o
                0x0000000008004244                SysTick_Handler
 .text.USB_LP_CAN1_RX0_IRQHandler
                0x0000000008004250       0x14 Core/Src/stm32f1xx_it.o
                0x0000000008004250                USB_LP_CAN1_RX0_IRQHandler
 .text._sbrk    0x0000000008004264       0x58 Core/Src/sysmem.o
                0x0000000008004264                _sbrk
 .text.SystemInit
                0x00000000080042bc       0x68 Core/Src/system_stm32f1xx.o
                0x00000000080042bc                SystemInit
 .text.Reset_Handler
                0x0000000008004324       0x48 Core/Startup/startup_stm32f103cbtx.o
                0x0000000008004324                Reset_Handler
 .text.Default_Handler
                0x000000000800436c        0x2 Core/Startup/startup_stm32f103cbtx.o
                0x000000000800436c                RTC_Alarm_IRQHandler
                0x000000000800436c                EXTI2_IRQHandler
                0x000000000800436c                TIM1_CC_IRQHandler
                0x000000000800436c                PVD_IRQHandler
                0x000000000800436c                EXTI3_IRQHandler
                0x000000000800436c                EXTI0_IRQHandler
                0x000000000800436c                I2C2_EV_IRQHandler
                0x000000000800436c                ADC1_2_IRQHandler
                0x000000000800436c                SPI1_IRQHandler
                0x000000000800436c                TAMPER_IRQHandler
                0x000000000800436c                DMA1_Channel4_IRQHandler
                0x000000000800436c                USART3_IRQHandler
                0x000000000800436c                RTC_IRQHandler
                0x000000000800436c                DMA1_Channel7_IRQHandler
                0x000000000800436c                CAN1_RX1_IRQHandler
                0x000000000800436c                TIM4_IRQHandler
                0x000000000800436c                I2C1_EV_IRQHandler
                0x000000000800436c                DMA1_Channel6_IRQHandler
                0x000000000800436c                TIM3_IRQHandler
                0x000000000800436c                RCC_IRQHandler
                0x000000000800436c                TIM1_TRG_COM_IRQHandler
                0x000000000800436c                DMA1_Channel1_IRQHandler
                0x000000000800436c                Default_Handler
                0x000000000800436c                EXTI15_10_IRQHandler
                0x000000000800436c                EXTI9_5_IRQHandler
                0x000000000800436c                SPI2_IRQHandler
                0x000000000800436c                DMA1_Channel5_IRQHandler
                0x000000000800436c                EXTI4_IRQHandler
                0x000000000800436c                USB_HP_CAN1_TX_IRQHandler
                0x000000000800436c                DMA1_Channel3_IRQHandler
                0x000000000800436c                TIM1_UP_IRQHandler
                0x000000000800436c                WWDG_IRQHandler
                0x000000000800436c                TIM2_IRQHandler
                0x000000000800436c                TIM1_BRK_IRQHandler
                0x000000000800436c                EXTI1_IRQHandler
                0x000000000800436c                USART2_IRQHandler
                0x000000000800436c                I2C2_ER_IRQHandler
                0x000000000800436c                DMA1_Channel2_IRQHandler
                0x000000000800436c                CAN1_SCE_IRQHandler
                0x000000000800436c                FLASH_IRQHandler
                0x000000000800436c                USART1_IRQHandler
                0x000000000800436c                I2C1_ER_IRQHandler
                0x000000000800436c                USBWakeUp_IRQHandler
 *fill*         0x000000000800436e        0x2 
 .text.HAL_Init
                0x0000000008004370       0x2c Drivers/STM32F1xx_HAL_Driver/Src/stm32f1xx_hal.o
                0x0000000008004370                HAL_Init
 .text.HAL_InitTick
                0x000000000800439c       0x60 Drivers/STM32F1xx_HAL_Driver/Src/stm32f1xx_hal.o
                0x000000000800439c                HAL_InitTick
 .text.HAL_IncTick
                0x00000000080043fc       0x24 Drivers/STM32F1xx_HAL_Driver/Src/stm32f1xx_hal.o
                0x00000000080043fc                HAL_IncTick
 .text.HAL_GetTick
                0x0000000008004420       0x14 Drivers/STM32F1xx_HAL_Driver/Src/stm32f1xx_hal.o
                0x0000000008004420                HAL_GetTick
 .text.HAL_Delay
                0x0000000008004434       0x44 Drivers/STM32F1xx_HAL_Driver/Src/stm32f1xx_hal.o
                0x0000000008004434                HAL_Delay
 .text.HAL_ADC_Init
                0x0000000008004478      0x1b0 Drivers/STM32F1xx_HAL_Driver/Src/stm32f1xx_hal_adc.o
                0x0000000008004478                HAL_ADC_Init
 .text.HAL_ADC_ConfigChannel
                0x0000000008004628      0x1f0 Drivers/STM32F1xx_HAL_Driver/Src/stm32f1xx_hal_adc.o
                0x0000000008004628                HAL_ADC_ConfigChannel
 .text.ADC_ConversionStop_Disable
                0x0000000008004818       0x74 Drivers/STM32F1xx_HAL_Driver/Src/stm32f1xx_hal_adc.o
                0x0000000008004818                ADC_ConversionStop_Disable
 .text.__NVIC_SetPriorityGrouping
                0x000000000800488c       0x48 Drivers/STM32F1xx_HAL_Driver/Src/stm32f1xx_hal_cortex.o
 .text.__NVIC_GetPriorityGrouping
                0x00000000080048d4       0x1c Drivers/STM32F1xx_HAL_Driver/Src/stm32f1xx_hal_cortex.o
 .text.__NVIC_EnableIRQ
                0x00000000080048f0       0x38 Drivers/STM32F1xx_HAL_Driver/Src/stm32f1xx_hal_cortex.o
 .text.__NVIC_SetPriority
                0x0000000008004928       0x54 Drivers/STM32F1xx_HAL_Driver/Src/stm32f1xx_hal_cortex.o
 .text.NVIC_EncodePriority
                0x000000000800497c       0x64 Drivers/STM32F1xx_HAL_Driver/Src/stm32f1xx_hal_cortex.o
 .text.SysTick_Config
                0x00000000080049e0       0x44 Drivers/STM32F1xx_HAL_Driver/Src/stm32f1xx_hal_cortex.o
 .text.HAL_NVIC_SetPriorityGrouping
                0x0000000008004a24       0x16 Drivers/STM32F1xx_HAL_Driver/Src/stm32f1xx_hal_cortex.o
                0x0000000008004a24                HAL_NVIC_SetPriorityGrouping
 .text.HAL_NVIC_SetPriority
                0x0000000008004a3a       0x38 Drivers/STM32F1xx_HAL_Driver/Src/stm32f1xx_hal_cortex.o
                0x0000000008004a3a                HAL_NVIC_SetPriority
 .text.HAL_NVIC_EnableIRQ
                0x0000000008004a72       0x1c Drivers/STM32F1xx_HAL_Driver/Src/stm32f1xx_hal_cortex.o
                0x0000000008004a72                HAL_NVIC_EnableIRQ
 .text.HAL_SYSTICK_Config
                0x0000000008004a8e       0x18 Drivers/STM32F1xx_HAL_Driver/Src/stm32f1xx_hal_cortex.o
                0x0000000008004a8e                HAL_SYSTICK_Config
 *fill*         0x0000000008004aa6        0x2 
 .text.HAL_GPIO_Init
                0x0000000008004aa8      0x2b4 Drivers/STM32F1xx_HAL_Driver/Src/stm32f1xx_hal_gpio.o
                0x0000000008004aa8                HAL_GPIO_Init
 .text.HAL_GPIO_DeInit
                0x0000000008004d5c      0x178 Drivers/STM32F1xx_HAL_Driver/Src/stm32f1xx_hal_gpio.o
                0x0000000008004d5c                HAL_GPIO_DeInit
 .text.HAL_GPIO_ReadPin
                0x0000000008004ed4       0x2e Drivers/STM32F1xx_HAL_Driver/Src/stm32f1xx_hal_gpio.o
                0x0000000008004ed4                HAL_GPIO_ReadPin
 .text.HAL_GPIO_WritePin
                0x0000000008004f02       0x30 Drivers/STM32F1xx_HAL_Driver/Src/stm32f1xx_hal_gpio.o
                0x0000000008004f02                HAL_GPIO_WritePin
 .text.HAL_GPIO_TogglePin
                0x0000000008004f32       0x30 Drivers/STM32F1xx_HAL_Driver/Src/stm32f1xx_hal_gpio.o
                0x0000000008004f32                HAL_GPIO_TogglePin
 *fill*         0x0000000008004f62        0x2 
 .text.HAL_I2C_Init
                0x0000000008004f64      0x250 Drivers/STM32F1xx_HAL_Driver/Src/stm32f1xx_hal_i2c.o
                0x0000000008004f64                HAL_I2C_Init
 .text.HAL_I2C_DeInit
                0x00000000080051b4       0x5e Drivers/STM32F1xx_HAL_Driver/Src/stm32f1xx_hal_i2c.o
                0x00000000080051b4                HAL_I2C_DeInit
 *fill*         0x0000000008005212        0x2 
 .text.HAL_I2C_Master_Transmit
                0x0000000008005214      0x1fc Drivers/STM32F1xx_HAL_Driver/Src/stm32f1xx_hal_i2c.o
                0x0000000008005214                HAL_I2C_Master_Transmit
 .text.HAL_I2C_Master_Receive
                0x0000000008005410      0x45c Drivers/STM32F1xx_HAL_Driver/Src/stm32f1xx_hal_i2c.o
                0x0000000008005410                HAL_I2C_Master_Receive
 .text.HAL_I2C_IsDeviceReady
                0x000000000800586c      0x244 Drivers/STM32F1xx_HAL_Driver/Src/stm32f1xx_hal_i2c.o
                0x000000000800586c                HAL_I2C_IsDeviceReady
 .text.I2C_MasterRequestWrite
                0x0000000008005ab0       0xec Drivers/STM32F1xx_HAL_Driver/Src/stm32f1xx_hal_i2c.o
 .text.I2C_MasterRequestRead
                0x0000000008005b9c      0x16c Drivers/STM32F1xx_HAL_Driver/Src/stm32f1xx_hal_i2c.o
 .text.I2C_WaitOnFlagUntilTimeout
                0x0000000008005d08       0xae Drivers/STM32F1xx_HAL_Driver/Src/stm32f1xx_hal_i2c.o
 .text.I2C_WaitOnMasterAddressFlagUntilTimeout
                0x0000000008005db6       0xfe Drivers/STM32F1xx_HAL_Driver/Src/stm32f1xx_hal_i2c.o
 .text.I2C_WaitOnTXEFlagUntilTimeout
                0x0000000008005eb4       0x82 Drivers/STM32F1xx_HAL_Driver/Src/stm32f1xx_hal_i2c.o
 .text.I2C_WaitOnBTFFlagUntilTimeout
                0x0000000008005f36       0x82 Drivers/STM32F1xx_HAL_Driver/Src/stm32f1xx_hal_i2c.o
 .text.I2C_WaitOnRXNEFlagUntilTimeout
                0x0000000008005fb8       0xac Drivers/STM32F1xx_HAL_Driver/Src/stm32f1xx_hal_i2c.o
 .text.I2C_IsAcknowledgeFailed
                0x0000000008006064       0x5c Drivers/STM32F1xx_HAL_Driver/Src/stm32f1xx_hal_i2c.o
 .text.HAL_PCD_Init
                0x00000000080060c0      0x1c2 Drivers/STM32F1xx_HAL_Driver/Src/stm32f1xx_hal_pcd.o
                0x00000000080060c0                HAL_PCD_Init
 .text.HAL_PCD_Start
                0x0000000008006282       0x4c Drivers/STM32F1xx_HAL_Driver/Src/stm32f1xx_hal_pcd.o
                0x0000000008006282                HAL_PCD_Start
 .text.HAL_PCD_IRQHandler
                0x00000000080062ce      0x21c Drivers/STM32F1xx_HAL_Driver/Src/stm32f1xx_hal_pcd.o
                0x00000000080062ce                HAL_PCD_IRQHandler
 .text.HAL_PCD_SetAddress
                0x00000000080064ea       0x4a Drivers/STM32F1xx_HAL_Driver/Src/stm32f1xx_hal_pcd.o
                0x00000000080064ea                HAL_PCD_SetAddress
 .text.HAL_PCD_EP_Open
                0x0000000008006534       0xc0 Drivers/STM32F1xx_HAL_Driver/Src/stm32f1xx_hal_pcd.o
                0x0000000008006534                HAL_PCD_EP_Open
 .text.HAL_PCD_EP_Close
                0x00000000080065f4       0x84 Drivers/STM32F1xx_HAL_Driver/Src/stm32f1xx_hal_pcd.o
                0x00000000080065f4                HAL_PCD_EP_Close
 .text.HAL_PCD_EP_Receive
                0x0000000008006678       0x74 Drivers/STM32F1xx_HAL_Driver/Src/stm32f1xx_hal_pcd.o
                0x0000000008006678                HAL_PCD_EP_Receive
 .text.HAL_PCD_EP_GetRxCount
                0x00000000080066ec       0x28 Drivers/STM32F1xx_HAL_Driver/Src/stm32f1xx_hal_pcd.o
                0x00000000080066ec                HAL_PCD_EP_GetRxCount
 .text.HAL_PCD_EP_Transmit
                0x0000000008006714       0x72 Drivers/STM32F1xx_HAL_Driver/Src/stm32f1xx_hal_pcd.o
                0x0000000008006714                HAL_PCD_EP_Transmit
 .text.HAL_PCD_EP_SetStall
                0x0000000008006786       0xb4 Drivers/STM32F1xx_HAL_Driver/Src/stm32f1xx_hal_pcd.o
                0x0000000008006786                HAL_PCD_EP_SetStall
 .text.HAL_PCD_EP_ClrStall
                0x000000000800683a       0x9c Drivers/STM32F1xx_HAL_Driver/Src/stm32f1xx_hal_pcd.o
                0x000000000800683a                HAL_PCD_EP_ClrStall
 *fill*         0x00000000080068d6        0x2 
 .text.PCD_EP_ISR_Handler
                0x00000000080068d8      0x534 Drivers/STM32F1xx_HAL_Driver/Src/stm32f1xx_hal_pcd.o
 .text.HAL_PCDEx_PMAConfig
                0x0000000008006e0c       0x78 Drivers/STM32F1xx_HAL_Driver/Src/stm32f1xx_hal_pcd_ex.o
                0x0000000008006e0c                HAL_PCDEx_PMAConfig
 .text.HAL_RCC_OscConfig
                0x0000000008006e84      0x500 Drivers/STM32F1xx_HAL_Driver/Src/stm32f1xx_hal_rcc.o
                0x0000000008006e84                HAL_RCC_OscConfig
 .text.HAL_RCC_ClockConfig
                0x0000000008007384      0x1d4 Drivers/STM32F1xx_HAL_Driver/Src/stm32f1xx_hal_rcc.o
                0x0000000008007384                HAL_RCC_ClockConfig
 .text.HAL_RCC_GetSysClockFreq
                0x0000000008007558       0xc4 Drivers/STM32F1xx_HAL_Driver/Src/stm32f1xx_hal_rcc.o
                0x0000000008007558                HAL_RCC_GetSysClockFreq
 .text.HAL_RCC_GetHCLKFreq
                0x000000000800761c       0x14 Drivers/STM32F1xx_HAL_Driver/Src/stm32f1xx_hal_rcc.o
                0x000000000800761c                HAL_RCC_GetHCLKFreq
 .text.HAL_RCC_GetPCLK1Freq
                0x0000000008007630       0x28 Drivers/STM32F1xx_HAL_Driver/Src/stm32f1xx_hal_rcc.o
                0x0000000008007630                HAL_RCC_GetPCLK1Freq
 .text.HAL_RCC_GetPCLK2Freq
                0x0000000008007658       0x28 Drivers/STM32F1xx_HAL_Driver/Src/stm32f1xx_hal_rcc.o
                0x0000000008007658                HAL_RCC_GetPCLK2Freq
 .text.RCC_Delay
                0x0000000008007680       0x3c Drivers/STM32F1xx_HAL_Driver/Src/stm32f1xx_hal_rcc.o
 .text.HAL_RCCEx_PeriphCLKConfig
                0x00000000080076bc      0x16c Drivers/STM32F1xx_HAL_Driver/Src/stm32f1xx_hal_rcc_ex.o
                0x00000000080076bc                HAL_RCCEx_PeriphCLKConfig
 .text.HAL_SPI_Init
                0x0000000008007828       0xc2 Drivers/STM32F1xx_HAL_Driver/Src/stm32f1xx_hal_spi.o
                0x0000000008007828                HAL_SPI_Init
 .text.HAL_SPI_Transmit
                0x00000000080078ea      0x268 Drivers/STM32F1xx_HAL_Driver/Src/stm32f1xx_hal_spi.o
                0x00000000080078ea                HAL_SPI_Transmit
 .text.HAL_SPI_Receive
                0x0000000008007b52      0x212 Drivers/STM32F1xx_HAL_Driver/Src/stm32f1xx_hal_spi.o
                0x0000000008007b52                HAL_SPI_Receive
 .text.HAL_SPI_TransmitReceive
                0x0000000008007d64      0x344 Drivers/STM32F1xx_HAL_Driver/Src/stm32f1xx_hal_spi.o
                0x0000000008007d64                HAL_SPI_TransmitReceive
 .text.SPI_WaitFlagStateUntilTimeout
                0x00000000080080a8       0xd4 Drivers/STM32F1xx_HAL_Driver/Src/stm32f1xx_hal_spi.o
 .text.SPI_EndRxTransaction
                0x000000000800817c       0xa4 Drivers/STM32F1xx_HAL_Driver/Src/stm32f1xx_hal_spi.o
 .text.SPI_EndRxTxTransaction
                0x0000000008008220       0x3c Drivers/STM32F1xx_HAL_Driver/Src/stm32f1xx_hal_spi.o
 .text.HAL_TIM_PWM_Init
                0x000000000800825c       0x56 Drivers/STM32F1xx_HAL_Driver/Src/stm32f1xx_hal_tim.o
                0x000000000800825c                HAL_TIM_PWM_Init
 *fill*         0x00000000080082b2        0x2 
 .text.HAL_TIM_PWM_ConfigChannel
                0x00000000080082b4      0x18c Drivers/STM32F1xx_HAL_Driver/Src/stm32f1xx_hal_tim.o
                0x00000000080082b4                HAL_TIM_PWM_ConfigChannel
 .text.TIM_Base_SetConfig
                0x0000000008008440       0xc4 Drivers/STM32F1xx_HAL_Driver/Src/stm32f1xx_hal_tim.o
                0x0000000008008440                TIM_Base_SetConfig
 .text.TIM_OC1_SetConfig
                0x0000000008008504       0xcc Drivers/STM32F1xx_HAL_Driver/Src/stm32f1xx_hal_tim.o
 .text.TIM_OC2_SetConfig
                0x00000000080085d0       0xd4 Drivers/STM32F1xx_HAL_Driver/Src/stm32f1xx_hal_tim.o
                0x00000000080085d0                TIM_OC2_SetConfig
 .text.TIM_OC3_SetConfig
                0x00000000080086a4       0xd4 Drivers/STM32F1xx_HAL_Driver/Src/stm32f1xx_hal_tim.o
 .text.TIM_OC4_SetConfig
                0x0000000008008778       0x9c Drivers/STM32F1xx_HAL_Driver/Src/stm32f1xx_hal_tim.o
 .text.HAL_TIMEx_MasterConfigSynchronization
                0x0000000008008814       0x88 Drivers/STM32F1xx_HAL_Driver/Src/stm32f1xx_hal_tim_ex.o
                0x0000000008008814                HAL_TIMEx_MasterConfigSynchronization
 .text.HAL_UART_Init
                0x000000000800889c       0x9a Drivers/STM32F1xx_HAL_Driver/Src/stm32f1xx_hal_uart.o
                0x000000000800889c                HAL_UART_Init
 .text.HAL_UART_Transmit
                0x0000000008008936      0x132 Drivers/STM32F1xx_HAL_Driver/Src/stm32f1xx_hal_uart.o
                0x0000000008008936                HAL_UART_Transmit
 .text.UART_WaitOnFlagUntilTimeout
                0x0000000008008a68       0x94 Drivers/STM32F1xx_HAL_Driver/Src/stm32f1xx_hal_uart.o
 .text.UART_SetConfig
                0x0000000008008afc      0x1b4 Drivers/STM32F1xx_HAL_Driver/Src/stm32f1xx_hal_uart.o
 .text.USB_CoreInit
                0x0000000008008cb0       0x20 Drivers/STM32F1xx_HAL_Driver/Src/stm32f1xx_ll_usb.o
                0x0000000008008cb0                USB_CoreInit
 .text.USB_EnableGlobalInt
                0x0000000008008cd0       0x2e Drivers/STM32F1xx_HAL_Driver/Src/stm32f1xx_ll_usb.o
                0x0000000008008cd0                USB_EnableGlobalInt
 .text.USB_DisableGlobalInt
                0x0000000008008cfe       0x38 Drivers/STM32F1xx_HAL_Driver/Src/stm32f1xx_ll_usb.o
                0x0000000008008cfe                USB_DisableGlobalInt
 .text.USB_SetCurrentMode
                0x0000000008008d36       0x18 Drivers/STM32F1xx_HAL_Driver/Src/stm32f1xx_ll_usb.o
                0x0000000008008d36                USB_SetCurrentMode
 .text.USB_DevInit
                0x0000000008008d4e       0x48 Drivers/STM32F1xx_HAL_Driver/Src/stm32f1xx_ll_usb.o
                0x0000000008008d4e                USB_DevInit
 *fill*         0x0000000008008d96        0x2 
 .text.USB_ActivateEndpoint
                0x0000000008008d98      0x5dc Drivers/STM32F1xx_HAL_Driver/Src/stm32f1xx_ll_usb.o
                0x0000000008008d98                USB_ActivateEndpoint
 .text.USB_DeactivateEndpoint
                0x0000000008009374      0x32c Drivers/STM32F1xx_HAL_Driver/Src/stm32f1xx_ll_usb.o
                0x0000000008009374                USB_DeactivateEndpoint
 .text.USB_EPStartXfer
                0x00000000080096a0      0x570 Drivers/STM32F1xx_HAL_Driver/Src/stm32f1xx_ll_usb.o
                0x00000000080096a0                USB_EPStartXfer
 .text.USB_EPSetStall
                0x0000000008009c10       0x84 Drivers/STM32F1xx_HAL_Driver/Src/stm32f1xx_ll_usb.o
                0x0000000008009c10                USB_EPSetStall
 .text.USB_EPClearStall
                0x0000000008009c94      0x128 Drivers/STM32F1xx_HAL_Driver/Src/stm32f1xx_ll_usb.o
                0x0000000008009c94                USB_EPClearStall
 .text.USB_SetDevAddress
                0x0000000008009dbc       0x26 Drivers/STM32F1xx_HAL_Driver/Src/stm32f1xx_ll_usb.o
                0x0000000008009dbc                USB_SetDevAddress
 .text.USB_DevConnect
                0x0000000008009de2       0x14 Drivers/STM32F1xx_HAL_Driver/Src/stm32f1xx_ll_usb.o
                0x0000000008009de2                USB_DevConnect
 .text.USB_DevDisconnect
                0x0000000008009df6       0x14 Drivers/STM32F1xx_HAL_Driver/Src/stm32f1xx_ll_usb.o
                0x0000000008009df6                USB_DevDisconnect
 .text.USB_ReadInterrupts
                0x0000000008009e0a       0x1e Drivers/STM32F1xx_HAL_Driver/Src/stm32f1xx_ll_usb.o
                0x0000000008009e0a                USB_ReadInterrupts
 .text.USB_EP0_OutStart
                0x0000000008009e28       0x16 Drivers/STM32F1xx_HAL_Driver/Src/stm32f1xx_ll_usb.o
                0x0000000008009e28                USB_EP0_OutStart
 .text.USB_WritePMA
                0x0000000008009e3e       0x88 Drivers/STM32F1xx_HAL_Driver/Src/stm32f1xx_ll_usb.o
                0x0000000008009e3e                USB_WritePMA
 .text.USB_ReadPMA
                0x0000000008009ec6       0x9e Drivers/STM32F1xx_HAL_Driver/Src/stm32f1xx_ll_usb.o
                0x0000000008009ec6                USB_ReadPMA
 .text.USBD_CDC_Init
                0x0000000008009f64       0xf4 Middlewares/ST/STM32_USB_Device_Library/Class/CDC/Src/usbd_cdc.o
 .text.USBD_CDC_DeInit
                0x000000000800a058       0x6e Middlewares/ST/STM32_USB_Device_Library/Class/CDC/Src/usbd_cdc.o
 .text.USBD_CDC_Setup
                0x000000000800a0c6      0x140 Middlewares/ST/STM32_USB_Device_Library/Class/CDC/Src/usbd_cdc.o
 .text.USBD_CDC_DataIn
                0x000000000800a206       0xa0 Middlewares/ST/STM32_USB_Device_Library/Class/CDC/Src/usbd_cdc.o
 .text.USBD_CDC_DataOut
                0x000000000800a2a6       0x56 Middlewares/ST/STM32_USB_Device_Library/Class/CDC/Src/usbd_cdc.o
 .text.USBD_CDC_EP0_RxReady
                0x000000000800a2fc       0x50 Middlewares/ST/STM32_USB_Device_Library/Class/CDC/Src/usbd_cdc.o
 .text.USBD_CDC_GetFSCfgDesc
                0x000000000800a34c       0x20 Middlewares/ST/STM32_USB_Device_Library/Class/CDC/Src/usbd_cdc.o
 .text.USBD_CDC_GetHSCfgDesc
                0x000000000800a36c       0x20 Middlewares/ST/STM32_USB_Device_Library/Class/CDC/Src/usbd_cdc.o
 .text.USBD_CDC_GetOtherSpeedCfgDesc
                0x000000000800a38c       0x20 Middlewares/ST/STM32_USB_Device_Library/Class/CDC/Src/usbd_cdc.o
 .text.USBD_CDC_GetDeviceQualifierDescriptor
                0x000000000800a3ac       0x20 Middlewares/ST/STM32_USB_Device_Library/Class/CDC/Src/usbd_cdc.o
                0x000000000800a3ac                USBD_CDC_GetDeviceQualifierDescriptor
 .text.USBD_CDC_RegisterInterface
                0x000000000800a3cc       0x2c Middlewares/ST/STM32_USB_Device_Library/Class/CDC/Src/usbd_cdc.o
                0x000000000800a3cc                USBD_CDC_RegisterInterface
 .text.USBD_CDC_SetTxBuffer
                0x000000000800a3f8       0x32 Middlewares/ST/STM32_USB_Device_Library/Class/CDC/Src/usbd_cdc.o
                0x000000000800a3f8                USBD_CDC_SetTxBuffer
 .text.USBD_CDC_SetRxBuffer
                0x000000000800a42a       0x26 Middlewares/ST/STM32_USB_Device_Library/Class/CDC/Src/usbd_cdc.o
                0x000000000800a42a                USBD_CDC_SetRxBuffer
 .text.USBD_CDC_TransmitPacket
                0x000000000800a450       0x5e Middlewares/ST/STM32_USB_Device_Library/Class/CDC/Src/usbd_cdc.o
                0x000000000800a450                USBD_CDC_TransmitPacket
 .text.USBD_CDC_ReceivePacket
                0x000000000800a4ae       0x54 Middlewares/ST/STM32_USB_Device_Library/Class/CDC/Src/usbd_cdc.o
                0x000000000800a4ae                USBD_CDC_ReceivePacket
 .text.USBD_Init
                0x000000000800a502       0x56 Middlewares/ST/STM32_USB_Device_Library/Core/Src/usbd_core.o
                0x000000000800a502                USBD_Init
 .text.USBD_RegisterClass
                0x000000000800a558       0x32 Middlewares/ST/STM32_USB_Device_Library/Core/Src/usbd_core.o
                0x000000000800a558                USBD_RegisterClass
 .text.USBD_Start
                0x000000000800a58a       0x18 Middlewares/ST/STM32_USB_Device_Library/Core/Src/usbd_core.o
                0x000000000800a58a                USBD_Start
 .text.USBD_RunTestMode
                0x000000000800a5a2       0x14 Middlewares/ST/STM32_USB_Device_Library/Core/Src/usbd_core.o
                0x000000000800a5a2                USBD_RunTestMode
 .text.USBD_SetClassConfig
                0x000000000800a5b6       0x3e Middlewares/ST/STM32_USB_Device_Library/Core/Src/usbd_core.o
                0x000000000800a5b6                USBD_SetClassConfig
 .text.USBD_ClrClassConfig
                0x000000000800a5f4       0x26 Middlewares/ST/STM32_USB_Device_Library/Core/Src/usbd_core.o
                0x000000000800a5f4                USBD_ClrClassConfig
 .text.USBD_LL_SetupStage
                0x000000000800a61a       0x96 Middlewares/ST/STM32_USB_Device_Library/Core/Src/usbd_core.o
                0x000000000800a61a                USBD_LL_SetupStage
 .text.USBD_LL_DataOutStage
                0x000000000800a6b0       0xe2 Middlewares/ST/STM32_USB_Device_Library/Core/Src/usbd_core.o
                0x000000000800a6b0                USBD_LL_DataOutStage
 .text.USBD_LL_DataInStage
                0x000000000800a792      0x14a Middlewares/ST/STM32_USB_Device_Library/Core/Src/usbd_core.o
                0x000000000800a792                USBD_LL_DataInStage
 .text.USBD_LL_Reset
                0x000000000800a8dc       0x82 Middlewares/ST/STM32_USB_Device_Library/Core/Src/usbd_core.o
                0x000000000800a8dc                USBD_LL_Reset
 .text.USBD_LL_SetSpeed
                0x000000000800a95e       0x1e Middlewares/ST/STM32_USB_Device_Library/Core/Src/usbd_core.o
                0x000000000800a95e                USBD_LL_SetSpeed
 .text.USBD_LL_Suspend
                0x000000000800a97c       0x28 Middlewares/ST/STM32_USB_Device_Library/Core/Src/usbd_core.o
                0x000000000800a97c                USBD_LL_Suspend
 .text.USBD_LL_Resume
                0x000000000800a9a4       0x2a Middlewares/ST/STM32_USB_Device_Library/Core/Src/usbd_core.o
                0x000000000800a9a4                USBD_LL_Resume
 .text.USBD_LL_SOF
                0x000000000800a9ce       0x34 Middlewares/ST/STM32_USB_Device_Library/Core/Src/usbd_core.o
                0x000000000800a9ce                USBD_LL_SOF
 *fill*         0x000000000800aa02        0x2 
 .text.USBD_StdDevReq
                0x000000000800aa04       0xd4 Middlewares/ST/STM32_USB_Device_Library/Core/Src/usbd_ctlreq.o
                0x000000000800aa04                USBD_StdDevReq
 .text.USBD_StdItfReq
                0x000000000800aad8       0x8c Middlewares/ST/STM32_USB_Device_Library/Core/Src/usbd_ctlreq.o
                0x000000000800aad8                USBD_StdItfReq
 .text.USBD_StdEPReq
                0x000000000800ab64      0x2ba Middlewares/ST/STM32_USB_Device_Library/Core/Src/usbd_ctlreq.o
                0x000000000800ab64                USBD_StdEPReq
 *fill*         0x000000000800ae1e        0x2 
 .text.USBD_GetDescriptor
                0x000000000800ae20      0x2d0 Middlewares/ST/STM32_USB_Device_Library/Core/Src/usbd_ctlreq.o
 .text.USBD_SetAddress
                0x000000000800b0f0       0x84 Middlewares/ST/STM32_USB_Device_Library/Core/Src/usbd_ctlreq.o
 .text.USBD_SetConfig
                0x000000000800b174      0x11c Middlewares/ST/STM32_USB_Device_Library/Core/Src/usbd_ctlreq.o
 .text.USBD_GetConfig
                0x000000000800b290       0x68 Middlewares/ST/STM32_USB_Device_Library/Core/Src/usbd_ctlreq.o
 .text.USBD_GetStatus
                0x000000000800b2f8       0x66 Middlewares/ST/STM32_USB_Device_Library/Core/Src/usbd_ctlreq.o
 .text.USBD_SetFeature
                0x000000000800b35e       0x28 Middlewares/ST/STM32_USB_Device_Library/Core/Src/usbd_ctlreq.o
 .text.USBD_ClrFeature
                0x000000000800b386       0x42 Middlewares/ST/STM32_USB_Device_Library/Core/Src/usbd_ctlreq.o
 .text.USBD_ParseSetupRequest
                0x000000000800b3c8       0x78 Middlewares/ST/STM32_USB_Device_Library/Core/Src/usbd_ctlreq.o
                0x000000000800b3c8                USBD_ParseSetupRequest
 .text.USBD_CtlError
                0x000000000800b440       0x22 Middlewares/ST/STM32_USB_Device_Library/Core/Src/usbd_ctlreq.o
                0x000000000800b440                USBD_CtlError
 .text.USBD_GetString
                0x000000000800b462       0x84 Middlewares/ST/STM32_USB_Device_Library/Core/Src/usbd_ctlreq.o
                0x000000000800b462                USBD_GetString
 .text.USBD_GetLen
                0x000000000800b4e6       0x2e Middlewares/ST/STM32_USB_Device_Library/Core/Src/usbd_ctlreq.o
 .text.USBD_CtlSendData
                0x000000000800b514       0x38 Middlewares/ST/STM32_USB_Device_Library/Core/Src/usbd_ioreq.o
                0x000000000800b514                USBD_CtlSendData
 .text.USBD_CtlContinueSendData
                0x000000000800b54c       0x24 Middlewares/ST/STM32_USB_Device_Library/Core/Src/usbd_ioreq.o
                0x000000000800b54c                USBD_CtlContinueSendData
 .text.USBD_CtlPrepareRx
                0x000000000800b570       0x3c Middlewares/ST/STM32_USB_Device_Library/Core/Src/usbd_ioreq.o
                0x000000000800b570                USBD_CtlPrepareRx
 .text.USBD_CtlContinueRx
                0x000000000800b5ac       0x24 Middlewares/ST/STM32_USB_Device_Library/Core/Src/usbd_ioreq.o
                0x000000000800b5ac                USBD_CtlContinueRx
 .text.USBD_CtlSendStatus
                0x000000000800b5d0       0x26 Middlewares/ST/STM32_USB_Device_Library/Core/Src/usbd_ioreq.o
                0x000000000800b5d0                USBD_CtlSendStatus
 .text.USBD_CtlReceiveStatus
                0x000000000800b5f6       0x26 Middlewares/ST/STM32_USB_Device_Library/Core/Src/usbd_ioreq.o
                0x000000000800b5f6                USBD_CtlReceiveStatus
 .text.MX_USB_DEVICE_Init
                0x000000000800b61c       0x6c USB_DEVICE/App/usb_device.o
                0x000000000800b61c                MX_USB_DEVICE_Init
 .text.CDC_Init_FS
                0x000000000800b688       0x28 USB_DEVICE/App/usbd_cdc_if.o
 .text.CDC_DeInit_FS
                0x000000000800b6b0        0xe USB_DEVICE/App/usbd_cdc_if.o
 *fill*         0x000000000800b6be        0x2 
 .text.CDC_Control_FS
                0x000000000800b6c0       0xbc USB_DEVICE/App/usbd_cdc_if.o
 .text.CDC_Receive_FS
                0x000000000800b77c       0x30 USB_DEVICE/App/usbd_cdc_if.o
 .text.CDC_Transmit_FS
                0x000000000800b7ac       0x4c USB_DEVICE/App/usbd_cdc_if.o
                0x000000000800b7ac                CDC_Transmit_FS
 .text.USBD_FS_DeviceDescriptor
                0x000000000800b7f8       0x3c USB_DEVICE/App/usbd_desc.o
                0x000000000800b7f8                USBD_FS_DeviceDescriptor
 .text.USBD_FS_LangIDStrDescriptor
                0x000000000800b834       0x24 USB_DEVICE/App/usbd_desc.o
                0x000000000800b834                USBD_FS_LangIDStrDescriptor
 .text.USBD_FS_ProductStrDescriptor
                0x000000000800b858       0x3c USB_DEVICE/App/usbd_desc.o
                0x000000000800b858                USBD_FS_ProductStrDescriptor
 .text.USBD_FS_ManufacturerStrDescriptor
                0x000000000800b894       0x28 USB_DEVICE/App/usbd_desc.o
                0x000000000800b894                USBD_FS_ManufacturerStrDescriptor
 .text.USBD_FS_SerialStrDescriptor
                0x000000000800b8bc       0x24 USB_DEVICE/App/usbd_desc.o
                0x000000000800b8bc                USBD_FS_SerialStrDescriptor
 .text.USBD_FS_ConfigStrDescriptor
                0x000000000800b8e0       0x6c USB_DEVICE/App/usbd_desc.o
                0x000000000800b8e0                USBD_FS_ConfigStrDescriptor
 .text.USBD_FS_InterfaceStrDescriptor
                0x000000000800b94c       0x6c USB_DEVICE/App/usbd_desc.o
                0x000000000800b94c                USBD_FS_InterfaceStrDescriptor
 .text.Get_SerialNum
                0x000000000800b9b8       0x58 USB_DEVICE/App/usbd_desc.o
 .text.IntToUnicode
                0x000000000800ba10       0x7a USB_DEVICE/App/usbd_desc.o
 *fill*         0x000000000800ba8a        0x2 
 .text.HAL_PCD_MspInit
                0x000000000800ba8c       0x4c USB_DEVICE/Target/usbd_conf.o
                0x000000000800ba8c                HAL_PCD_MspInit
 .text.HAL_PCD_SetupStageCallback
                0x000000000800bad8       0x24 USB_DEVICE/Target/usbd_conf.o
                0x000000000800bad8                HAL_PCD_SetupStageCallback
 .text.HAL_PCD_DataOutStageCallback
                0x000000000800bafc       0x30 USB_DEVICE/Target/usbd_conf.o
                0x000000000800bafc                HAL_PCD_DataOutStageCallback
 .text.HAL_PCD_DataInStageCallback
                0x000000000800bb2c       0x2e USB_DEVICE/Target/usbd_conf.o
                0x000000000800bb2c                HAL_PCD_DataInStageCallback
 .text.HAL_PCD_SOFCallback
                0x000000000800bb5a       0x1c USB_DEVICE/Target/usbd_conf.o
                0x000000000800bb5a                HAL_PCD_SOFCallback
 .text.HAL_PCD_ResetCallback
                0x000000000800bb76       0x3c USB_DEVICE/Target/usbd_conf.o
                0x000000000800bb76                HAL_PCD_ResetCallback
 *fill*         0x000000000800bbb2        0x2 
 .text.HAL_PCD_SuspendCallback
                0x000000000800bbb4       0x34 USB_DEVICE/Target/usbd_conf.o
                0x000000000800bbb4                HAL_PCD_SuspendCallback
 .text.HAL_PCD_ResumeCallback
                0x000000000800bbe8       0x1c USB_DEVICE/Target/usbd_conf.o
                0x000000000800bbe8                HAL_PCD_ResumeCallback
 .text.USBD_LL_Init
                0x000000000800bc04       0xb4 USB_DEVICE/Target/usbd_conf.o
                0x000000000800bc04                USBD_LL_Init
 .text.USBD_LL_Start
                0x000000000800bcb8       0x36 USB_DEVICE/Target/usbd_conf.o
                0x000000000800bcb8                USBD_LL_Start
 .text.USBD_LL_OpenEP
                0x000000000800bcee       0x4c USB_DEVICE/Target/usbd_conf.o
                0x000000000800bcee                USBD_LL_OpenEP
 .text.USBD_LL_CloseEP
                0x000000000800bd3a       0x3e USB_DEVICE/Target/usbd_conf.o
                0x000000000800bd3a                USBD_LL_CloseEP
 .text.USBD_LL_StallEP
                0x000000000800bd78       0x3e USB_DEVICE/Target/usbd_conf.o
                0x000000000800bd78                USBD_LL_StallEP
 .text.USBD_LL_ClearStallEP
                0x000000000800bdb6       0x3e USB_DEVICE/Target/usbd_conf.o
                0x000000000800bdb6                USBD_LL_ClearStallEP
 .text.USBD_LL_IsStallEP
                0x000000000800bdf4       0x4a USB_DEVICE/Target/usbd_conf.o
                0x000000000800bdf4                USBD_LL_IsStallEP
 .text.USBD_LL_SetUSBAddress
                0x000000000800be3e       0x3e USB_DEVICE/Target/usbd_conf.o
                0x000000000800be3e                USBD_LL_SetUSBAddress
 .text.USBD_LL_Transmit
                0x000000000800be7c       0x46 USB_DEVICE/Target/usbd_conf.o
                0x000000000800be7c                USBD_LL_Transmit
 .text.USBD_LL_PrepareReceive
                0x000000000800bec2       0x46 USB_DEVICE/Target/usbd_conf.o
                0x000000000800bec2                USBD_LL_PrepareReceive
 .text.USBD_LL_GetRxDataSize
                0x000000000800bf08       0x26 USB_DEVICE/Target/usbd_conf.o
                0x000000000800bf08                USBD_LL_GetRxDataSize
 *fill*         0x000000000800bf2e        0x2 
 .text.USBD_static_malloc
                0x000000000800bf30       0x18 USB_DEVICE/Target/usbd_conf.o
                0x000000000800bf30                USBD_static_malloc
 .text.USBD_static_free
                0x000000000800bf48       0x12 USB_DEVICE/Target/usbd_conf.o
                0x000000000800bf48                USBD_static_free
 .text.HAL_PCDEx_SetConnectionState
                0x000000000800bf5a       0x16 USB_DEVICE/Target/usbd_conf.o
                0x000000000800bf5a                HAL_PCDEx_SetConnectionState
 .text.USBD_Get_USB_Status
                0x000000000800bf70       0x58 USB_DEVICE/Target/usbd_conf.o
 .text.__errno  0x000000000800bfc8        0xc c:/st/stm32cubeide_1.3.0/stm32cubeide/plugins/com.st.stm32cube.ide.mcu.externaltools.gnu-tools-for-stm32.7-2018-q2-update.win32_1.0.0.201904181610/tools/bin/../lib/gcc/arm-none-eabi/7.3.1/../../../../arm-none-eabi/lib/thumb/v7-m\libc_nano.a(lib_a-errno.o)
                0x000000000800bfc8                __errno
 .text.__libc_init_array
                0x000000000800bfd4       0x48 c:/st/stm32cubeide_1.3.0/stm32cubeide/plugins/com.st.stm32cube.ide.mcu.externaltools.gnu-tools-for-stm32.7-2018-q2-update.win32_1.0.0.201904181610/tools/bin/../lib/gcc/arm-none-eabi/7.3.1/../../../../arm-none-eabi/lib/thumb/v7-m\libc_nano.a(lib_a-init.o)
                0x000000000800bfd4                __libc_init_array
 .text.memcpy   0x000000000800c01c       0x16 c:/st/stm32cubeide_1.3.0/stm32cubeide/plugins/com.st.stm32cube.ide.mcu.externaltools.gnu-tools-for-stm32.7-2018-q2-update.win32_1.0.0.201904181610/tools/bin/../lib/gcc/arm-none-eabi/7.3.1/../../../../arm-none-eabi/lib/thumb/v7-m\libc_nano.a(lib_a-memcpy-stub.o)
                0x000000000800c01c                memcpy
 .text.memset   0x000000000800c032       0x10 c:/st/stm32cubeide_1.3.0/stm32cubeide/plugins/com.st.stm32cube.ide.mcu.externaltools.gnu-tools-for-stm32.7-2018-q2-update.win32_1.0.0.201904181610/tools/bin/../lib/gcc/arm-none-eabi/7.3.1/../../../../arm-none-eabi/lib/thumb/v7-m\libc_nano.a(lib_a-memset.o)
                0x000000000800c032                memset
 *fill*         0x000000000800c042        0x2 
 .text.sprintf  0x000000000800c044       0x40 c:/st/stm32cubeide_1.3.0/stm32cubeide/plugins/com.st.stm32cube.ide.mcu.externaltools.gnu-tools-for-stm32.7-2018-q2-update.win32_1.0.0.201904181610/tools/bin/../lib/gcc/arm-none-eabi/7.3.1/../../../../arm-none-eabi/lib/thumb/v7-m\libc_nano.a(lib_a-sprintf.o)
                0x000000000800c044                siprintf
                0x000000000800c044                sprintf
 .text.__ssputs_r
                0x000000000800c084       0xb4 c:/st/stm32cubeide_1.3.0/stm32cubeide/plugins/com.st.stm32cube.ide.mcu.externaltools.gnu-tools-for-stm32.7-2018-q2-update.win32_1.0.0.201904181610/tools/bin/../lib/gcc/arm-none-eabi/7.3.1/../../../../arm-none-eabi/lib/thumb/v7-m\libc_nano.a(lib_a-nano-svfprintf.o)
                0x000000000800c084                __ssputs_r
 .text._svfprintf_r
                0x000000000800c138      0x1f0 c:/st/stm32cubeide_1.3.0/stm32cubeide/plugins/com.st.stm32cube.ide.mcu.externaltools.gnu-tools-for-stm32.7-2018-q2-update.win32_1.0.0.201904181610/tools/bin/../lib/gcc/arm-none-eabi/7.3.1/../../../../arm-none-eabi/lib/thumb/v7-m\libc_nano.a(lib_a-nano-svfprintf.o)
                0x000000000800c138                _svfiprintf_r
                0x000000000800c138                _svfprintf_r
 .text._printf_common
                0x000000000800c328       0xec c:/st/stm32cubeide_1.3.0/stm32cubeide/plugins/com.st.stm32cube.ide.mcu.externaltools.gnu-tools-for-stm32.7-2018-q2-update.win32_1.0.0.201904181610/tools/bin/../lib/gcc/arm-none-eabi/7.3.1/../../../../arm-none-eabi/lib/thumb/v7-m\libc_nano.a(lib_a-nano-vfprintf_i.o)
                0x000000000800c328                _printf_common
 .text._printf_i
                0x000000000800c414      0x224 c:/st/stm32cubeide_1.3.0/stm32cubeide/plugins/com.st.stm32cube.ide.mcu.externaltools.gnu-tools-for-stm32.7-2018-q2-update.win32_1.0.0.201904181610/tools/bin/../lib/gcc/arm-none-eabi/7.3.1/../../../../arm-none-eabi/lib/thumb/v7-m\libc_nano.a(lib_a-nano-vfprintf_i.o)
                0x000000000800c414                _printf_i
 .text.memchr   0x000000000800c638       0x1c c:/st/stm32cubeide_1.3.0/stm32cubeide/plugins/com.st.stm32cube.ide.mcu.externaltools.gnu-tools-for-stm32.7-2018-q2-update.win32_1.0.0.201904181610/tools/bin/../lib/gcc/arm-none-eabi/7.3.1/../../../../arm-none-eabi/lib/thumb/v7-m\libc_nano.a(lib_a-memchr-stub.o)
                0x000000000800c638                memchr
 .text.memmove  0x000000000800c654       0x32 c:/st/stm32cubeide_1.3.0/stm32cubeide/plugins/com.st.stm32cube.ide.mcu.externaltools.gnu-tools-for-stm32.7-2018-q2-update.win32_1.0.0.201904181610/tools/bin/../lib/gcc/arm-none-eabi/7.3.1/../../../../arm-none-eabi/lib/thumb/v7-m\libc_nano.a(lib_a-memmove.o)
                0x000000000800c654                memmove
 *fill*         0x000000000800c686        0x2 
 .text._free_r  0x000000000800c688       0x98 c:/st/stm32cubeide_1.3.0/stm32cubeide/plugins/com.st.stm32cube.ide.mcu.externaltools.gnu-tools-for-stm32.7-2018-q2-update.win32_1.0.0.201904181610/tools/bin/../lib/gcc/arm-none-eabi/7.3.1/../../../../arm-none-eabi/lib/thumb/v7-m\libc_nano.a(lib_a-nano-freer.o)
                0x000000000800c688                _free_r
 .text._malloc_r
                0x000000000800c720       0xb4 c:/st/stm32cubeide_1.3.0/stm32cubeide/plugins/com.st.stm32cube.ide.mcu.externaltools.gnu-tools-for-stm32.7-2018-q2-update.win32_1.0.0.201904181610/tools/bin/../lib/gcc/arm-none-eabi/7.3.1/../../../../arm-none-eabi/lib/thumb/v7-m\libc_nano.a(lib_a-nano-mallocr.o)
                0x000000000800c720                _malloc_r
 .text._realloc_r
                0x000000000800c7d4       0x4c c:/st/stm32cubeide_1.3.0/stm32cubeide/plugins/com.st.stm32cube.ide.mcu.externaltools.gnu-tools-for-stm32.7-2018-q2-update.win32_1.0.0.201904181610/tools/bin/../lib/gcc/arm-none-eabi/7.3.1/../../../../arm-none-eabi/lib/thumb/v7-m\libc_nano.a(lib_a-nano-reallocr.o)
                0x000000000800c7d4                _realloc_r
 .text._sbrk_r  0x000000000800c820       0x20 c:/st/stm32cubeide_1.3.0/stm32cubeide/plugins/com.st.stm32cube.ide.mcu.externaltools.gnu-tools-for-stm32.7-2018-q2-update.win32_1.0.0.201904181610/tools/bin/../lib/gcc/arm-none-eabi/7.3.1/../../../../arm-none-eabi/lib/thumb/v7-m\libc_nano.a(lib_a-sbrkr.o)
                0x000000000800c820                _sbrk_r
 .text.__malloc_lock
                0x000000000800c840        0x2 c:/st/stm32cubeide_1.3.0/stm32cubeide/plugins/com.st.stm32cube.ide.mcu.externaltools.gnu-tools-for-stm32.7-2018-q2-update.win32_1.0.0.201904181610/tools/bin/../lib/gcc/arm-none-eabi/7.3.1/../../../../arm-none-eabi/lib/thumb/v7-m\libc_nano.a(lib_a-mlock.o)
                0x000000000800c840                __malloc_lock
 .text.__malloc_unlock
                0x000000000800c842        0x2 c:/st/stm32cubeide_1.3.0/stm32cubeide/plugins/com.st.stm32cube.ide.mcu.externaltools.gnu-tools-for-stm32.7-2018-q2-update.win32_1.0.0.201904181610/tools/bin/../lib/gcc/arm-none-eabi/7.3.1/../../../../arm-none-eabi/lib/thumb/v7-m\libc_nano.a(lib_a-mlock.o)
                0x000000000800c842                __malloc_unlock
 .text._malloc_usable_size_r
                0x000000000800c844       0x10 c:/st/stm32cubeide_1.3.0/stm32cubeide/plugins/com.st.stm32cube.ide.mcu.externaltools.gnu-tools-for-stm32.7-2018-q2-update.win32_1.0.0.201904181610/tools/bin/../lib/gcc/arm-none-eabi/7.3.1/../../../../arm-none-eabi/lib/thumb/v7-m\libc_nano.a(lib_a-nano-msizer.o)
                0x000000000800c844                _malloc_usable_size_r
 *(.glue_7)
 .glue_7        0x000000000800c854        0x0 linker stubs
 *(.glue_7t)
 .glue_7t       0x000000000800c854        0x0 linker stubs
 *(.eh_frame)
 .eh_frame      0x000000000800c854        0x0 c:/st/stm32cubeide_1.3.0/stm32cubeide/plugins/com.st.stm32cube.ide.mcu.externaltools.gnu-tools-for-stm32.7-2018-q2-update.win32_1.0.0.201904181610/tools/bin/../lib/gcc/arm-none-eabi/7.3.1/thumb/v7-m/crtbegin.o
 *(.init)
 .init          0x000000000800c854        0x4 c:/st/stm32cubeide_1.3.0/stm32cubeide/plugins/com.st.stm32cube.ide.mcu.externaltools.gnu-tools-for-stm32.7-2018-q2-update.win32_1.0.0.201904181610/tools/bin/../lib/gcc/arm-none-eabi/7.3.1/thumb/v7-m/crti.o
                0x000000000800c854                _init
 .init          0x000000000800c858        0x8 c:/st/stm32cubeide_1.3.0/stm32cubeide/plugins/com.st.stm32cube.ide.mcu.externaltools.gnu-tools-for-stm32.7-2018-q2-update.win32_1.0.0.201904181610/tools/bin/../lib/gcc/arm-none-eabi/7.3.1/thumb/v7-m/crtn.o
 *(.fini)
 .fini          0x000000000800c860        0x4 c:/st/stm32cubeide_1.3.0/stm32cubeide/plugins/com.st.stm32cube.ide.mcu.externaltools.gnu-tools-for-stm32.7-2018-q2-update.win32_1.0.0.201904181610/tools/bin/../lib/gcc/arm-none-eabi/7.3.1/thumb/v7-m/crti.o
                0x000000000800c860                _fini
 .fini          0x000000000800c864        0x8 c:/st/stm32cubeide_1.3.0/stm32cubeide/plugins/com.st.stm32cube.ide.mcu.externaltools.gnu-tools-for-stm32.7-2018-q2-update.win32_1.0.0.201904181610/tools/bin/../lib/gcc/arm-none-eabi/7.3.1/thumb/v7-m/crtn.o
                0x000000000800c86c                . = ALIGN (0x4)
                0x000000000800c86c                _etext = .

.vfp11_veneer   0x000000000800c86c        0x0
 .vfp11_veneer  0x000000000800c86c        0x0 linker stubs

.v4_bx          0x000000000800c86c        0x0
 .v4_bx         0x000000000800c86c        0x0 linker stubs

.iplt           0x000000000800c86c        0x0
 .iplt          0x000000000800c86c        0x0 c:/st/stm32cubeide_1.3.0/stm32cubeide/plugins/com.st.stm32cube.ide.mcu.externaltools.gnu-tools-for-stm32.7-2018-q2-update.win32_1.0.0.201904181610/tools/bin/../lib/gcc/arm-none-eabi/7.3.1/thumb/v7-m/crtbegin.o

.rodata         0x000000000800c86c     0x141c
                0x000000000800c86c                . = ALIGN (0x4)
 *(.rodata)
 .rodata        0x000000000800c86c      0x541 Core/Src/MY_NRF24.o
 *fill*         0x000000000800cdad        0x3 
 .rodata        0x000000000800cdb0       0x11 Core/Src/main.o
 *fill*         0x000000000800cdc1        0x3 
 .rodata        0x000000000800cdc4       0x12 Drivers/STM32F1xx_HAL_Driver/Src/stm32f1xx_hal_rcc.o
 *fill*         0x000000000800cdd6        0x2 
 .rodata        0x000000000800cdd8       0xf6 USB_DEVICE/App/usbd_desc.o
 *(.rodata*)
 *fill*         0x000000000800cece        0x2 
 .rodata.NRF24_ADDR_REGS
                0x000000000800ced0        0x7 Core/Src/MY_NRF24.o
 *fill*         0x000000000800ced7        0x1 
 .rodata.RF24_RX_PW_PIPE
                0x000000000800ced8        0x6 Core/Src/MY_NRF24.o
 *fill*         0x000000000800cede        0x2 
 .rodata.Font11x18
                0x000000000800cee0      0xd5c Core/Src/fonts.o
                0x000000000800cee0                Font11x18
 .rodata.AHBPrescTable
                0x000000000800dc3c       0x10 Core/Src/system_stm32f1xx.o
                0x000000000800dc3c                AHBPrescTable
 .rodata.APBPrescTable
                0x000000000800dc4c        0x8 Core/Src/system_stm32f1xx.o
                0x000000000800dc4c                APBPrescTable
 .rodata._svfprintf_r.str1.1
                0x000000000800dc54       0x11 c:/st/stm32cubeide_1.3.0/stm32cubeide/plugins/com.st.stm32cube.ide.mcu.externaltools.gnu-tools-for-stm32.7-2018-q2-update.win32_1.0.0.201904181610/tools/bin/../lib/gcc/arm-none-eabi/7.3.1/../../../../arm-none-eabi/lib/thumb/v7-m\libc_nano.a(lib_a-nano-svfprintf.o)
 .rodata._printf_i.str1.1
                0x000000000800dc65       0x22 c:/st/stm32cubeide_1.3.0/stm32cubeide/plugins/com.st.stm32cube.ide.mcu.externaltools.gnu-tools-for-stm32.7-2018-q2-update.win32_1.0.0.201904181610/tools/bin/../lib/gcc/arm-none-eabi/7.3.1/../../../../arm-none-eabi/lib/thumb/v7-m\libc_nano.a(lib_a-nano-vfprintf_i.o)
                0x000000000800dc88                . = ALIGN (0x4)
 *fill*         0x000000000800dc87        0x1 

.rel.dyn        0x000000000800dc88        0x0
 .rel.iplt      0x000000000800dc88        0x0 c:/st/stm32cubeide_1.3.0/stm32cubeide/plugins/com.st.stm32cube.ide.mcu.externaltools.gnu-tools-for-stm32.7-2018-q2-update.win32_1.0.0.201904181610/tools/bin/../lib/gcc/arm-none-eabi/7.3.1/thumb/v7-m/crtbegin.o

.ARM.extab      0x000000000800dc88        0x0
                0x000000000800dc88                . = ALIGN (0x4)
 *(.ARM.extab* .gnu.linkonce.armextab.*)
                0x000000000800dc88                . = ALIGN (0x4)

.ARM            0x000000000800dc88        0x0
                0x000000000800dc88                . = ALIGN (0x4)
                0x000000000800dc88                __exidx_start = .
 *(.ARM.exidx*)
                0x000000000800dc88                __exidx_end = .
                0x000000000800dc88                . = ALIGN (0x4)

.preinit_array  0x000000000800dc88        0x0
                0x000000000800dc88                . = ALIGN (0x4)
                0x000000000800dc88                PROVIDE (__preinit_array_start = .)
 *(.preinit_array*)
                0x000000000800dc88                PROVIDE (__preinit_array_end = .)
                0x000000000800dc88                . = ALIGN (0x4)

.init_array     0x000000000800dc88        0x4
                0x000000000800dc88                . = ALIGN (0x4)
                0x000000000800dc88                PROVIDE (__init_array_start = .)
 *(SORT_BY_NAME(.init_array.*))
 *(.init_array*)
 .init_array    0x000000000800dc88        0x4 c:/st/stm32cubeide_1.3.0/stm32cubeide/plugins/com.st.stm32cube.ide.mcu.externaltools.gnu-tools-for-stm32.7-2018-q2-update.win32_1.0.0.201904181610/tools/bin/../lib/gcc/arm-none-eabi/7.3.1/thumb/v7-m/crtbegin.o
                0x000000000800dc8c                PROVIDE (__init_array_end = .)
                0x000000000800dc8c                . = ALIGN (0x4)

.fini_array     0x000000000800dc8c        0x4
                0x000000000800dc8c                . = ALIGN (0x4)
                [!provide]                        PROVIDE (__fini_array_start = .)
 *(SORT_BY_NAME(.fini_array.*))
 *(.fini_array*)
 .fini_array    0x000000000800dc8c        0x4 c:/st/stm32cubeide_1.3.0/stm32cubeide/plugins/com.st.stm32cube.ide.mcu.externaltools.gnu-tools-for-stm32.7-2018-q2-update.win32_1.0.0.201904181610/tools/bin/../lib/gcc/arm-none-eabi/7.3.1/thumb/v7-m/crtbegin.o
                [!provide]                        PROVIDE (__fini_array_end = .)
                0x000000000800dc90                . = ALIGN (0x4)
                0x000000000800dc90                _sidata = LOADADDR (.data)

.data           0x0000000020000000      0x218 load address 0x000000000800dc90
                0x0000000020000000                . = ALIGN (0x4)
                0x0000000020000000                _sdata = .
 *(.data)
 *(.data*)
 .data.Font_11x18
                0x0000000020000000        0x8 Core/Src/fonts.o
                0x0000000020000000                Font_11x18
 .data.PipeAddres
                0x0000000020000008        0x8 Core/Src/main.o
                0x0000000020000008                PipeAddres
 .data.dataToSend
                0x0000000020000010       0x14 Core/Src/main.o
                0x0000000020000010                dataToSend
 .data.SystemCoreClock
                0x0000000020000024        0x4 Core/Src/system_stm32f1xx.o
                0x0000000020000024                SystemCoreClock
 .data.uwTickPrio
                0x0000000020000028        0x4 Drivers/STM32F1xx_HAL_Driver/Src/stm32f1xx_hal.o
                0x0000000020000028                uwTickPrio
 .data.uwTickFreq
                0x000000002000002c        0x1 Drivers/STM32F1xx_HAL_Driver/Src/stm32f1xx_hal.o
                0x000000002000002c                uwTickFreq
 *fill*         0x000000002000002d        0x3 
 .data.USBD_CDC_DeviceQualifierDesc
                0x0000000020000030        0xa Middlewares/ST/STM32_USB_Device_Library/Class/CDC/Src/usbd_cdc.o
 *fill*         0x000000002000003a        0x2 
 .data.USBD_CDC
                0x000000002000003c       0x38 Middlewares/ST/STM32_USB_Device_Library/Class/CDC/Src/usbd_cdc.o
                0x000000002000003c                USBD_CDC
 .data.USBD_CDC_CfgHSDesc
                0x0000000020000074       0x43 Middlewares/ST/STM32_USB_Device_Library/Class/CDC/Src/usbd_cdc.o
                0x0000000020000074                USBD_CDC_CfgHSDesc
 *fill*         0x00000000200000b7        0x1 
 .data.USBD_CDC_CfgFSDesc
                0x00000000200000b8       0x43 Middlewares/ST/STM32_USB_Device_Library/Class/CDC/Src/usbd_cdc.o
                0x00000000200000b8                USBD_CDC_CfgFSDesc
 *fill*         0x00000000200000fb        0x1 
 .data.USBD_CDC_OtherSpeedCfgDesc
                0x00000000200000fc       0x43 Middlewares/ST/STM32_USB_Device_Library/Class/CDC/Src/usbd_cdc.o
                0x00000000200000fc                USBD_CDC_OtherSpeedCfgDesc
 *fill*         0x000000002000013f        0x1 
 .data.USBD_Interface_fops_FS
                0x0000000020000140       0x10 USB_DEVICE/App/usbd_cdc_if.o
                0x0000000020000140                USBD_Interface_fops_FS
 .data.FS_Desc  0x0000000020000150       0x1c USB_DEVICE/App/usbd_desc.o
                0x0000000020000150                FS_Desc
 .data.MY_USBD_FS_DeviceDesc
                0x000000002000016c       0x12 USB_DEVICE/App/usbd_desc.o
                0x000000002000016c                MY_USBD_FS_DeviceDesc
 *fill*         0x000000002000017e        0x2 
 .data.USBD_FS_DeviceDesc
                0x0000000020000180       0x12 USB_DEVICE/App/usbd_desc.o
                0x0000000020000180                USBD_FS_DeviceDesc
 *fill*         0x0000000020000192        0x2 
 .data.USBD_LangIDDesc
                0x0000000020000194        0x4 USB_DEVICE/App/usbd_desc.o
                0x0000000020000194                USBD_LangIDDesc
 .data.USBD_StringSerial
                0x0000000020000198       0x1a USB_DEVICE/App/usbd_desc.o
                0x0000000020000198                USBD_StringSerial
 *fill*         0x00000000200001b2        0x2 
 .data._impure_ptr
                0x00000000200001b4        0x4 c:/st/stm32cubeide_1.3.0/stm32cubeide/plugins/com.st.stm32cube.ide.mcu.externaltools.gnu-tools-for-stm32.7-2018-q2-update.win32_1.0.0.201904181610/tools/bin/../lib/gcc/arm-none-eabi/7.3.1/../../../../arm-none-eabi/lib/thumb/v7-m\libc_nano.a(lib_a-impure.o)
                0x00000000200001b4                _impure_ptr
 .data.impure_data
                0x00000000200001b8       0x60 c:/st/stm32cubeide_1.3.0/stm32cubeide/plugins/com.st.stm32cube.ide.mcu.externaltools.gnu-tools-for-stm32.7-2018-q2-update.win32_1.0.0.201904181610/tools/bin/../lib/gcc/arm-none-eabi/7.3.1/../../../../arm-none-eabi/lib/thumb/v7-m\libc_nano.a(lib_a-impure.o)
                0x0000000020000218                . = ALIGN (0x4)
                0x0000000020000218                _edata = .

.igot.plt       0x0000000020000218        0x0 load address 0x000000000800dea8
 .igot.plt      0x0000000020000218        0x0 c:/st/stm32cubeide_1.3.0/stm32cubeide/plugins/com.st.stm32cube.ide.mcu.externaltools.gnu-tools-for-stm32.7-2018-q2-update.win32_1.0.0.201904181610/tools/bin/../lib/gcc/arm-none-eabi/7.3.1/thumb/v7-m/crtbegin.o
                0x0000000020000218                . = ALIGN (0x4)

.bss            0x0000000020000218     0x18dc load address 0x000000000800dea8
                0x0000000020000218                _sbss = .
                0x0000000020000218                __bss_start__ = _sbss
 *(.bss)
 .bss           0x0000000020000218       0x1c c:/st/stm32cubeide_1.3.0/stm32cubeide/plugins/com.st.stm32cube.ide.mcu.externaltools.gnu-tools-for-stm32.7-2018-q2-update.win32_1.0.0.201904181610/tools/bin/../lib/gcc/arm-none-eabi/7.3.1/thumb/v7-m/crtbegin.o
 *(.bss*)
 *fill*         0x0000000020000234        0x4 
 .bss.pipe0_reading_address
                0x0000000020000238        0x8 Core/Src/MY_NRF24.o
 .bss.payload_size
                0x0000000020000240        0x1 Core/Src/MY_NRF24.o
 .bss.dynamic_payloads_enabled
                0x0000000020000241        0x1 Core/Src/MY_NRF24.o
 .bss.wide_band
                0x0000000020000242        0x1 Core/Src/MY_NRF24.o
 *fill*         0x0000000020000243        0x1 
 .bss.nrf24_PORT
                0x0000000020000244        0x4 Core/Src/MY_NRF24.o
 .bss.nrf24_CSN_PIN
                0x0000000020000248        0x2 Core/Src/MY_NRF24.o
 .bss.nrf24_CE_PIN
                0x000000002000024a        0x2 Core/Src/MY_NRF24.o
 .bss.nrf24_hspi
                0x000000002000024c       0x58 Core/Src/MY_NRF24.o
 .bss.nrf24_huart
                0x00000000200002a4       0x40 Core/Src/MY_NRF24.o
 .bss.i2cHandler
                0x00000000200002e4       0x54 Core/Src/TJ_MPU6050.o
 .bss.accelScalingFactor
                0x0000000020000338        0x4 Core/Src/TJ_MPU6050.o
 .bss.gyroScalingFactor
                0x000000002000033c        0x4 Core/Src/TJ_MPU6050.o
 .bss.GyroRW    0x0000000020000340        0x6 Core/Src/TJ_MPU6050.o
 *fill*         0x0000000020000346        0x2 
 .bss.Flag      0x0000000020000348        0x8 Core/Src/main.o
                0x0000000020000348                Flag
 .bss.IsHID     0x0000000020000350        0x4 Core/Src/main.o
                0x0000000020000350                IsHID
 .bss.SSD1306_Buffer
                0x0000000020000354      0x400 Core/Src/ssd1306.o
 .bss.SSD1306   0x0000000020000754        0x6 Core/Src/ssd1306.o
 *fill*         0x000000002000075a        0x2 
 .bss.heap_end.5149
                0x000000002000075c        0x4 Core/Src/sysmem.o
 .bss.cfgidx.8760
                0x0000000020000760        0x1 Middlewares/ST/STM32_USB_Device_Library/Core/Src/usbd_ctlreq.o
 *fill*         0x0000000020000761        0x3 
 .bss.mem.8825  0x0000000020000764      0x220 USB_DEVICE/Target/usbd_conf.o
 .bss.__malloc_free_list
                0x0000000020000984        0x4 c:/st/stm32cubeide_1.3.0/stm32cubeide/plugins/com.st.stm32cube.ide.mcu.externaltools.gnu-tools-for-stm32.7-2018-q2-update.win32_1.0.0.201904181610/tools/bin/../lib/gcc/arm-none-eabi/7.3.1/../../../../arm-none-eabi/lib/thumb/v7-m\libc_nano.a(lib_a-nano-mallocr.o)
                0x0000000020000984                __malloc_free_list
 .bss.__malloc_sbrk_start
                0x0000000020000988        0x4 c:/st/stm32cubeide_1.3.0/stm32cubeide/plugins/com.st.stm32cube.ide.mcu.externaltools.gnu-tools-for-stm32.7-2018-q2-update.win32_1.0.0.201904181610/tools/bin/../lib/gcc/arm-none-eabi/7.3.1/../../../../arm-none-eabi/lib/thumb/v7-m\libc_nano.a(lib_a-nano-mallocr.o)
                0x0000000020000988                __malloc_sbrk_start
 *(COMMON)
 COMMON         0x000000002000098c      0x259 Core/Src/main.o
                0x000000002000098c                Msg
                0x000000002000099c                hi2c1
                0x00000000200009f0                hi2c2
                0x0000000020000a44                AccelData
                0x0000000020000a4c                htim3
                0x0000000020000a8c                RF_TxData
                0x0000000020000aac                hadc1
                0x0000000020000adc                RF_RxData
                0x0000000020000afc                huart1
                0x0000000020000b3c                ADSwrite
                0x0000000020000b44                GyroData
                0x0000000020000b4c                hspi1
                0x0000000020000ba4                huart2
                0x0000000020000be4                BadFunc
 *fill*         0x0000000020000be5        0x3 
 COMMON         0x0000000020000be8        0x4 Core/Src/my_usbd_customhid.o
                0x0000000020000be8                DecTrigger
 COMMON         0x0000000020000bec        0x4 Drivers/STM32F1xx_HAL_Driver/Src/stm32f1xx_hal.o
                0x0000000020000bec                uwTick
 COMMON         0x0000000020000bf0      0x2c4 USB_DEVICE/App/usb_device.o
                0x0000000020000bf0                hUsbDeviceFS
 COMMON         0x0000000020000eb4      0x7d0 USB_DEVICE/App/usbd_cdc_if.o
                0x0000000020000eb4                UserRxBufferFS
                0x000000002000129c                UserTxBufferFS
 COMMON         0x0000000020001684      0x200 USB_DEVICE/App/usbd_desc.o
                0x0000000020001684                USBD_StrDesc
 COMMON         0x0000000020001884      0x26c USB_DEVICE/Target/usbd_conf.o
                0x0000000020001884                hpcd_USB_FS
 COMMON         0x0000000020001af0        0x4 c:/st/stm32cubeide_1.3.0/stm32cubeide/plugins/com.st.stm32cube.ide.mcu.externaltools.gnu-tools-for-stm32.7-2018-q2-update.win32_1.0.0.201904181610/tools/bin/../lib/gcc/arm-none-eabi/7.3.1/../../../../arm-none-eabi/lib/thumb/v7-m\libc_nano.a(lib_a-reent.o)
                0x0000000020001af0                errno
                0x0000000020001af4                . = ALIGN (0x4)
                0x0000000020001af4                _ebss = .
                0x0000000020001af4                __bss_end__ = _ebss

._user_heap_stack
                0x0000000020001af4      0x604 load address 0x000000000800dea8
                0x0000000020001af8                . = ALIGN (0x8)
 *fill*         0x0000000020001af4        0x4 
                0x0000000020001af8                PROVIDE (end = .)
                [!provide]                        PROVIDE (_end = .)
                0x0000000020001cf8                . = (. + _Min_Heap_Size)
 *fill*         0x0000000020001af8      0x200 
                0x00000000200020f8                . = (. + _Min_Stack_Size)
 *fill*         0x0000000020001cf8      0x400 
                0x00000000200020f8                . = ALIGN (0x8)

/DISCARD/
 libc.a(*)
 libm.a(*)
 libgcc.a(*)

.ARM.attributes
                0x0000000000000000       0x29
 *(.ARM.attributes)
 .ARM.attributes
                0x0000000000000000       0x1d c:/st/stm32cubeide_1.3.0/stm32cubeide/plugins/com.st.stm32cube.ide.mcu.externaltools.gnu-tools-for-stm32.7-2018-q2-update.win32_1.0.0.201904181610/tools/bin/../lib/gcc/arm-none-eabi/7.3.1/thumb/v7-m/crti.o
 .ARM.attributes
                0x000000000000001d       0x2d c:/st/stm32cubeide_1.3.0/stm32cubeide/plugins/com.st.stm32cube.ide.mcu.externaltools.gnu-tools-for-stm32.7-2018-q2-update.win32_1.0.0.201904181610/tools/bin/../lib/gcc/arm-none-eabi/7.3.1/thumb/v7-m/crtbegin.o
 .ARM.attributes
                0x000000000000004a       0x33 Core/Src/MY_NRF24.o
 .ARM.attributes
                0x000000000000007d       0x33 Core/Src/TJ_MPU6050.o
 .ARM.attributes
                0x00000000000000b0       0x33 Core/Src/fonts.o
 .ARM.attributes
                0x00000000000000e3       0x33 Core/Src/i2c-lcd.o
 .ARM.attributes
                0x0000000000000116       0x33 Core/Src/main.o
 .ARM.attributes
                0x0000000000000149       0x33 Core/Src/my_usbd_customhid.o
 .ARM.attributes
                0x000000000000017c       0x33 Core/Src/ssd1306.o
 .ARM.attributes
                0x00000000000001af       0x33 Core/Src/stm32f1xx_hal_msp.o
 .ARM.attributes
                0x00000000000001e2       0x33 Core/Src/stm32f1xx_it.o
 .ARM.attributes
                0x0000000000000215       0x33 Core/Src/sysmem.o
 .ARM.attributes
                0x0000000000000248       0x33 Core/Src/system_stm32f1xx.o
 .ARM.attributes
                0x000000000000027b       0x21 Core/Startup/startup_stm32f103cbtx.o
 .ARM.attributes
                0x000000000000029c       0x33 Drivers/STM32F1xx_HAL_Driver/Src/stm32f1xx_hal.o
 .ARM.attributes
                0x00000000000002cf       0x33 Drivers/STM32F1xx_HAL_Driver/Src/stm32f1xx_hal_adc.o
 .ARM.attributes
                0x0000000000000302       0x33 Drivers/STM32F1xx_HAL_Driver/Src/stm32f1xx_hal_cortex.o
 .ARM.attributes
                0x0000000000000335       0x33 Drivers/STM32F1xx_HAL_Driver/Src/stm32f1xx_hal_gpio.o
 .ARM.attributes
                0x0000000000000368       0x33 Drivers/STM32F1xx_HAL_Driver/Src/stm32f1xx_hal_i2c.o
 .ARM.attributes
                0x000000000000039b       0x33 Drivers/STM32F1xx_HAL_Driver/Src/stm32f1xx_hal_pcd.o
 .ARM.attributes
                0x00000000000003ce       0x33 Drivers/STM32F1xx_HAL_Driver/Src/stm32f1xx_hal_pcd_ex.o
 .ARM.attributes
                0x0000000000000401       0x33 Drivers/STM32F1xx_HAL_Driver/Src/stm32f1xx_hal_rcc.o
 .ARM.attributes
                0x0000000000000434       0x33 Drivers/STM32F1xx_HAL_Driver/Src/stm32f1xx_hal_rcc_ex.o
 .ARM.attributes
                0x0000000000000467       0x33 Drivers/STM32F1xx_HAL_Driver/Src/stm32f1xx_hal_spi.o
 .ARM.attributes
                0x000000000000049a       0x33 Drivers/STM32F1xx_HAL_Driver/Src/stm32f1xx_hal_tim.o
 .ARM.attributes
                0x00000000000004cd       0x33 Drivers/STM32F1xx_HAL_Driver/Src/stm32f1xx_hal_tim_ex.o
 .ARM.attributes
                0x0000000000000500       0x33 Drivers/STM32F1xx_HAL_Driver/Src/stm32f1xx_hal_uart.o
 .ARM.attributes
                0x0000000000000533       0x33 Drivers/STM32F1xx_HAL_Driver/Src/stm32f1xx_ll_usb.o
 .ARM.attributes
                0x0000000000000566       0x33 Middlewares/ST/STM32_USB_Device_Library/Class/CDC/Src/usbd_cdc.o
 .ARM.attributes
                0x0000000000000599       0x33 Middlewares/ST/STM32_USB_Device_Library/Core/Src/usbd_core.o
 .ARM.attributes
                0x00000000000005cc       0x33 Middlewares/ST/STM32_USB_Device_Library/Core/Src/usbd_ctlreq.o
 .ARM.attributes
                0x00000000000005ff       0x33 Middlewares/ST/STM32_USB_Device_Library/Core/Src/usbd_ioreq.o
 .ARM.attributes
                0x0000000000000632       0x33 USB_DEVICE/App/usb_device.o
 .ARM.attributes
                0x0000000000000665       0x33 USB_DEVICE/App/usbd_cdc_if.o
 .ARM.attributes
                0x0000000000000698       0x33 USB_DEVICE/App/usbd_desc.o
 .ARM.attributes
                0x00000000000006cb       0x33 USB_DEVICE/Target/usbd_conf.o
 .ARM.attributes
                0x00000000000006fe       0x2d c:/st/stm32cubeide_1.3.0/stm32cubeide/plugins/com.st.stm32cube.ide.mcu.externaltools.gnu-tools-for-stm32.7-2018-q2-update.win32_1.0.0.201904181610/tools/bin/../lib/gcc/arm-none-eabi/7.3.1/../../../../arm-none-eabi/lib/thumb/v7-m\libc_nano.a(lib_a-errno.o)
 .ARM.attributes
                0x000000000000072b       0x2d c:/st/stm32cubeide_1.3.0/stm32cubeide/plugins/com.st.stm32cube.ide.mcu.externaltools.gnu-tools-for-stm32.7-2018-q2-update.win32_1.0.0.201904181610/tools/bin/../lib/gcc/arm-none-eabi/7.3.1/../../../../arm-none-eabi/lib/thumb/v7-m\libc_nano.a(lib_a-impure.o)
 .ARM.attributes
                0x0000000000000758       0x2d c:/st/stm32cubeide_1.3.0/stm32cubeide/plugins/com.st.stm32cube.ide.mcu.externaltools.gnu-tools-for-stm32.7-2018-q2-update.win32_1.0.0.201904181610/tools/bin/../lib/gcc/arm-none-eabi/7.3.1/../../../../arm-none-eabi/lib/thumb/v7-m\libc_nano.a(lib_a-init.o)
 .ARM.attributes
                0x0000000000000785       0x2d c:/st/stm32cubeide_1.3.0/stm32cubeide/plugins/com.st.stm32cube.ide.mcu.externaltools.gnu-tools-for-stm32.7-2018-q2-update.win32_1.0.0.201904181610/tools/bin/../lib/gcc/arm-none-eabi/7.3.1/../../../../arm-none-eabi/lib/thumb/v7-m\libc_nano.a(lib_a-memcpy-stub.o)
 .ARM.attributes
                0x00000000000007b2       0x2d c:/st/stm32cubeide_1.3.0/stm32cubeide/plugins/com.st.stm32cube.ide.mcu.externaltools.gnu-tools-for-stm32.7-2018-q2-update.win32_1.0.0.201904181610/tools/bin/../lib/gcc/arm-none-eabi/7.3.1/../../../../arm-none-eabi/lib/thumb/v7-m\libc_nano.a(lib_a-memset.o)
 .ARM.attributes
                0x00000000000007df       0x2d c:/st/stm32cubeide_1.3.0/stm32cubeide/plugins/com.st.stm32cube.ide.mcu.externaltools.gnu-tools-for-stm32.7-2018-q2-update.win32_1.0.0.201904181610/tools/bin/../lib/gcc/arm-none-eabi/7.3.1/../../../../arm-none-eabi/lib/thumb/v7-m\libc_nano.a(lib_a-sprintf.o)
 .ARM.attributes
                0x000000000000080c       0x17 c:/st/stm32cubeide_1.3.0/stm32cubeide/plugins/com.st.stm32cube.ide.mcu.externaltools.gnu-tools-for-stm32.7-2018-q2-update.win32_1.0.0.201904181610/tools/bin/../lib/gcc/arm-none-eabi/7.3.1/../../../../arm-none-eabi/lib/thumb/v7-m\libc_nano.a(lib_a-strlen.o)
 .ARM.attributes
                0x0000000000000823       0x2d c:/st/stm32cubeide_1.3.0/stm32cubeide/plugins/com.st.stm32cube.ide.mcu.externaltools.gnu-tools-for-stm32.7-2018-q2-update.win32_1.0.0.201904181610/tools/bin/../lib/gcc/arm-none-eabi/7.3.1/../../../../arm-none-eabi/lib/thumb/v7-m\libc_nano.a(lib_a-nano-svfprintf.o)
 .ARM.attributes
                0x0000000000000850       0x2d c:/st/stm32cubeide_1.3.0/stm32cubeide/plugins/com.st.stm32cube.ide.mcu.externaltools.gnu-tools-for-stm32.7-2018-q2-update.win32_1.0.0.201904181610/tools/bin/../lib/gcc/arm-none-eabi/7.3.1/../../../../arm-none-eabi/lib/thumb/v7-m\libc_nano.a(lib_a-nano-vfprintf_i.o)
 .ARM.attributes
                0x000000000000087d       0x2d c:/st/stm32cubeide_1.3.0/stm32cubeide/plugins/com.st.stm32cube.ide.mcu.externaltools.gnu-tools-for-stm32.7-2018-q2-update.win32_1.0.0.201904181610/tools/bin/../lib/gcc/arm-none-eabi/7.3.1/../../../../arm-none-eabi/lib/thumb/v7-m\libc_nano.a(lib_a-memchr-stub.o)
 .ARM.attributes
                0x00000000000008aa       0x2d c:/st/stm32cubeide_1.3.0/stm32cubeide/plugins/com.st.stm32cube.ide.mcu.externaltools.gnu-tools-for-stm32.7-2018-q2-update.win32_1.0.0.201904181610/tools/bin/../lib/gcc/arm-none-eabi/7.3.1/../../../../arm-none-eabi/lib/thumb/v7-m\libc_nano.a(lib_a-memmove.o)
 .ARM.attributes
                0x00000000000008d7       0x2d c:/st/stm32cubeide_1.3.0/stm32cubeide/plugins/com.st.stm32cube.ide.mcu.externaltools.gnu-tools-for-stm32.7-2018-q2-update.win32_1.0.0.201904181610/tools/bin/../lib/gcc/arm-none-eabi/7.3.1/../../../../arm-none-eabi/lib/thumb/v7-m\libc_nano.a(lib_a-nano-freer.o)
 .ARM.attributes
                0x0000000000000904       0x2d c:/st/stm32cubeide_1.3.0/stm32cubeide/plugins/com.st.stm32cube.ide.mcu.externaltools.gnu-tools-for-stm32.7-2018-q2-update.win32_1.0.0.201904181610/tools/bin/../lib/gcc/arm-none-eabi/7.3.1/../../../../arm-none-eabi/lib/thumb/v7-m\libc_nano.a(lib_a-nano-mallocr.o)
 .ARM.attributes
                0x0000000000000931       0x2d c:/st/stm32cubeide_1.3.0/stm32cubeide/plugins/com.st.stm32cube.ide.mcu.externaltools.gnu-tools-for-stm32.7-2018-q2-update.win32_1.0.0.201904181610/tools/bin/../lib/gcc/arm-none-eabi/7.3.1/../../../../arm-none-eabi/lib/thumb/v7-m\libc_nano.a(lib_a-nano-reallocr.o)
 .ARM.attributes
                0x000000000000095e       0x2d c:/st/stm32cubeide_1.3.0/stm32cubeide/plugins/com.st.stm32cube.ide.mcu.externaltools.gnu-tools-for-stm32.7-2018-q2-update.win32_1.0.0.201904181610/tools/bin/../lib/gcc/arm-none-eabi/7.3.1/../../../../arm-none-eabi/lib/thumb/v7-m\libc_nano.a(lib_a-sbrkr.o)
 .ARM.attributes
                0x000000000000098b       0x2d c:/st/stm32cubeide_1.3.0/stm32cubeide/plugins/com.st.stm32cube.ide.mcu.externaltools.gnu-tools-for-stm32.7-2018-q2-update.win32_1.0.0.201904181610/tools/bin/../lib/gcc/arm-none-eabi/7.3.1/../../../../arm-none-eabi/lib/thumb/v7-m\libc_nano.a(lib_a-mlock.o)
 .ARM.attributes
                0x00000000000009b8       0x2d c:/st/stm32cubeide_1.3.0/stm32cubeide/plugins/com.st.stm32cube.ide.mcu.externaltools.gnu-tools-for-stm32.7-2018-q2-update.win32_1.0.0.201904181610/tools/bin/../lib/gcc/arm-none-eabi/7.3.1/../../../../arm-none-eabi/lib/thumb/v7-m\libc_nano.a(lib_a-nano-msizer.o)
 .ARM.attributes
                0x00000000000009e5       0x2d c:/st/stm32cubeide_1.3.0/stm32cubeide/plugins/com.st.stm32cube.ide.mcu.externaltools.gnu-tools-for-stm32.7-2018-q2-update.win32_1.0.0.201904181610/tools/bin/../lib/gcc/arm-none-eabi/7.3.1/../../../../arm-none-eabi/lib/thumb/v7-m\libc_nano.a(lib_a-reent.o)
 .ARM.attributes
                0x0000000000000a12       0x1d c:/st/stm32cubeide_1.3.0/stm32cubeide/plugins/com.st.stm32cube.ide.mcu.externaltools.gnu-tools-for-stm32.7-2018-q2-update.win32_1.0.0.201904181610/tools/bin/../lib/gcc/arm-none-eabi/7.3.1/thumb/v7-m\libgcc.a(_arm_addsubdf3.o)
 .ARM.attributes
                0x0000000000000a2f       0x1d c:/st/stm32cubeide_1.3.0/stm32cubeide/plugins/com.st.stm32cube.ide.mcu.externaltools.gnu-tools-for-stm32.7-2018-q2-update.win32_1.0.0.201904181610/tools/bin/../lib/gcc/arm-none-eabi/7.3.1/thumb/v7-m\libgcc.a(_arm_muldivdf3.o)
 .ARM.attributes
                0x0000000000000a4c       0x1d c:/st/stm32cubeide_1.3.0/stm32cubeide/plugins/com.st.stm32cube.ide.mcu.externaltools.gnu-tools-for-stm32.7-2018-q2-update.win32_1.0.0.201904181610/tools/bin/../lib/gcc/arm-none-eabi/7.3.1/thumb/v7-m\libgcc.a(_arm_fixdfsi.o)
 .ARM.attributes
                0x0000000000000a69       0x1d c:/st/stm32cubeide_1.3.0/stm32cubeide/plugins/com.st.stm32cube.ide.mcu.externaltools.gnu-tools-for-stm32.7-2018-q2-update.win32_1.0.0.201904181610/tools/bin/../lib/gcc/arm-none-eabi/7.3.1/thumb/v7-m/crtn.o
OUTPUT(stm_nrf.elf elf32-littlearm)

.debug_info     0x0000000000000000    0x22c29
 .debug_info    0x0000000000000000     0x1d69 Core/Src/MY_NRF24.o
 .debug_info    0x0000000000001d69     0x13a3 Core/Src/TJ_MPU6050.o
 .debug_info    0x000000000000310c      0xb0c Core/Src/fonts.o
 .debug_info    0x0000000000003c18      0x705 Core/Src/i2c-lcd.o
 .debug_info    0x000000000000431d     0x27fe Core/Src/main.o