main.c:48:6:Serial_Recived	32	static
main.c:136:5:Serial_Send	16	static
main.c:146:13:wait_for_gpio_state_timeout	32	static,ignoring_inline_asm
main.c:170:13:I2C_ClearBusyFlagErratum	32	static,ignoring_inline_asm
main.c:366:8:MapValue	32	static
main.c:370:8:MapValue2	40	static
main.c:380:5:main	152	static
main.c:688:6:SystemClock_Config	88	static
main.c:734:13:MX_ADC1_Init	24	static
main.c:779:13:MX_I2C1_Init	8	static
main.c:813:13:MX_I2C2_Init	8	static
main.c:847:13:MX_SPI1_Init	8	static
main.c:885:13:MX_TIM3_Init	48	static
main.c:934:13:MX_USART1_UART_Init	8	static
main.c:967:13:MX_USART2_UART_Init	8	static
main.c:1000:13:MX_GPIO_Init	40	static
main.c:1056:6:Error_Handler	4	static
