main.c:76:5:Serial_Send	16	static
main.c:86:13:wait_for_gpio_state_timeout	32	static,ignoring_inline_asm
main.c:110:13:I2C_ClearBusyFlagErratum	32	static,ignoring_inline_asm
main.c:306:8:MapValue	40	static
main.c:313:6:AdsRead	32	static
main.c:345:6:AdcRead	16	static
main.c:359:6:updateButtons	64	static
main.c:413:6:UlToStr	24	static
main.c:425:6:Serial_Recived	32	static
main.c:520:6:Update	56	static
main.c:574:6:Begin	16	static
main.c:581:5:SelectProgram	40	static
main.c:638:6:InitDevice_NRF	104	static
main.c:649:6:InitDevice_MPU	16	static
main.c:660:6:Init_Test	4	static
main.c:664:6:Loop_Test	8	static
main.c:671:6:Init_Gamepad	8	static
main.c:676:6:Loop_Gamepad	8	static
main.c:684:6:Init_SMicromouse	8	static
main.c:690:6:Loop_SMicromouse	80	static
main.c:905:5:main	8	static
main.c:1013:6:SystemClock_Config	88	static
main.c:1059:13:MX_ADC1_Init	24	static
main.c:1117:13:MX_I2C1_Init	8	static
main.c:1151:13:MX_I2C2_Init	8	static
main.c:1185:13:MX_SPI1_Init	8	static
main.c:1223:13:MX_TIM3_Init	48	static
main.c:1272:13:MX_USART1_UART_Init	8	static
main.c:1305:13:MX_USART2_UART_Init	8	static
main.c:1338:13:MX_GPIO_Init	40	static
main.c:1394:6:Error_Handler	4	static
