main.c:58:5:Serial_Send	16	static
main.c:68:13:wait_for_gpio_state_timeout	32	static,ignoring_inline_asm
main.c:92:13:I2C_ClearBusyFlagErratum	32	static,ignoring_inline_asm
main.c:288:8:MapValue	32	static
main.c:292:8:MapValue2	40	static
main.c:296:6:updateButtons	64	static
main.c:442:6:Serial_Recived	32	static
main.c:542:5:main	152	static
main.c:858:6:SystemClock_Config	88	static
main.c:904:13:MX_ADC1_Init	24	static
main.c:949:13:MX_I2C1_Init	8	static
main.c:983:13:MX_I2C2_Init	8	static
main.c:1017:13:MX_SPI1_Init	8	static
main.c:1055:13:MX_TIM3_Init	48	static
main.c:1104:13:MX_USART1_UART_Init	8	static
main.c:1137:13:MX_USART2_UART_Init	8	static
main.c:1170:13:MX_GPIO_Init	40	static
main.c:1226:6:Error_Handler	4	static
