main.c:76:5:Serial_Send	16	static
main.c:86:13:wait_for_gpio_state_timeout	32	static,ignoring_inline_asm
main.c:109:13:I2C_ClearBusyFlagErratum	32	static,ignoring_inline_asm
main.c:305:8:MapValue	40	static
main.c:312:6:AdsRead	32	static
main.c:344:6:AdcRead	16	static
main.c:358:6:updateButtons	64	static
main.c:412:6:UlToStr	24	static
main.c:424:6:Serial_Recived	32	static
main.c:521:6:Update	64	static
main.c:583:6:Begin	16	static
main.c:590:5:SelectProgram	40	static
main.c:647:6:InitDevice_NRF	104	static
main.c:658:6:InitDevice_MPU	16	static
main.c:669:6:Init_Test	8	static
main.c:678:6:Loop_Test	4	static
main.c:682:6:Init_Gamepad	8	static
main.c:692:6:Loop_Gamepad	8	static
main.c:698:6:Init_SMicromouse	8	static
main.c:708:6:Loop_SMicromouse	80	static
main.c:920:5:main	8	static
main.c:1032:6:SystemClock_Config	88	static
main.c:1078:13:MX_ADC1_Init	24	static
main.c:1136:13:MX_I2C1_Init	8	static
main.c:1170:13:MX_I2C2_Init	8	static
main.c:1204:13:MX_SPI1_Init	8	static
main.c:1242:13:MX_TIM3_Init	48	static
main.c:1291:13:MX_USART1_UART_Init	8	static
main.c:1324:13:MX_USART2_UART_Init	8	static
main.c:1357:13:MX_GPIO_Init	40	static
main.c:1413:6:Error_Handler	4	static
