main.c:58:5:Serial_Send	16	static
main.c:68:13:wait_for_gpio_state_timeout	32	static,ignoring_inline_asm
main.c:92:13:I2C_ClearBusyFlagErratum	32	static,ignoring_inline_asm
main.c:288:8:MapValue	40	static
main.c:295:6:AdsRead	32	static
main.c:327:6:AdcRead	16	static
main.c:340:6:updateButtons	64	static
main.c:397:6:UlToStr	24	static
main.c:409:6:Serial_Recived	32	static
main.c:509:5:main	168	static
main.c:840:6:SystemClock_Config	88	static
main.c:886:13:MX_ADC1_Init	24	static
main.c:944:13:MX_I2C1_Init	8	static
main.c:978:13:MX_I2C2_Init	8	static
main.c:1012:13:MX_SPI1_Init	8	static
main.c:1050:13:MX_TIM3_Init	48	static
main.c:1099:13:MX_USART1_UART_Init	8	static
main.c:1132:13:MX_USART2_UART_Init	8	static
main.c:1165:13:MX_GPIO_Init	40	static
main.c:1221:6:Error_Handler	4	static
