main.c:76:5:Serial_Send	16	static
main.c:86:13:wait_for_gpio_state_timeout	32	static,ignoring_inline_asm
main.c:110:13:I2C_ClearBusyFlagErratum	32	static,ignoring_inline_asm
main.c:306:8:MapValue	40	static
main.c:313:6:AdsRead	32	static
main.c:345:6:AdcRead	16	static
main.c:359:6:updateButtons	64	static
main.c:413:6:UlToStr	24	static
main.c:425:6:Serial_Recived	32	static
main.c:522:6:Update	64	static
main.c:584:6:Begin	16	static
main.c:591:5:SelectProgram	40	static
main.c:648:6:InitDevice_NRF	104	static
main.c:659:6:InitDevice_MPU	16	static
main.c:670:6:Init_Test	8	static
main.c:679:6:Loop_Test	4	static
main.c:683:6:Init_Gamepad	8	static
main.c:693:6:Loop_Gamepad	8	static
main.c:699:6:Init_SMicromouse	8	static
main.c:709:6:Loop_SMicromouse	80	static
main.c:921:5:main	8	static
main.c:1033:6:SystemClock_Config	88	static
main.c:1079:13:MX_ADC1_Init	24	static
main.c:1137:13:MX_I2C1_Init	8	static
main.c:1171:13:MX_I2C2_Init	8	static
main.c:1205:13:MX_SPI1_Init	8	static
main.c:1243:13:MX_TIM3_Init	48	static
main.c:1292:13:MX_USART1_UART_Init	8	static
main.c:1325:13:MX_USART2_UART_Init	8	static
main.c:1358:13:MX_GPIO_Init	40	static
main.c:1414:6:Error_Handler	4	static
