ssd1306.c:47:9:SSD1306_Init	16	static
ssd1306.c:110:6:SSD1306_UpdateScreen	16	static
ssd1306.c:123:6:SSD1306_ToggleInvert	16	static
ssd1306.c:135:6:SSD1306_Fill	16	static
ssd1306.c:140:6:SSD1306_DrawPixel	16	static
ssd1306.c:161:6:SSD1306_DrawIcon16x16	40	static
ssd1306.c:172:6:SSD1306_DrawBitmap	48	static
ssd1306.c:187:6:SSD1306_GotoXY	16	static
ssd1306.c:193:6:SSD1306_Putc	32	static
ssd1306.c:224:6:SSD1306_Puts	24	static
ssd1306.c:242:6:SSD1306_DrawLine	40	static
ssd1306.c:326:6:SSD1306_DrawRectangle	32	static
ssd1306.c:351:6:SSD1306_DrawFilledRectangle	40	static
ssd1306.c:378:6:SSD1306_DrawTriangle	32	static
ssd1306.c:386:6:SSD1306_DrawFilledTriangle	64	static
ssd1306.c:442:6:SSD1306_DrawCircle	40	static
ssd1306.c:476:6:SSD1306_DrawFilledCircle	48	static
ssd1306.c:507:6:SSD1306_ON	8	static
ssd1306.c:512:6:SSD1306_OFF	8	static
ssd1306.c:528:6:ssd1306_I2C_Init	16	static
ssd1306.c:540:6:ssd1306_I2C_WriteMulti	48	dynamic
ssd1306.c:550:6:ssd1306_I2C_Write	32	static
